T5160 000:000.776   SEGGER J-Link V8.12c Log File
T5160 000:000.891   DLL Compiled: Jan 22 2025 12:55:59
T5160 000:000.897   Logging started @ 2025-10-29 06:27
T5160 000:000.903   Process: C:\Users\jin05\.eclipse\com.renesas.platform_1309835749\DebugComp\RA\e2-server-gdb.exe
T5160 000:000.913 - 0.909ms 
T5160 000:000.927 JLINK_GetDLLVersion()
T5160 000:000.954 - 0.026ms returns 81203
T5160 000:003.327 JLINK_OpenEx(...)
T5160 000:010.360   Firmware: J-Link OB-RA4M2 compiled Jan 22 2025 10:52:12
T5160 000:010.877   Firmware: J-Link OB-RA4M2 compiled Jan 22 2025 10:52:12
T5160 000:024.465   Hardware: V1.00
T5160 000:024.489   S/N: 1089377730
T5160 000:024.497   OEM: SEGGER
T5160 000:024.504   Feature(s): None
T5160 000:026.541   Bootloader: 2021 May 14
T5160 000:026.971   USB speed mode: Full speed (12 MBit/s)
T5160 000:027.350   TELNET listener socket opened on port 19021
T5160 000:027.499   WEBSRV WEBSRV_Init(): Starting webserver thread(s)
T5160 000:027.752   WEBSRV Webserver running on local port 19080
T5160 000:027.942   Looking for J-Link GUI Server exe at: C:\Users\jin05\.eclipse\com.renesas.platform_1309835749\DebugComp\RA\ARM\Segger_v8.12.3\JLinkGUIServer.exe
T5160 000:028.080   Looking for J-Link GUI Server exe at: C:\Program Files\SEGGER\JLink_V864a\JLinkGUIServer.exe
T5160 000:028.111   Forking J-Link GUI Server: C:\Program Files\SEGGER\JLink_V864a\JLinkGUIServer.exe
T5160 000:049.853   J-Link GUI Server info: "J-Link GUI server V8.64a "
T5160 000:052.765 - 49.435ms returns "O.K."
T5160 000:052.855 JLINK_TIF_Select(JLINKARM_TIF_SWD)
T5160 000:054.472 - 1.616ms returns 0x00
T5160 000:054.491 JLINK_ClrRESET()
T5160 000:054.723 - 0.231ms 
T5160 000:105.084 JLINK_SetSpeed(1500)
T5160 000:105.322 - 0.244ms 
T5160 000:105.341 JLINK_CORESIGHT_Configure(PerformTIFInit=0)
T5160 000:105.898 - 0.560ms returns 0
T5160 000:105.918 JLINK_CORESIGHT_ReadAPDPReg(DP reg 0x00)
T5160 000:106.533   Value=0x6BA02477
T5160 000:106.546 - 0.630ms returns 0
T5160 000:106.557 JLINK_CORESIGHT_WriteAPDPReg(DP reg 0x00, 0x0000001F)
T5160 000:106.889 - 0.331ms returns 0
T5160 000:106.907 JLINK_CORESIGHT_ReadAPDPReg(DP reg 0x00)
T5160 000:107.220   Value=0x6BA02477
T5160 000:107.234 - 0.327ms returns 0
T5160 000:107.245 JLINK_CORESIGHT_WriteAPDPReg(DP reg 0x02, 0x00000000)
T5160 000:107.584 - 0.339ms returns 0
T5160 000:107.601 JLINK_CORESIGHT_WriteAPDPReg(DP reg 0x01, 0x50000000)
T5160 000:107.929 - 0.328ms returns 0
T5160 000:107.952 JLINK_CORESIGHT_ReadAPDPReg(DP reg 0x01)
T5160 000:108.323   Value=0xF0000040
T5160 000:108.337 - 0.385ms returns 0
T5160 000:108.349 JLINK_CORESIGHT_WriteAPDPReg(DP reg 0x00, 0x0000001F)
T5160 000:108.576 - 0.226ms returns 0
T5160 000:108.593 JLINK_CORESIGHT_ReadAPDPReg(DP reg 0x00)
T5160 000:108.816   Value=0x6BA02477
T5160 000:108.830 - 0.236ms returns 0
T5160 000:108.842 JLINK_CORESIGHT_WriteAPDPReg(DP reg 0x01, 0x54000000)
T5160 000:109.065 - 0.223ms returns 0
T5160 000:109.083 JLINK_CORESIGHT_WriteAPDPReg(DP reg 0x01, 0x50000F00)
T5160 000:109.310 - 0.226ms returns 0
T5160 000:109.327 JLINK_CORESIGHT_WriteAPDPReg(DP reg 0x02, 0x01000000)
T5160 000:109.552 - 0.224ms returns 0
T5160 000:109.570 JLINK_CORESIGHT_WriteAPDPReg(AP reg 0x00, 0x80000002)
T5160 000:109.769 - 0.199ms returns 0
T5160 000:109.786 JLINK_CORESIGHT_WriteAPDPReg(AP reg 0x01, 0x80011100)
T5160 000:109.971 - 0.185ms returns 0
T5160 000:109.989 JLINK_CORESIGHT_WriteAPDPReg(AP reg 0x03, 0x000000A5)
T5160 000:110.172 - 0.183ms returns 0
T5160 000:110.184 JLINK_CORESIGHT_WriteAPDPReg(AP reg 0x00, 0x80000002)
T5160 000:110.347 - 0.163ms returns 0
T5160 000:110.356 JLINK_CORESIGHT_WriteAPDPReg(AP reg 0x01, 0x80011100)
T5160 000:110.536 - 0.180ms returns 0
T5160 000:110.549 JLINK_CORESIGHT_ReadAPDPReg(AP reg 0x03)
T5160 000:110.872   Value=0x000000A5
T5160 000:110.886 - 0.336ms returns 0
T5160 000:110.898 JLINK_ClrTMS()
T5160 000:111.041 - 0.141ms 
T5160 000:116.208 JLINK_SetTCK()
T5160 000:116.297 - 0.089ms returns 0
T5160 000:122.242 JLINK_SetRESET()
T5160 000:122.453 - 0.211ms 
T5160 000:323.449 JLINK_CORESIGHT_WriteAPDPReg(AP reg 0x00, 0x80000002)
T5160 000:323.893 - 0.443ms returns 0
T5160 000:323.912 JLINK_CORESIGHT_WriteAPDPReg(AP reg 0x01, 0x80011100)
T5160 000:325.493 - 1.579ms returns 0
T5160 000:325.539 JLINK_CORESIGHT_ReadAPDPReg(AP reg 0x03)
T5160 000:325.996   Value=0x00000000
T5160 000:326.014 - 0.475ms returns 0
T5160 000:326.024 JLINK_CORESIGHT_WriteAPDPReg(AP reg 0x00, 0x80000002)
T5160 000:326.382 - 0.357ms returns 0
T5160 000:326.405 JLINK_CORESIGHT_WriteAPDPReg(AP reg 0x01, 0x80011140)
T5160 000:326.818 - 0.412ms returns 0
T5160 000:326.842 JLINK_CORESIGHT_ReadAPDPReg(AP reg 0x03)
T5160 000:327.226   Value=0x00000002
T5160 000:327.238 - 0.396ms returns 0
T5160 000:327.252 JLINK_CORESIGHT_WriteAPDPReg(AP reg 0x00, 0x80000002)
T5160 000:327.610 - 0.358ms returns 0
T5160 000:327.623 JLINK_CORESIGHT_WriteAPDPReg(AP reg 0x01, 0x80011120)
T5160 000:327.928 - 0.304ms returns 0
T5160 000:327.941 JLINK_CORESIGHT_WriteAPDPReg(AP reg 0x03, 0x00000055)
T5160 000:328.336 - 0.395ms returns 0
T5160 000:328.349 JLINK_CORESIGHT_WriteAPDPReg(AP reg 0x00, 0x80000002)
T5160 000:328.669 - 0.320ms returns 0
T5160 000:328.703 JLINK_CORESIGHT_WriteAPDPReg(AP reg 0x01, 0x80011140)
T5160 000:329.015 - 0.312ms returns 0
T5160 000:329.028 JLINK_CORESIGHT_ReadAPDPReg(AP reg 0x03)
T5160 000:329.390   Value=0x00000000
T5160 000:329.402 - 0.374ms returns 0
T5160 000:329.410 JLINK_CORESIGHT_WriteAPDPReg(AP reg 0x00, 0x80000002)
T5160 000:329.792 - 0.382ms returns 0
T5160 000:329.806 JLINK_CORESIGHT_WriteAPDPReg(AP reg 0x01, 0x80011130)
T5160 000:330.161 - 0.354ms returns 0
T5160 000:330.175 JLINK_CORESIGHT_ReadAPDPReg(AP reg 0x03)
T5160 000:330.511   Value=0x000000C6
T5160 000:330.525 - 0.349ms returns 0
T5160 000:330.541 JLINK_CORESIGHT_WriteAPDPReg(AP reg 0x00, 0x80000002)
T5160 000:330.913 - 0.372ms returns 0
T5160 000:330.928 JLINK_CORESIGHT_WriteAPDPReg(AP reg 0x01, 0x80011140)
T5160 000:331.256 - 0.328ms returns 0
T5160 000:331.271 JLINK_CORESIGHT_ReadAPDPReg(AP reg 0x03)
T5160 000:331.653   Value=0x00000002
T5160 000:331.667 - 0.396ms returns 0
T5160 000:331.674 JLINK_CORESIGHT_WriteAPDPReg(AP reg 0x00, 0x80000002)
T5160 000:333.970 - 2.295ms returns 0
T5160 000:333.986 JLINK_CORESIGHT_WriteAPDPReg(AP reg 0x01, 0x80011120)
T5160 000:334.231 - 0.245ms returns 0
T5160 000:334.245 JLINK_CORESIGHT_WriteAPDPReg(AP reg 0x03, 0x3A010001)
T5160 000:334.459 - 0.214ms returns 0
T5160 000:334.474 JLINK_CORESIGHT_WriteAPDPReg(AP reg 0x00, 0x80000002)
T5160 000:334.705 - 0.231ms returns 0
T5160 000:334.720 JLINK_CORESIGHT_WriteAPDPReg(AP reg 0x01, 0x80011140)
T5160 000:334.957 - 0.236ms returns 0
T5160 000:334.971 JLINK_CORESIGHT_ReadAPDPReg(AP reg 0x03)
T5160 000:335.182   Value=0x00000002
T5160 000:335.196 - 0.225ms returns 0
T5160 000:335.204 JLINK_CORESIGHT_WriteAPDPReg(AP reg 0x00, 0x80000002)
T5160 000:335.410 - 0.205ms returns 0
T5160 000:335.417 JLINK_CORESIGHT_WriteAPDPReg(AP reg 0x01, 0x80011120)
T5160 000:335.670 - 0.252ms returns 0
T5160 000:335.687 JLINK_CORESIGHT_WriteAPDPReg(AP reg 0x03, 0x000003C5)
T5160 000:335.849 - 0.162ms returns 0
T5160 000:335.857 JLINK_CORESIGHT_WriteAPDPReg(AP reg 0x00, 0x80000002)
T5160 000:336.019 - 0.161ms returns 0
T5160 000:336.027 JLINK_CORESIGHT_WriteAPDPReg(AP reg 0x01, 0x80011140)
T5160 000:336.188 - 0.161ms returns 0
T5160 000:336.197 JLINK_CORESIGHT_ReadAPDPReg(AP reg 0x03)
T5160 000:336.407   Value=0x00000002
T5160 000:336.416 - 0.219ms returns 0
T5160 000:336.423 JLINK_CORESIGHT_ReadAPDPReg(AP reg 0x03)
T5160 000:336.674   Value=0x00000002
T5160 000:336.682 - 0.259ms returns 0
T5160 000:336.689 JLINK_CORESIGHT_ReadAPDPReg(AP reg 0x03)
T5160 000:336.899   Value=0x00000002
T5160 000:336.907 - 0.218ms returns 0
T5160 000:336.914 JLINK_CORESIGHT_ReadAPDPReg(AP reg 0x03)
T5160 000:337.154   Value=0x00000002
T5160 000:337.163 - 0.249ms returns 0
T5160 000:337.169 JLINK_CORESIGHT_ReadAPDPReg(AP reg 0x03)
T5160 000:337.379   Value=0x00000002
T5160 000:337.387 - 0.218ms returns 0
T5160 000:337.394 JLINK_CORESIGHT_ReadAPDPReg(AP reg 0x03)
T5160 000:337.663   Value=0x00000002
T5160 000:337.671 - 0.277ms returns 0
T5160 000:337.678 JLINK_CORESIGHT_ReadAPDPReg(AP reg 0x03)
T5160 000:337.887   Value=0x00000002
T5160 000:337.895 - 0.217ms returns 0
T5160 000:337.902 JLINK_CORESIGHT_ReadAPDPReg(AP reg 0x03)
T5160 000:338.111   Value=0x00000002
T5160 000:338.120 - 0.218ms returns 0
T5160 000:338.127 JLINK_CORESIGHT_ReadAPDPReg(AP reg 0x03)
T5160 000:338.338   Value=0x00000002
T5160 000:338.347 - 0.220ms returns 0
T5160 000:338.354 JLINK_CORESIGHT_ReadAPDPReg(AP reg 0x03)
T5160 000:338.564   Value=0x00000002
T5160 000:338.573 - 0.219ms returns 0
T5160 000:338.580 JLINK_CORESIGHT_ReadAPDPReg(AP reg 0x03)
T5160 000:338.822   Value=0x00000002
T5160 000:338.831 - 0.251ms returns 0
T5160 000:338.838 JLINK_CORESIGHT_ReadAPDPReg(AP reg 0x03)
T5160 000:339.048   Value=0x00000002
T5160 000:339.058 - 0.220ms returns 0
T5160 000:339.065 JLINK_CORESIGHT_ReadAPDPReg(AP reg 0x03)
T5160 000:339.278   Value=0x00000002
T5160 000:339.287 - 0.221ms returns 0
T5160 000:339.294 JLINK_CORESIGHT_ReadAPDPReg(AP reg 0x03)
T5160 000:339.504   Value=0x00000002
T5160 000:339.513 - 0.219ms returns 0
T5160 000:339.520 JLINK_CORESIGHT_ReadAPDPReg(AP reg 0x03)
T5160 000:339.741   Value=0x00000002
T5160 000:339.755 - 0.234ms returns 0
T5160 000:339.763 JLINK_CORESIGHT_ReadAPDPReg(AP reg 0x03)
T5160 000:339.980   Value=0x00000002
T5160 000:339.992 - 0.228ms returns 0
T5160 000:339.998 JLINK_CORESIGHT_ReadAPDPReg(AP reg 0x03)
T5160 000:340.222   Value=0x00000000
T5160 000:340.239 - 0.240ms returns 0
T5160 000:340.248 JLINK_CORESIGHT_WriteAPDPReg(AP reg 0x00, 0x80000002)
T5160 000:340.416 - 0.168ms returns 0
T5160 000:340.426 JLINK_CORESIGHT_WriteAPDPReg(AP reg 0x01, 0x80011130)
T5160 000:340.664 - 0.238ms returns 0
T5160 000:340.672 JLINK_CORESIGHT_ReadAPDPReg(AP reg 0x03)
T5160 000:340.907   Value=0x3A2A0081
T5160 000:340.917 - 0.244ms returns 0
T5160 000:340.924 JLINK_CORESIGHT_WriteAPDPReg(AP reg 0x00, 0x80000002)
T5160 000:341.087 - 0.163ms returns 0
T5160 000:341.097 JLINK_CORESIGHT_WriteAPDPReg(AP reg 0x01, 0x80011140)
T5160 000:341.258 - 0.161ms returns 0
T5160 000:341.267 JLINK_CORESIGHT_ReadAPDPReg(AP reg 0x03)
T5160 000:341.478   Value=0x00000000
T5160 000:341.488 - 0.220ms returns 0
T5160 000:341.495 JLINK_CORESIGHT_WriteAPDPReg(AP reg 0x00, 0x80000002)
T5160 000:341.663 - 0.168ms returns 0
T5160 000:341.672 JLINK_CORESIGHT_WriteAPDPReg(AP reg 0x01, 0x80011130)
T5160 000:341.833 - 0.161ms returns 0
T5160 000:341.842 JLINK_CORESIGHT_ReadAPDPReg(AP reg 0x03)
T5160 000:342.051   Value=0x808D5B00
T5160 000:342.060 - 0.218ms returns 0
T5160 000:342.073 JLINK_CORESIGHT_WriteAPDPReg(AP reg 0x00, 0x80000002)
T5160 000:342.250 - 0.176ms returns 0
T5160 000:342.261 JLINK_CORESIGHT_WriteAPDPReg(AP reg 0x01, 0x80011140)
T5160 000:342.438 - 0.177ms returns 0
T5160 000:342.448 JLINK_CORESIGHT_ReadAPDPReg(AP reg 0x03)
T5160 000:342.688   Value=0x00000000
T5160 000:342.699 - 0.251ms returns 0
T5160 000:342.708 JLINK_CORESIGHT_WriteAPDPReg(AP reg 0x00, 0x80000002)
T5160 000:342.884 - 0.176ms returns 0
T5160 000:342.895 JLINK_CORESIGHT_WriteAPDPReg(AP reg 0x01, 0x80011130)
T5160 000:343.076 - 0.180ms returns 0
T5160 000:343.088 JLINK_CORESIGHT_ReadAPDPReg(AP reg 0x03)
T5160 000:343.318   Value=0x0603030B
T5160 000:343.329 - 0.241ms returns 0
T5160 000:343.338 JLINK_CORESIGHT_WriteAPDPReg(AP reg 0x00, 0x80000002)
T5160 000:343.517 - 0.179ms returns 0
T5160 000:343.528 JLINK_CORESIGHT_WriteAPDPReg(AP reg 0x01, 0x80011140)
T5160 000:343.727 - 0.198ms returns 0
T5160 000:343.741 JLINK_CORESIGHT_ReadAPDPReg(AP reg 0x03)
T5160 000:343.980   Value=0x00000000
T5160 000:343.989 - 0.248ms returns 0
T5160 000:343.998 JLINK_CORESIGHT_WriteAPDPReg(AP reg 0x00, 0x80000002)
T5160 000:344.252 - 0.253ms returns 0
T5160 000:344.272 JLINK_CORESIGHT_WriteAPDPReg(AP reg 0x01, 0x80011130)
T5160 000:344.498 - 0.225ms returns 0
T5160 000:344.515 JLINK_CORESIGHT_ReadAPDPReg(AP reg 0x03)
T5160 000:344.781   Value=0x2E4B4E20
T5160 000:344.799 - 0.283ms returns 0
T5160 000:344.810 JLINK_CORESIGHT_WriteAPDPReg(AP reg 0x00, 0x80000002)
T5160 000:345.042 - 0.231ms returns 0
T5160 000:345.060 JLINK_CORESIGHT_WriteAPDPReg(AP reg 0x01, 0x80011140)
T5160 000:345.275 - 0.215ms returns 0
T5160 000:345.293 JLINK_CORESIGHT_ReadAPDPReg(AP reg 0x03)
T5160 000:345.561   Value=0x00000000
T5160 000:345.575 - 0.282ms returns 0
T5160 000:345.587 JLINK_CORESIGHT_WriteAPDPReg(AP reg 0x00, 0x80000002)
T5160 000:345.823 - 0.236ms returns 0
T5160 000:345.841 JLINK_CORESIGHT_WriteAPDPReg(AP reg 0x01, 0x80011130)
T5160 000:346.061 - 0.220ms returns 0
T5160 000:346.079 JLINK_CORESIGHT_ReadAPDPReg(AP reg 0x03)
T5160 000:346.349   Value=0x4E655092
T5160 000:346.362 - 0.283ms returns 0
T5160 000:346.374 JLINK_CORESIGHT_WriteAPDPReg(AP reg 0x00, 0x80000002)
T5160 000:346.577 - 0.203ms returns 0
T5160 000:346.595 JLINK_CORESIGHT_WriteAPDPReg(AP reg 0x01, 0x80011140)
T5160 000:346.824 - 0.228ms returns 0
T5160 000:346.843 JLINK_CORESIGHT_ReadAPDPReg(AP reg 0x03)
T5160 000:347.103   Value=0x00000000
T5160 000:347.117 - 0.274ms returns 0
T5160 000:347.129 JLINK_CORESIGHT_WriteAPDPReg(AP reg 0x00, 0x80000002)
T5160 000:347.335 - 0.206ms returns 0
T5160 000:347.353 JLINK_CORESIGHT_WriteAPDPReg(AP reg 0x01, 0x80011130)
T5160 000:347.565 - 0.211ms returns 0
T5160 000:347.583 JLINK_CORESIGHT_ReadAPDPReg(AP reg 0x03)
T5160 000:347.865   Value=0x34503036
T5160 000:347.879 - 0.295ms returns 0
T5160 000:347.893 JLINK_CORESIGHT_WriteAPDPReg(AP reg 0x00, 0x80000002)
T5160 000:348.188 - 0.294ms returns 0
T5160 000:348.203 JLINK_CORESIGHT_WriteAPDPReg(AP reg 0x01, 0x80011140)
T5160 000:348.373 - 0.169ms returns 0
T5160 000:348.389 JLINK_CORESIGHT_ReadAPDPReg(AP reg 0x03)
T5160 000:348.666   Value=0x00000000
T5160 000:348.674 - 0.284ms returns 0
T5160 000:348.684 JLINK_CORESIGHT_WriteAPDPReg(AP reg 0x00, 0x80000002)
T5160 000:348.850 - 0.166ms returns 0
T5160 000:348.860 JLINK_CORESIGHT_WriteAPDPReg(AP reg 0x01, 0x80011130)
T5160 000:349.021 - 0.161ms returns 0
T5160 000:349.031 JLINK_CORESIGHT_ReadAPDPReg(AP reg 0x03)
T5160 000:349.242   Value=0x6C142D36
T5160 000:349.255 - 0.224ms returns 0
T5160 000:349.264 JLINK_CORESIGHT_WriteAPDPReg(AP reg 0x00, 0x80000002)
T5160 000:349.434 - 0.170ms returns 0
T5160 000:349.446 JLINK_CORESIGHT_WriteAPDPReg(AP reg 0x01, 0x80011140)
T5160 000:349.664 - 0.217ms returns 0
T5160 000:349.676 JLINK_CORESIGHT_ReadAPDPReg(AP reg 0x03)
T5160 000:349.915   Value=0x00000000
T5160 000:349.925 - 0.248ms returns 0
T5160 000:349.934 JLINK_CORESIGHT_WriteAPDPReg(AP reg 0x00, 0x80000002)
T5160 000:350.096 - 0.162ms returns 0
T5160 000:350.107 JLINK_CORESIGHT_WriteAPDPReg(AP reg 0x01, 0x80011130)
T5160 000:350.270 - 0.163ms returns 0
T5160 000:350.281 JLINK_CORESIGHT_ReadAPDPReg(AP reg 0x03)
T5160 000:350.494   Value=0x46375299
T5160 000:350.503 - 0.222ms returns 0
T5160 000:350.512 JLINK_CORESIGHT_WriteAPDPReg(AP reg 0x00, 0x80000002)
T5160 000:350.688 - 0.175ms returns 0
T5160 000:350.699 JLINK_CORESIGHT_WriteAPDPReg(AP reg 0x01, 0x80011140)
T5160 000:350.860 - 0.161ms returns 0
T5160 000:350.872 JLINK_CORESIGHT_ReadAPDPReg(AP reg 0x03)
T5160 000:351.084   Value=0x00000000
T5160 000:351.093 - 0.221ms returns 0
T5160 000:351.102 JLINK_CORESIGHT_WriteAPDPReg(AP reg 0x00, 0x80000002)
T5160 000:351.264 - 0.161ms returns 0
T5160 000:351.275 JLINK_CORESIGHT_WriteAPDPReg(AP reg 0x01, 0x80011130)
T5160 000:351.438 - 0.162ms returns 0
T5160 000:351.449 JLINK_CORESIGHT_ReadAPDPReg(AP reg 0x03)
T5160 000:351.670   Value=0x31443841
T5160 000:351.679 - 0.229ms returns 0
T5160 000:351.688 JLINK_CORESIGHT_WriteAPDPReg(AP reg 0x00, 0x80000002)
T5160 000:351.847 - 0.159ms returns 0
T5160 000:351.859 JLINK_CORESIGHT_WriteAPDPReg(AP reg 0x01, 0x80011140)
T5160 000:352.020 - 0.160ms returns 0
T5160 000:352.032 JLINK_CORESIGHT_ReadAPDPReg(AP reg 0x03)
T5160 000:352.244   Value=0x00000000
T5160 000:352.254 - 0.221ms returns 0
T5160 000:352.263 JLINK_CORESIGHT_WriteAPDPReg(AP reg 0x00, 0x80000002)
T5160 000:352.474 - 0.211ms returns 0
T5160 000:352.490 JLINK_CORESIGHT_WriteAPDPReg(AP reg 0x01, 0x80011130)
T5160 000:352.664 - 0.173ms returns 0
T5160 000:352.675 JLINK_CORESIGHT_ReadAPDPReg(AP reg 0x03)
T5160 000:352.915   Value=0x43454842
T5160 000:352.925 - 0.249ms returns 0
T5160 000:352.934 JLINK_CORESIGHT_WriteAPDPReg(AP reg 0x00, 0x80000002)
T5160 000:353.098 - 0.164ms returns 0
T5160 000:353.109 JLINK_CORESIGHT_WriteAPDPReg(AP reg 0x01, 0x80011140)
T5160 000:353.272 - 0.162ms returns 0
T5160 000:353.284 JLINK_CORESIGHT_ReadAPDPReg(AP reg 0x03)
T5160 000:353.498   Value=0x00000000
T5160 000:353.508 - 0.224ms returns 0
T5160 000:353.561 JLINK_CORESIGHT_WriteAPDPReg(AP reg 0x00, 0x80000002)
T5160 000:353.775 - 0.257ms returns 0
T5160 000:353.790 JLINK_CORESIGHT_WriteAPDPReg(AP reg 0x01, 0x80011130)
T5160 000:353.962 - 0.171ms returns 0
T5160 000:353.974 JLINK_CORESIGHT_ReadAPDPReg(AP reg 0x03)
T5160 000:354.190   Value=0x20204442
T5160 000:354.200 - 0.225ms returns 0
T5160 000:354.208 JLINK_CORESIGHT_WriteAPDPReg(AP reg 0x00, 0x80000002)
T5160 000:354.371 - 0.162ms returns 0
T5160 000:354.383 JLINK_CORESIGHT_WriteAPDPReg(AP reg 0x01, 0x80011140)
T5160 000:354.542 - 0.159ms returns 0
T5160 000:354.553 JLINK_CORESIGHT_ReadAPDPReg(AP reg 0x03)
T5160 000:354.846   Value=0x00000000
T5160 000:354.856 - 0.302ms returns 0
T5160 000:354.867 JLINK_CORESIGHT_WriteAPDPReg(AP reg 0x00, 0x80000002)
T5160 000:355.109 - 0.241ms returns 0
T5160 000:355.129 JLINK_CORESIGHT_WriteAPDPReg(AP reg 0x01, 0x80011130)
T5160 000:355.333 - 0.203ms returns 0
T5160 000:355.352 JLINK_CORESIGHT_ReadAPDPReg(AP reg 0x03)
T5160 000:355.612   Value=0x00038620
T5160 000:355.626 - 0.273ms returns 0
T5160 000:356.333 JLINK_CORESIGHT_WriteAPDPReg(AP reg 0x00, 0x80000002)
T5160 000:356.579 - 0.245ms returns 0
T5160 000:356.593 JLINK_CORESIGHT_WriteAPDPReg(AP reg 0x01, 0x80011140)
T5160 000:356.808 - 0.214ms returns 0
T5160 000:356.822 JLINK_CORESIGHT_ReadAPDPReg(AP reg 0x03)
T5160 000:357.038   Value=0x00000002
T5160 000:357.046 - 0.224ms returns 0
T5160 000:357.053 JLINK_CORESIGHT_WriteAPDPReg(AP reg 0x00, 0x80000002)
T5160 000:357.300 - 0.247ms returns 0
T5160 000:357.315 JLINK_CORESIGHT_WriteAPDPReg(AP reg 0x01, 0x80011120)
T5160 000:357.525 - 0.209ms returns 0
T5160 000:357.539 JLINK_CORESIGHT_WriteAPDPReg(AP reg 0x03, 0x2C010001)
T5160 000:357.759 - 0.220ms returns 0
T5160 000:357.774 JLINK_CORESIGHT_WriteAPDPReg(AP reg 0x00, 0x80000002)
T5160 000:357.983 - 0.209ms returns 0
T5160 000:357.997 JLINK_CORESIGHT_WriteAPDPReg(AP reg 0x01, 0x80011140)
T5160 000:358.201 - 0.204ms returns 0
T5160 000:358.216 JLINK_CORESIGHT_ReadAPDPReg(AP reg 0x03)
T5160 000:358.469   Value=0x00000002
T5160 000:358.483 - 0.267ms returns 0
T5160 000:358.491 JLINK_CORESIGHT_WriteAPDPReg(AP reg 0x00, 0x80000002)
T5160 000:358.730 - 0.238ms returns 0
T5160 000:358.744 JLINK_CORESIGHT_WriteAPDPReg(AP reg 0x01, 0x80011120)
T5160 000:358.946 - 0.201ms returns 0
T5160 000:358.960 JLINK_CORESIGHT_WriteAPDPReg(AP reg 0x03, 0x000003D3)
T5160 000:359.172 - 0.212ms returns 0
T5160 000:359.186 JLINK_CORESIGHT_WriteAPDPReg(AP reg 0x00, 0x80000002)
T5160 000:359.389 - 0.202ms returns 0
T5160 000:359.403 JLINK_CORESIGHT_WriteAPDPReg(AP reg 0x01, 0x80011140)
T5160 000:359.612 - 0.208ms returns 0
T5160 000:359.626 JLINK_CORESIGHT_ReadAPDPReg(AP reg 0x03)
T5160 000:359.871   Value=0x00000002
T5160 000:359.880 - 0.254ms returns 0
T5160 000:359.886 JLINK_CORESIGHT_ReadAPDPReg(AP reg 0x03)
T5160 000:360.212   Value=0x00000002
T5160 000:360.226 - 0.340ms returns 0
T5160 000:360.234 JLINK_CORESIGHT_ReadAPDPReg(AP reg 0x03)
T5160 000:360.505   Value=0x00000002
T5160 000:360.519 - 0.284ms returns 0
T5160 000:360.527 JLINK_CORESIGHT_ReadAPDPReg(AP reg 0x03)
T5160 000:360.787   Value=0x00000002
T5160 000:360.801 - 0.273ms returns 0
T5160 000:360.809 JLINK_CORESIGHT_ReadAPDPReg(AP reg 0x03)
T5160 000:361.044   Value=0x00000002
T5160 000:361.058 - 0.249ms returns 0
T5160 000:361.066 JLINK_CORESIGHT_ReadAPDPReg(AP reg 0x03)
T5160 000:361.378   Value=0x00000000
T5160 000:361.394 - 0.327ms returns 0
T5160 000:361.402 JLINK_CORESIGHT_WriteAPDPReg(AP reg 0x00, 0x80000002)
T5160 000:361.619 - 0.217ms returns 0
T5160 000:361.633 JLINK_CORESIGHT_WriteAPDPReg(AP reg 0x01, 0x80011130)
T5160 000:361.804 - 0.171ms returns 0
T5160 000:361.814 JLINK_CORESIGHT_ReadAPDPReg(AP reg 0x03)
T5160 000:362.032   Value=0x2C020081
T5160 000:362.046 - 0.231ms returns 0
T5160 000:362.054 JLINK_CORESIGHT_WriteAPDPReg(AP reg 0x00, 0x80000002)
T5160 000:362.214 - 0.160ms returns 0
T5160 000:362.222 JLINK_CORESIGHT_WriteAPDPReg(AP reg 0x01, 0x80011140)
T5160 000:362.384 - 0.161ms returns 0
T5160 000:362.394 JLINK_CORESIGHT_ReadAPDPReg(AP reg 0x03)
T5160 000:362.663   Value=0x00000000
T5160 000:362.671 - 0.277ms returns 0
T5160 000:362.678 JLINK_CORESIGHT_WriteAPDPReg(AP reg 0x00, 0x80000002)
T5160 000:362.838 - 0.159ms returns 0
T5160 000:362.846 JLINK_CORESIGHT_WriteAPDPReg(AP reg 0x01, 0x80011130)
T5160 000:363.028 - 0.182ms returns 0
T5160 000:363.035 JLINK_CORESIGHT_ReadAPDPReg(AP reg 0x03)
T5160 000:363.264   Value=0x0003CE04
T5160 000:363.277 - 0.242ms returns 0
T5160 000:363.288 JLINK_CORESIGHT_WriteAPDPReg(AP reg 0x00, 0x80000002)
T5160 000:363.456 - 0.168ms returns 0
T5160 000:363.466 JLINK_CORESIGHT_WriteAPDPReg(AP reg 0x01, 0x80011140)
T5160 000:363.691 - 0.225ms returns 0
T5160 000:363.698 JLINK_CORESIGHT_ReadAPDPReg(AP reg 0x03)
T5160 000:363.930   Value=0x00000002
T5160 000:363.939 - 0.241ms returns 0
T5160 000:363.946 JLINK_CORESIGHT_WriteAPDPReg(AP reg 0x00, 0x80000002)
T5160 000:364.106 - 0.160ms returns 0
T5160 000:364.114 JLINK_CORESIGHT_WriteAPDPReg(AP reg 0x01, 0x80011120)
T5160 000:364.271 - 0.156ms returns 0
T5160 000:364.279 JLINK_CORESIGHT_WriteAPDPReg(AP reg 0x03, 0x73010001)
T5160 000:364.439 - 0.160ms returns 0
T5160 000:364.447 JLINK_CORESIGHT_WriteAPDPReg(AP reg 0x00, 0x80000002)
T5160 000:364.662 - 0.215ms returns 0
T5160 000:364.670 JLINK_CORESIGHT_WriteAPDPReg(AP reg 0x01, 0x80011140)
T5160 000:364.855 - 0.185ms returns 0
T5160 000:364.864 JLINK_CORESIGHT_ReadAPDPReg(AP reg 0x03)
T5160 000:365.074   Value=0x00000002
T5160 000:365.082 - 0.218ms returns 0
T5160 000:365.089 JLINK_CORESIGHT_WriteAPDPReg(AP reg 0x00, 0x80000002)
T5160 000:365.359 - 0.269ms returns 0
T5160 000:365.371 JLINK_CORESIGHT_WriteAPDPReg(AP reg 0x01, 0x80011120)
T5160 000:365.593 - 0.222ms returns 0
T5160 000:365.605 JLINK_CORESIGHT_WriteAPDPReg(AP reg 0x03, 0x0000038C)
T5160 000:365.854 - 0.249ms returns 0
T5160 000:365.870 JLINK_CORESIGHT_WriteAPDPReg(AP reg 0x00, 0x80000002)
T5160 000:366.086 - 0.216ms returns 0
T5160 000:366.100 JLINK_CORESIGHT_WriteAPDPReg(AP reg 0x01, 0x80011140)
T5160 000:366.309 - 0.209ms returns 0
T5160 000:366.324 JLINK_CORESIGHT_ReadAPDPReg(AP reg 0x03)
T5160 000:366.585   Value=0x00000002
T5160 000:366.599 - 0.274ms returns 0
T5160 000:366.607 JLINK_CORESIGHT_ReadAPDPReg(AP reg 0x03)
T5160 000:366.884   Value=0x00000002
T5160 000:366.898 - 0.291ms returns 0
T5160 000:366.906 JLINK_CORESIGHT_ReadAPDPReg(AP reg 0x03)
T5160 000:367.174   Value=0x00000000
T5160 000:367.188 - 0.282ms returns 0
T5160 000:367.196 JLINK_CORESIGHT_WriteAPDPReg(AP reg 0x00, 0x80000002)
T5160 000:367.404 - 0.207ms returns 0
T5160 000:367.418 JLINK_CORESIGHT_WriteAPDPReg(AP reg 0x01, 0x80011130)
T5160 000:367.640 - 0.221ms returns 0
T5160 000:367.654 JLINK_CORESIGHT_ReadAPDPReg(AP reg 0x03)
T5160 000:367.934   Value=0x73020081
T5160 000:367.948 - 0.294ms returns 0
T5160 000:367.956 JLINK_CORESIGHT_WriteAPDPReg(AP reg 0x00, 0x80000002)
T5160 000:368.126 - 0.170ms returns 0
T5160 000:368.138 JLINK_CORESIGHT_WriteAPDPReg(AP reg 0x01, 0x80011140)
T5160 000:368.314 - 0.175ms returns 0
T5160 000:368.328 JLINK_CORESIGHT_ReadAPDPReg(AP reg 0x03)
T5160 000:368.556   Value=0x00000000
T5160 000:368.565 - 0.237ms returns 0
T5160 000:368.572 JLINK_CORESIGHT_WriteAPDPReg(AP reg 0x00, 0x80000002)
T5160 000:368.772 - 0.199ms returns 0
T5160 000:368.779 JLINK_CORESIGHT_WriteAPDPReg(AP reg 0x01, 0x80011130)
T5160 000:368.943 - 0.163ms returns 0
T5160 000:368.952 JLINK_CORESIGHT_ReadAPDPReg(AP reg 0x03)
T5160 000:369.161   Value=0x00038902
T5160 000:369.169 - 0.217ms returns 0
T5160 000:369.178 JLINK_CORESIGHT_WriteAPDPReg(AP reg 0x00, 0x80000002)
T5160 000:369.340 - 0.162ms returns 0
T5160 000:369.347 JLINK_CORESIGHT_WriteAPDPReg(AP reg 0x01, 0x80011140)
T5160 000:369.509 - 0.162ms returns 0
T5160 000:369.516 JLINK_CORESIGHT_ReadAPDPReg(AP reg 0x03)
T5160 000:369.739   Value=0x00000002
T5160 000:369.747 - 0.231ms returns 0
T5160 000:369.754 JLINK_CORESIGHT_WriteAPDPReg(AP reg 0x00, 0x80000002)
T5160 000:369.915 - 0.161ms returns 0
T5160 000:369.922 JLINK_CORESIGHT_WriteAPDPReg(AP reg 0x01, 0x80011120)
T5160 000:370.097 - 0.175ms returns 0
T5160 000:370.104 JLINK_CORESIGHT_WriteAPDPReg(AP reg 0x03, 0x75010001)
T5160 000:370.270 - 0.165ms returns 0
T5160 000:370.278 JLINK_CORESIGHT_WriteAPDPReg(AP reg 0x00, 0x80000002)
T5160 000:370.442 - 0.163ms returns 0
T5160 000:370.449 JLINK_CORESIGHT_WriteAPDPReg(AP reg 0x01, 0x80011140)
T5160 000:370.665 - 0.215ms returns 0
T5160 000:370.672 JLINK_CORESIGHT_ReadAPDPReg(AP reg 0x03)
T5160 000:370.910   Value=0x00000002
T5160 000:370.918 - 0.245ms returns 0
T5160 000:370.924 JLINK_CORESIGHT_WriteAPDPReg(AP reg 0x00, 0x80000002)
T5160 000:371.086 - 0.161ms returns 0
T5160 000:371.093 JLINK_CORESIGHT_WriteAPDPReg(AP reg 0x01, 0x80011120)
T5160 000:371.255 - 0.162ms returns 0
T5160 000:371.262 JLINK_CORESIGHT_WriteAPDPReg(AP reg 0x03, 0x0000038A)
T5160 000:371.425 - 0.162ms returns 0
T5160 000:371.440 JLINK_CORESIGHT_WriteAPDPReg(AP reg 0x00, 0x80000002)
T5160 000:371.706 - 0.266ms returns 0
T5160 000:371.715 JLINK_CORESIGHT_WriteAPDPReg(AP reg 0x01, 0x80011140)
T5160 000:371.889 - 0.174ms returns 0
T5160 000:371.898 JLINK_CORESIGHT_ReadAPDPReg(AP reg 0x03)
T5160 000:372.123   Value=0x00000002
T5160 000:372.131 - 0.233ms returns 0
T5160 000:372.137 JLINK_CORESIGHT_ReadAPDPReg(AP reg 0x03)
T5160 000:372.351   Value=0x00000002
T5160 000:372.358 - 0.221ms returns 0
T5160 000:372.365 JLINK_CORESIGHT_ReadAPDPReg(AP reg 0x03)
T5160 000:372.578   Value=0x00000002
T5160 000:372.586 - 0.221ms returns 0
T5160 000:372.592 JLINK_CORESIGHT_ReadAPDPReg(AP reg 0x03)
T5160 000:372.819   Value=0x00000002
T5160 000:372.827 - 0.235ms returns 0
T5160 000:372.833 JLINK_CORESIGHT_ReadAPDPReg(AP reg 0x03)
T5160 000:373.050   Value=0x00000002
T5160 000:373.057 - 0.224ms returns 0
T5160 000:373.063 JLINK_CORESIGHT_ReadAPDPReg(AP reg 0x03)
T5160 000:373.280   Value=0x00000002
T5160 000:373.289 - 0.225ms returns 0
T5160 000:373.296 JLINK_CORESIGHT_ReadAPDPReg(AP reg 0x03)
T5160 000:373.516   Value=0x00000002
T5160 000:373.524 - 0.227ms returns 0
T5160 000:373.530 JLINK_CORESIGHT_ReadAPDPReg(AP reg 0x03)
T5160 000:373.744   Value=0x00000002
T5160 000:373.752 - 0.221ms returns 0
T5160 000:373.758 JLINK_CORESIGHT_ReadAPDPReg(AP reg 0x03)
T5160 000:373.974   Value=0x00000002
T5160 000:373.983 - 0.224ms returns 0
T5160 000:373.989 JLINK_CORESIGHT_ReadAPDPReg(AP reg 0x03)
T5160 000:374.208   Value=0x00000002
T5160 000:374.216 - 0.226ms returns 0
T5160 000:374.222 JLINK_CORESIGHT_ReadAPDPReg(AP reg 0x03)
T5160 000:374.524   Value=0x00000002
T5160 000:374.539 - 0.317ms returns 0
T5160 000:374.548 JLINK_CORESIGHT_ReadAPDPReg(AP reg 0x03)
T5160 000:374.815   Value=0x00000002
T5160 000:374.829 - 0.281ms returns 0
T5160 000:374.837 JLINK_CORESIGHT_ReadAPDPReg(AP reg 0x03)
T5160 000:375.101   Value=0x00000002
T5160 000:375.115 - 0.278ms returns 0
T5160 000:375.123 JLINK_CORESIGHT_ReadAPDPReg(AP reg 0x03)
T5160 000:375.389   Value=0x00000002
T5160 000:375.403 - 0.279ms returns 0
T5160 000:375.411 JLINK_CORESIGHT_ReadAPDPReg(AP reg 0x03)
T5160 000:375.714   Value=0x00000002
T5160 000:375.728 - 0.317ms returns 0
T5160 000:375.736 JLINK_CORESIGHT_ReadAPDPReg(AP reg 0x03)
T5160 000:376.021   Value=0x00000000
T5160 000:376.035 - 0.299ms returns 0
T5160 000:376.043 JLINK_CORESIGHT_WriteAPDPReg(AP reg 0x00, 0x80000002)
T5160 000:376.271 - 0.227ms returns 0
T5160 000:376.288 JLINK_CORESIGHT_WriteAPDPReg(AP reg 0x01, 0x80011130)
T5160 000:376.502 - 0.214ms returns 0
T5160 000:376.516 JLINK_CORESIGHT_ReadAPDPReg(AP reg 0x03)
T5160 000:376.815   Value=0x75020081
T5160 000:376.829 - 0.313ms returns 0
T5160 000:376.837 JLINK_CORESIGHT_WriteAPDPReg(AP reg 0x00, 0x80000002)
T5160 000:377.057 - 0.218ms returns 0
T5160 000:377.071 JLINK_CORESIGHT_WriteAPDPReg(AP reg 0x01, 0x80011140)
T5160 000:377.287 - 0.215ms returns 0
T5160 000:377.301 JLINK_CORESIGHT_ReadAPDPReg(AP reg 0x03)
T5160 000:377.534   Value=0x00000000
T5160 000:377.552 - 0.250ms returns 0
T5160 000:377.563 JLINK_CORESIGHT_WriteAPDPReg(AP reg 0x00, 0x80000002)
T5160 000:377.793 - 0.230ms returns 0
T5160 000:377.805 JLINK_CORESIGHT_WriteAPDPReg(AP reg 0x01, 0x80011130)
T5160 000:377.983 - 0.177ms returns 0
T5160 000:377.998 JLINK_CORESIGHT_ReadAPDPReg(AP reg 0x03)
T5160 000:378.256   Value=0x00038702
T5160 000:378.263 - 0.265ms returns 0
T5160 000:378.277 JLINK_CORESIGHT_WriteAPDPReg(AP reg 0x00, 0x80000002)
T5160 000:378.444 - 0.166ms returns 0
T5160 000:378.451 JLINK_CORESIGHT_WriteAPDPReg(AP reg 0x01, 0x80011140)
T5160 000:378.671 - 0.219ms returns 0
T5160 000:378.678 JLINK_CORESIGHT_ReadAPDPReg(AP reg 0x03)
T5160 000:378.916   Value=0x00000002
T5160 000:378.924 - 0.246ms returns 0
T5160 000:378.930 JLINK_CORESIGHT_WriteAPDPReg(AP reg 0x00, 0x80000002)
T5160 000:379.192 - 0.261ms returns 0
T5160 000:379.199 JLINK_CORESIGHT_WriteAPDPReg(AP reg 0x01, 0x80011120)
T5160 000:379.424 - 0.223ms returns 0
T5160 000:379.439 JLINK_CORESIGHT_WriteAPDPReg(AP reg 0x03, 0x4F010001)
T5160 000:379.668 - 0.228ms returns 0
T5160 000:379.696 JLINK_CORESIGHT_WriteAPDPReg(AP reg 0x00, 0x80000002)
T5160 000:379.866 - 0.170ms returns 0
T5160 000:379.873 JLINK_CORESIGHT_WriteAPDPReg(AP reg 0x01, 0x80011140)
T5160 000:380.037 - 0.164ms returns 0
T5160 000:380.045 JLINK_CORESIGHT_ReadAPDPReg(AP reg 0x03)
T5160 000:380.262   Value=0x00000002
T5160 000:380.272 - 0.227ms returns 0
T5160 000:380.279 JLINK_CORESIGHT_WriteAPDPReg(AP reg 0x00, 0x80000002)
T5160 000:380.452 - 0.173ms returns 0
T5160 000:380.459 JLINK_CORESIGHT_WriteAPDPReg(AP reg 0x01, 0x80011120)
T5160 000:380.666 - 0.206ms returns 0
T5160 000:380.673 JLINK_CORESIGHT_WriteAPDPReg(AP reg 0x03, 0x000003B0)
T5160 000:380.937 - 0.263ms returns 0
T5160 000:380.952 JLINK_CORESIGHT_WriteAPDPReg(AP reg 0x00, 0x80000002)
T5160 000:381.171 - 0.219ms returns 0
T5160 000:381.185 JLINK_CORESIGHT_WriteAPDPReg(AP reg 0x01, 0x80011140)
T5160 000:381.398 - 0.213ms returns 0
T5160 000:381.418 JLINK_CORESIGHT_ReadAPDPReg(AP reg 0x03)
T5160 000:381.705   Value=0x00000002
T5160 000:381.719 - 0.301ms returns 0
T5160 000:381.731 JLINK_CORESIGHT_ReadAPDPReg(AP reg 0x03)
T5160 000:382.000   Value=0x00000002
T5160 000:382.014 - 0.282ms returns 0
T5160 000:382.026 JLINK_CORESIGHT_ReadAPDPReg(AP reg 0x03)
T5160 000:382.246   Value=0x00000002
T5160 000:382.254 - 0.228ms returns 0
T5160 000:382.263 JLINK_CORESIGHT_ReadAPDPReg(AP reg 0x03)
T5160 000:382.477   Value=0x00000002
T5160 000:382.484 - 0.221ms returns 0
T5160 000:382.493 JLINK_CORESIGHT_ReadAPDPReg(AP reg 0x03)
T5160 000:382.715   Value=0x00000002
T5160 000:382.726 - 0.233ms returns 0
T5160 000:382.736 JLINK_CORESIGHT_ReadAPDPReg(AP reg 0x03)
T5160 000:382.955   Value=0x00000002
T5160 000:382.968 - 0.231ms returns 0
T5160 000:382.979 JLINK_CORESIGHT_ReadAPDPReg(AP reg 0x03)
T5160 000:383.191   Value=0x00000002
T5160 000:383.199 - 0.220ms returns 0
T5160 000:383.208 JLINK_CORESIGHT_ReadAPDPReg(AP reg 0x03)
T5160 000:383.425   Value=0x00000002
T5160 000:383.434 - 0.226ms returns 0
T5160 000:383.443 JLINK_CORESIGHT_ReadAPDPReg(AP reg 0x03)
T5160 000:383.664   Value=0x00000002
T5160 000:383.673 - 0.230ms returns 0
T5160 000:383.682 JLINK_CORESIGHT_ReadAPDPReg(AP reg 0x03)
T5160 000:383.909   Value=0x00000002
T5160 000:383.918 - 0.235ms returns 0
T5160 000:383.926 JLINK_CORESIGHT_ReadAPDPReg(AP reg 0x03)
T5160 000:384.136   Value=0x00000002
T5160 000:384.145 - 0.218ms returns 0
T5160 000:384.156 JLINK_CORESIGHT_ReadAPDPReg(AP reg 0x03)
T5160 000:384.389   Value=0x00000002
T5160 000:384.398 - 0.241ms returns 0
T5160 000:384.406 JLINK_CORESIGHT_ReadAPDPReg(AP reg 0x03)
T5160 000:384.665   Value=0x00000002
T5160 000:384.674 - 0.267ms returns 0
T5160 000:384.682 JLINK_CORESIGHT_ReadAPDPReg(AP reg 0x03)
T5160 000:384.915   Value=0x00000002
T5160 000:384.923 - 0.240ms returns 0
T5160 000:384.932 JLINK_CORESIGHT_ReadAPDPReg(AP reg 0x03)
T5160 000:385.141   Value=0x00000000
T5160 000:385.150 - 0.218ms returns 0
T5160 000:385.159 JLINK_CORESIGHT_WriteAPDPReg(AP reg 0x00, 0x80000002)
T5160 000:385.324 - 0.165ms returns 0
T5160 000:385.333 JLINK_CORESIGHT_WriteAPDPReg(AP reg 0x01, 0x80011130)
T5160 000:385.514 - 0.181ms returns 0
T5160 000:385.524 JLINK_CORESIGHT_ReadAPDPReg(AP reg 0x03)
T5160 000:385.739   Value=0x4F0B0081
T5160 000:385.747 - 0.223ms returns 0
T5160 000:385.755 JLINK_CORESIGHT_WriteAPDPReg(AP reg 0x00, 0x80000002)
T5160 000:385.914 - 0.158ms returns 0
T5160 000:385.925 JLINK_CORESIGHT_WriteAPDPReg(AP reg 0x01, 0x80011140)
T5160 000:386.108 - 0.183ms returns 0
T5160 000:386.118 JLINK_CORESIGHT_ReadAPDPReg(AP reg 0x03)
T5160 000:386.328   Value=0x00000000
T5160 000:386.336 - 0.218ms returns 0
T5160 000:386.345 JLINK_CORESIGHT_WriteAPDPReg(AP reg 0x00, 0x80000002)
T5160 000:386.525 - 0.180ms returns 0
T5160 000:386.535 JLINK_CORESIGHT_WriteAPDPReg(AP reg 0x01, 0x80011130)
T5160 000:386.713 - 0.178ms returns 0
T5160 000:386.723 JLINK_CORESIGHT_ReadAPDPReg(AP reg 0x03)
T5160 000:386.980   Value=0x40000000
T5160 000:386.988 - 0.265ms returns 0
T5160 000:386.998 JLINK_CORESIGHT_WriteAPDPReg(AP reg 0x00, 0x80000002)
T5160 000:387.153 - 0.155ms returns 0
T5160 000:387.163 JLINK_CORESIGHT_WriteAPDPReg(AP reg 0x01, 0x80011140)
T5160 000:387.320 - 0.156ms returns 0
T5160 000:387.329 JLINK_CORESIGHT_ReadAPDPReg(AP reg 0x03)
T5160 000:387.560   Value=0x00000000
T5160 000:387.568 - 0.239ms returns 0
T5160 000:387.577 JLINK_CORESIGHT_WriteAPDPReg(AP reg 0x00, 0x80000002)
T5160 000:387.769 - 0.192ms returns 0
T5160 000:387.779 JLINK_CORESIGHT_WriteAPDPReg(AP reg 0x01, 0x80011130)
T5160 000:387.961 - 0.181ms returns 0
T5160 000:387.971 JLINK_CORESIGHT_ReadAPDPReg(AP reg 0x03)
T5160 000:388.181   Value=0x00000000
T5160 000:388.190 - 0.219ms returns 0
T5160 000:388.198 JLINK_CORESIGHT_WriteAPDPReg(AP reg 0x00, 0x80000002)
T5160 000:388.363 - 0.164ms returns 0
T5160 000:388.375 JLINK_CORESIGHT_WriteAPDPReg(AP reg 0x01, 0x80011140)
T5160 000:388.558 - 0.183ms returns 0
T5160 000:388.568 JLINK_CORESIGHT_ReadAPDPReg(AP reg 0x03)
T5160 000:388.847   Value=0x00000000
T5160 000:388.854 - 0.286ms returns 0
T5160 000:388.865 JLINK_CORESIGHT_WriteAPDPReg(AP reg 0x00, 0x80000002)
T5160 000:389.031 - 0.166ms returns 0
T5160 000:389.040 JLINK_CORESIGHT_WriteAPDPReg(AP reg 0x01, 0x80011130)
T5160 000:389.200 - 0.160ms returns 0
T5160 000:389.209 JLINK_CORESIGHT_ReadAPDPReg(AP reg 0x03)
T5160 000:389.419   Value=0x03660000
T5160 000:389.426 - 0.217ms returns 0
T5160 000:389.963 JLINK_CORESIGHT_ReadAPDPReg(DP reg 0x01)
T5160 000:390.168   Value=0xF0000F40
T5160 000:390.178 - 0.215ms returns 0
T5160 000:390.184 JLINK_CORESIGHT_WriteAPDPReg(DP reg 0x01, 0xA0000F40)
T5160 000:390.369 - 0.184ms returns 0
T5160 000:390.377 JLINK_CORESIGHT_ReadAPDPReg(DP reg 0x01)
T5160 000:390.563   Value=0x00000F40
T5160 000:390.571 - 0.193ms returns 0
T5160 000:390.578 JLINK_ClrRESET()
T5160 000:390.728 - 0.150ms 
T5160 000:495.912 JLINK_Close()
T5160 000:507.458 - 11.545ms
T5160 000:507.491   
T5160 000:507.497   Closed
