T7BD0 000:000.417   SEGGER J-Link V8.12c Log File
T7BD0 000:000.516   DLL Compiled: Jan 22 2025 12:55:59
T7BD0 000:000.520   Logging started @ 2025-08-10 11:38
T7BD0 000:000.523   Process: C:\Users\UILAB\.eclipse\com.renesas.platform_1309835749\DebugComp\RA\e2-server-gdb.exe
T7BD0 000:000.530 - 0.527ms 
T7BD0 000:000.540 JLINK_GetDLLVersion()
T7BD0 000:000.544 - 0.004ms returns 81203
T7BD0 000:002.195 JLINK_OpenEx(...)
T7BD0 000:007.253   Firmware: J-Link OB-RA4M2 compiled Jan 22 2025 10:52:12
T7BD0 000:007.779   Firmware: J-Link OB-RA4M2 compiled Jan 22 2025 10:52:12
T7BD0 000:021.294   Hardware: V1.00
T7BD0 000:021.308   S/N: 1084639673
T7BD0 000:021.313   OEM: SEGGER
T7BD0 000:021.317   Feature(s): None
T7BD0 000:021.802   Bootloader: 2021 May 14
T7BD0 000:022.135   USB speed mode: Full speed (12 MBit/s)
T7BD0 000:022.560   TELNET listener socket opened on port 19021
T7BD0 000:022.642   WEBSRV WEBSRV_Init(): Starting webserver thread(s)
T7BD0 000:022.714   WEBSRV Webserver running on local port 19080
T7BD0 000:022.784   Looking for J-Link GUI Server exe at: C:\Users\UILAB\.eclipse\com.renesas.platform_1309835749\DebugComp\RA\ARM\Segger_v8.12.3\JLinkGUIServer.exe
T7BD0 000:022.834   Looking for J-Link GUI Server exe at: C:\Program Files\SEGGER\JLink_V810c\JLinkGUIServer.exe
T7BD0 000:022.856   Forking J-Link GUI Server: C:\Program Files\SEGGER\JLink_V810c\JLinkGUIServer.exe
T7BD0 000:034.911   J-Link GUI Server info: "J-Link GUI server V8.10c "
T7BD0 000:036.432 - 34.234ms returns "O.K."
T7BD0 000:036.509 JLINK_TIF_Select(JLINKARM_TIF_SWD)
T7BD0 000:036.893 - 0.384ms returns 0x00
T7BD0 000:036.912 JLINK_ClrRESET()
T7BD0 000:037.116 - 0.203ms 
T7BD0 000:087.266 JLINK_SetSpeed(1500)
T7BD0 000:087.342 - 0.080ms 
T7BD0 000:087.352 JLINK_CORESIGHT_Configure(PerformTIFInit=0)
T7BD0 000:087.717 - 0.365ms returns 0
T7BD0 000:087.738 JLINK_CORESIGHT_ReadAPDPReg(DP reg 0x00)
T7BD0 000:088.091   Value=0x6BA02477
T7BD0 000:088.101 - 0.365ms returns 0
T7BD0 000:088.112 JLINK_CORESIGHT_WriteAPDPReg(DP reg 0x00, 0x0000001F)
T7BD0 000:088.299 - 0.186ms returns 0
T7BD0 000:088.322 JLINK_CORESIGHT_ReadAPDPReg(DP reg 0x00)
T7BD0 000:088.675   Value=0x6BA02477
T7BD0 000:088.681 - 0.359ms returns 0
T7BD0 000:088.702 JLINK_CORESIGHT_WriteAPDPReg(DP reg 0x02, 0x00000000)
T7BD0 000:088.884 - 0.186ms returns 0
T7BD0 000:088.895 JLINK_CORESIGHT_WriteAPDPReg(DP reg 0x01, 0x50000000)
T7BD0 000:089.038 - 0.143ms returns 0
T7BD0 000:089.305 JLINK_CORESIGHT_ReadAPDPReg(DP reg 0x01)
T7BD0 000:089.473   Value=0xF0000040
T7BD0 000:089.478 - 0.173ms returns 0
T7BD0 000:089.483 JLINK_CORESIGHT_WriteAPDPReg(DP reg 0x00, 0x0000001F)
T7BD0 000:089.640 - 0.156ms returns 0
T7BD0 000:089.644 JLINK_CORESIGHT_ReadAPDPReg(DP reg 0x00)
T7BD0 000:089.825   Value=0x6BA02477
T7BD0 000:089.830 - 0.185ms returns 0
T7BD0 000:089.835 JLINK_CORESIGHT_WriteAPDPReg(DP reg 0x01, 0x54000000)
T7BD0 000:089.989 - 0.154ms returns 0
T7BD0 000:089.995 JLINK_CORESIGHT_WriteAPDPReg(DP reg 0x01, 0x50000F00)
T7BD0 000:090.144 - 0.149ms returns 0
T7BD0 000:090.149 JLINK_CORESIGHT_WriteAPDPReg(DP reg 0x02, 0x01000000)
T7BD0 000:090.354 - 0.205ms returns 0
T7BD0 000:090.359 JLINK_CORESIGHT_WriteAPDPReg(AP reg 0x00, 0x80000002)
T7BD0 000:090.499 - 0.140ms returns 0
T7BD0 000:090.504 JLINK_CORESIGHT_WriteAPDPReg(AP reg 0x01, 0x80011100)
T7BD0 000:090.862 - 0.358ms returns 0
T7BD0 000:090.867 JLINK_CORESIGHT_WriteAPDPReg(AP reg 0x03, 0x000000A5)
T7BD0 000:091.048 - 0.180ms returns 0
T7BD0 000:091.052 JLINK_CORESIGHT_WriteAPDPReg(AP reg 0x00, 0x80000002)
T7BD0 000:091.246 - 0.193ms returns 0
T7BD0 000:091.251 JLINK_CORESIGHT_WriteAPDPReg(AP reg 0x01, 0x80011100)
T7BD0 000:091.393 - 0.142ms returns 0
T7BD0 000:091.398 JLINK_CORESIGHT_ReadAPDPReg(AP reg 0x03)
T7BD0 000:091.695   Value=0x000000A5
T7BD0 000:091.701 - 0.302ms returns 0
T7BD0 000:091.706 JLINK_ClrTMS()
T7BD0 000:091.742 - 0.036ms 
T7BD0 000:096.927 JLINK_SetTCK()
T7BD0 000:096.981 - 0.056ms returns 0
T7BD0 000:103.003 JLINK_SetRESET()
T7BD0 000:103.068 - 0.065ms 
T7BD0 000:303.561 JLINK_CORESIGHT_WriteAPDPReg(AP reg 0x00, 0x80000002)
T7BD0 000:303.818 - 0.257ms returns 0
T7BD0 000:303.825 JLINK_CORESIGHT_WriteAPDPReg(AP reg 0x01, 0x80011100)
T7BD0 000:303.988 - 0.163ms returns 0
T7BD0 000:303.993 JLINK_CORESIGHT_ReadAPDPReg(AP reg 0x03)
T7BD0 000:304.191   Value=0x00000000
T7BD0 000:304.196 - 0.203ms returns 0
T7BD0 000:304.203 JLINK_CORESIGHT_WriteAPDPReg(AP reg 0x00, 0x80000002)
T7BD0 000:304.365 - 0.162ms returns 0
T7BD0 000:304.370 JLINK_CORESIGHT_WriteAPDPReg(AP reg 0x01, 0x80011140)
T7BD0 000:304.516 - 0.146ms returns 0
T7BD0 000:304.522 JLINK_CORESIGHT_ReadAPDPReg(AP reg 0x03)
T7BD0 000:304.781   Value=0x00000002
T7BD0 000:304.786 - 0.263ms returns 0
T7BD0 000:304.798 JLINK_CORESIGHT_WriteAPDPReg(AP reg 0x00, 0x80000002)
T7BD0 000:304.946 - 0.148ms returns 0
T7BD0 000:304.952 JLINK_CORESIGHT_WriteAPDPReg(AP reg 0x01, 0x80011120)
T7BD0 000:305.221 - 0.269ms returns 0
T7BD0 000:305.228 JLINK_CORESIGHT_WriteAPDPReg(AP reg 0x03, 0x00000055)
T7BD0 000:305.378 - 0.150ms returns 0
T7BD0 000:305.385 JLINK_CORESIGHT_WriteAPDPReg(AP reg 0x00, 0x80000002)
T7BD0 000:305.536 - 0.150ms returns 0
T7BD0 000:305.544 JLINK_CORESIGHT_WriteAPDPReg(AP reg 0x01, 0x80011140)
T7BD0 000:305.725 - 0.180ms returns 0
T7BD0 000:305.732 JLINK_CORESIGHT_ReadAPDPReg(AP reg 0x03)
T7BD0 000:305.933   Value=0x00000000
T7BD0 000:305.940 - 0.208ms returns 0
T7BD0 000:305.945 JLINK_CORESIGHT_WriteAPDPReg(AP reg 0x00, 0x80000002)
T7BD0 000:307.718 - 1.772ms returns 0
T7BD0 000:307.736 JLINK_CORESIGHT_WriteAPDPReg(AP reg 0x01, 0x80011130)
T7BD0 000:307.981 - 0.245ms returns 0
T7BD0 000:307.989 JLINK_CORESIGHT_ReadAPDPReg(AP reg 0x03)
T7BD0 000:308.340   Value=0x000000C6
T7BD0 000:308.346 - 0.356ms returns 0
T7BD0 000:308.358 JLINK_CORESIGHT_WriteAPDPReg(AP reg 0x00, 0x80000002)
T7BD0 000:308.530 - 0.171ms returns 0
T7BD0 000:308.544 JLINK_CORESIGHT_WriteAPDPReg(AP reg 0x01, 0x80011140)
T7BD0 000:308.720 - 0.177ms returns 0
T7BD0 000:308.726 JLINK_CORESIGHT_ReadAPDPReg(AP reg 0x03)
T7BD0 000:308.944   Value=0x00000002
T7BD0 000:308.950 - 0.223ms returns 0
T7BD0 000:308.956 JLINK_CORESIGHT_WriteAPDPReg(AP reg 0x00, 0x80000002)
T7BD0 000:309.112 - 0.156ms returns 0
T7BD0 000:309.117 JLINK_CORESIGHT_WriteAPDPReg(AP reg 0x01, 0x80011120)
T7BD0 000:309.268 - 0.151ms returns 0
T7BD0 000:309.274 JLINK_CORESIGHT_WriteAPDPReg(AP reg 0x03, 0x3A010001)
T7BD0 000:309.426 - 0.152ms returns 0
T7BD0 000:309.433 JLINK_CORESIGHT_WriteAPDPReg(AP reg 0x00, 0x80000002)
T7BD0 000:309.616 - 0.183ms returns 0
T7BD0 000:309.621 JLINK_CORESIGHT_WriteAPDPReg(AP reg 0x01, 0x80011140)
T7BD0 000:309.767 - 0.146ms returns 0
T7BD0 000:309.773 JLINK_CORESIGHT_ReadAPDPReg(AP reg 0x03)
T7BD0 000:309.971   Value=0x00000002
T7BD0 000:309.976 - 0.203ms returns 0
T7BD0 000:309.981 JLINK_CORESIGHT_WriteAPDPReg(AP reg 0x00, 0x80000002)
T7BD0 000:310.228 - 0.246ms returns 0
T7BD0 000:310.237 JLINK_CORESIGHT_WriteAPDPReg(AP reg 0x01, 0x80011120)
T7BD0 000:310.384 - 0.146ms returns 0
T7BD0 000:310.389 JLINK_CORESIGHT_WriteAPDPReg(AP reg 0x03, 0x000003C5)
T7BD0 000:310.538 - 0.149ms returns 0
T7BD0 000:310.543 JLINK_CORESIGHT_WriteAPDPReg(AP reg 0x00, 0x80000002)
T7BD0 000:310.723 - 0.180ms returns 0
T7BD0 000:310.729 JLINK_CORESIGHT_WriteAPDPReg(AP reg 0x01, 0x80011140)
T7BD0 000:310.874 - 0.145ms returns 0
T7BD0 000:310.879 JLINK_CORESIGHT_ReadAPDPReg(AP reg 0x03)
T7BD0 000:311.077   Value=0x00000002
T7BD0 000:311.084 - 0.205ms returns 0
T7BD0 000:311.090 JLINK_CORESIGHT_ReadAPDPReg(AP reg 0x03)
T7BD0 000:311.288   Value=0x00000002
T7BD0 000:311.294 - 0.204ms returns 0
T7BD0 000:311.300 JLINK_CORESIGHT_ReadAPDPReg(AP reg 0x03)
T7BD0 000:311.501   Value=0x00000002
T7BD0 000:311.510 - 0.210ms returns 0
T7BD0 000:311.516 JLINK_CORESIGHT_ReadAPDPReg(AP reg 0x03)
T7BD0 000:311.775   Value=0x00000002
T7BD0 000:311.783 - 0.267ms returns 0
T7BD0 000:311.789 JLINK_CORESIGHT_ReadAPDPReg(AP reg 0x03)
T7BD0 000:312.253   Value=0x00000002
T7BD0 000:312.266 - 0.477ms returns 0
T7BD0 000:312.273 JLINK_CORESIGHT_ReadAPDPReg(AP reg 0x03)
T7BD0 000:312.660   Value=0x00000002
T7BD0 000:312.671 - 0.398ms returns 0
T7BD0 000:312.677 JLINK_CORESIGHT_ReadAPDPReg(AP reg 0x03)
T7BD0 000:312.950   Value=0x00000002
T7BD0 000:312.962 - 0.284ms returns 0
T7BD0 000:312.968 JLINK_CORESIGHT_ReadAPDPReg(AP reg 0x03)
T7BD0 000:313.162   Value=0x00000002
T7BD0 000:313.173 - 0.204ms returns 0
T7BD0 000:313.178 JLINK_CORESIGHT_ReadAPDPReg(AP reg 0x03)
T7BD0 000:313.380   Value=0x00000002
T7BD0 000:313.389 - 0.210ms returns 0
T7BD0 000:313.395 JLINK_CORESIGHT_ReadAPDPReg(AP reg 0x03)
T7BD0 000:313.615   Value=0x00000002
T7BD0 000:313.621 - 0.226ms returns 0
T7BD0 000:313.625 JLINK_CORESIGHT_ReadAPDPReg(AP reg 0x03)
T7BD0 000:313.820   Value=0x00000002
T7BD0 000:313.825 - 0.199ms returns 0
T7BD0 000:313.830 JLINK_CORESIGHT_ReadAPDPReg(AP reg 0x03)
T7BD0 000:314.142   Value=0x00000002
T7BD0 000:314.147 - 0.317ms returns 0
T7BD0 000:314.152 JLINK_CORESIGHT_ReadAPDPReg(AP reg 0x03)
T7BD0 000:314.364   Value=0x00000002
T7BD0 000:314.369 - 0.217ms returns 0
T7BD0 000:314.374 JLINK_CORESIGHT_ReadAPDPReg(AP reg 0x03)
T7BD0 000:314.612   Value=0x00000002
T7BD0 000:314.617 - 0.243ms returns 0
T7BD0 000:314.751 JLINK_CORESIGHT_ReadAPDPReg(AP reg 0x03)
T7BD0 000:315.040   Value=0x00000000
T7BD0 000:315.048 - 0.296ms returns 0
T7BD0 000:315.054 JLINK_CORESIGHT_WriteAPDPReg(AP reg 0x00, 0x80000002)
T7BD0 000:315.225 - 0.170ms returns 0
T7BD0 000:315.231 JLINK_CORESIGHT_WriteAPDPReg(AP reg 0x01, 0x80011130)
T7BD0 000:315.482 - 0.250ms returns 0
T7BD0 000:315.494 JLINK_CORESIGHT_ReadAPDPReg(AP reg 0x03)
T7BD0 000:315.782   Value=0x3A2A0081
T7BD0 000:315.793 - 0.298ms returns 0
T7BD0 000:315.806 JLINK_CORESIGHT_WriteAPDPReg(AP reg 0x00, 0x80000002)
T7BD0 000:316.099 - 0.294ms returns 0
T7BD0 000:316.105 JLINK_CORESIGHT_WriteAPDPReg(AP reg 0x01, 0x80011140)
T7BD0 000:316.269 - 0.164ms returns 0
T7BD0 000:316.275 JLINK_CORESIGHT_ReadAPDPReg(AP reg 0x03)
T7BD0 000:316.472   Value=0x00000000
T7BD0 000:316.477 - 0.202ms returns 0
T7BD0 000:316.482 JLINK_CORESIGHT_WriteAPDPReg(AP reg 0x00, 0x80000002)
T7BD0 000:316.644 - 0.161ms returns 0
T7BD0 000:316.655 JLINK_CORESIGHT_WriteAPDPReg(AP reg 0x01, 0x80011130)
T7BD0 000:316.805 - 0.150ms returns 0
T7BD0 000:316.810 JLINK_CORESIGHT_ReadAPDPReg(AP reg 0x03)
T7BD0 000:317.005   Value=0x808D5B00
T7BD0 000:317.011 - 0.200ms returns 0
T7BD0 000:317.016 JLINK_CORESIGHT_WriteAPDPReg(AP reg 0x00, 0x80000002)
T7BD0 000:317.162 - 0.146ms returns 0
T7BD0 000:317.167 JLINK_CORESIGHT_WriteAPDPReg(AP reg 0x01, 0x80011140)
T7BD0 000:317.353 - 0.185ms returns 0
T7BD0 000:317.361 JLINK_CORESIGHT_ReadAPDPReg(AP reg 0x03)
T7BD0 000:317.619   Value=0x00000000
T7BD0 000:317.626 - 0.264ms returns 0
T7BD0 000:317.635 JLINK_CORESIGHT_WriteAPDPReg(AP reg 0x00, 0x80000002)
T7BD0 000:317.788 - 0.153ms returns 0
T7BD0 000:317.795 JLINK_CORESIGHT_WriteAPDPReg(AP reg 0x01, 0x80011130)
T7BD0 000:317.971 - 0.176ms returns 0
T7BD0 000:317.978 JLINK_CORESIGHT_ReadAPDPReg(AP reg 0x03)
T7BD0 000:318.173   Value=0x0603030B
T7BD0 000:318.178 - 0.200ms returns 0
T7BD0 000:318.184 JLINK_CORESIGHT_WriteAPDPReg(AP reg 0x00, 0x80000002)
T7BD0 000:318.331 - 0.146ms returns 0
T7BD0 000:318.337 JLINK_CORESIGHT_WriteAPDPReg(AP reg 0x01, 0x80011140)
T7BD0 000:318.482 - 0.144ms returns 0
T7BD0 000:318.488 JLINK_CORESIGHT_ReadAPDPReg(AP reg 0x03)
T7BD0 000:318.697   Value=0x00000000
T7BD0 000:318.702 - 0.213ms returns 0
T7BD0 000:318.708 JLINK_CORESIGHT_WriteAPDPReg(AP reg 0x00, 0x80000002)
T7BD0 000:318.854 - 0.145ms returns 0
T7BD0 000:318.860 JLINK_CORESIGHT_WriteAPDPReg(AP reg 0x01, 0x80011130)
T7BD0 000:319.005 - 0.144ms returns 0
T7BD0 000:319.011 JLINK_CORESIGHT_ReadAPDPReg(AP reg 0x03)
T7BD0 000:319.237   Value=0x2E4B4E20
T7BD0 000:319.242 - 0.230ms returns 0
T7BD0 000:319.248 JLINK_CORESIGHT_WriteAPDPReg(AP reg 0x00, 0x80000002)
T7BD0 000:319.393 - 0.145ms returns 0
T7BD0 000:319.399 JLINK_CORESIGHT_WriteAPDPReg(AP reg 0x01, 0x80011140)
T7BD0 000:319.615 - 0.216ms returns 0
T7BD0 000:319.645 JLINK_CORESIGHT_ReadAPDPReg(AP reg 0x03)
T7BD0 000:319.841   Value=0x00000000
T7BD0 000:319.846 - 0.202ms returns 0
T7BD0 000:319.853 JLINK_CORESIGHT_WriteAPDPReg(AP reg 0x00, 0x80000002)
T7BD0 000:320.100 - 0.247ms returns 0
T7BD0 000:320.106 JLINK_CORESIGHT_WriteAPDPReg(AP reg 0x01, 0x80011130)
T7BD0 000:320.277 - 0.170ms returns 0
T7BD0 000:320.283 JLINK_CORESIGHT_ReadAPDPReg(AP reg 0x03)
T7BD0 000:320.477   Value=0x4EE8A692
T7BD0 000:320.483 - 0.200ms returns 0
T7BD0 000:320.489 JLINK_CORESIGHT_WriteAPDPReg(AP reg 0x00, 0x80000002)
T7BD0 000:320.641 - 0.151ms returns 0
T7BD0 000:320.647 JLINK_CORESIGHT_WriteAPDPReg(AP reg 0x01, 0x80011140)
T7BD0 000:320.791 - 0.143ms returns 0
T7BD0 000:320.797 JLINK_CORESIGHT_ReadAPDPReg(AP reg 0x03)
T7BD0 000:320.992   Value=0x00000000
T7BD0 000:320.997 - 0.200ms returns 0
T7BD0 000:321.003 JLINK_CORESIGHT_WriteAPDPReg(AP reg 0x00, 0x80000002)
T7BD0 000:321.149 - 0.145ms returns 0
T7BD0 000:321.155 JLINK_CORESIGHT_WriteAPDPReg(AP reg 0x01, 0x80011130)
T7BD0 000:321.334 - 0.178ms returns 0
T7BD0 000:321.340 JLINK_CORESIGHT_ReadAPDPReg(AP reg 0x03)
T7BD0 000:321.537   Value=0x34503036
T7BD0 000:321.543 - 0.202ms returns 0
T7BD0 000:321.549 JLINK_CORESIGHT_WriteAPDPReg(AP reg 0x00, 0x80000002)
T7BD0 000:321.722 - 0.174ms returns 0
T7BD0 000:321.729 JLINK_CORESIGHT_WriteAPDPReg(AP reg 0x01, 0x80011140)
T7BD0 000:321.913 - 0.184ms returns 0
T7BD0 000:321.921 JLINK_CORESIGHT_ReadAPDPReg(AP reg 0x03)
T7BD0 000:323.295   Value=0x00000000
T7BD0 000:323.307 - 1.385ms returns 0
T7BD0 000:323.316 JLINK_CORESIGHT_WriteAPDPReg(AP reg 0x00, 0x80000002)
T7BD0 000:323.484 - 0.168ms returns 0
T7BD0 000:323.494 JLINK_CORESIGHT_WriteAPDPReg(AP reg 0x01, 0x80011130)
T7BD0 000:323.642 - 0.148ms returns 0
T7BD0 000:323.648 JLINK_CORESIGHT_ReadAPDPReg(AP reg 0x03)
T7BD0 000:323.845   Value=0x6B142D36
T7BD0 000:323.850 - 0.202ms returns 0
T7BD0 000:323.857 JLINK_CORESIGHT_WriteAPDPReg(AP reg 0x00, 0x80000002)
T7BD0 000:324.099 - 0.243ms returns 0
T7BD0 000:324.106 JLINK_CORESIGHT_WriteAPDPReg(AP reg 0x01, 0x80011140)
T7BD0 000:324.252 - 0.146ms returns 0
T7BD0 000:324.259 JLINK_CORESIGHT_ReadAPDPReg(AP reg 0x03)
T7BD0 000:324.458   Value=0x00000000
T7BD0 000:324.465 - 0.205ms returns 0
T7BD0 000:324.472 JLINK_CORESIGHT_WriteAPDPReg(AP reg 0x00, 0x80000002)
T7BD0 000:324.641 - 0.169ms returns 0
T7BD0 000:324.648 JLINK_CORESIGHT_WriteAPDPReg(AP reg 0x01, 0x80011130)
T7BD0 000:324.795 - 0.147ms returns 0
T7BD0 000:324.801 JLINK_CORESIGHT_ReadAPDPReg(AP reg 0x03)
T7BD0 000:324.997   Value=0x46375291
T7BD0 000:325.003 - 0.201ms returns 0
T7BD0 000:325.009 JLINK_CORESIGHT_WriteAPDPReg(AP reg 0x00, 0x80000002)
T7BD0 000:325.155 - 0.146ms returns 0
T7BD0 000:325.161 JLINK_CORESIGHT_WriteAPDPReg(AP reg 0x01, 0x80011140)
T7BD0 000:325.309 - 0.148ms returns 0
T7BD0 000:325.316 JLINK_CORESIGHT_ReadAPDPReg(AP reg 0x03)
T7BD0 000:325.513   Value=0x00000000
T7BD0 000:325.518 - 0.202ms returns 0
T7BD0 000:325.524 JLINK_CORESIGHT_WriteAPDPReg(AP reg 0x00, 0x80000002)
T7BD0 000:325.722 - 0.198ms returns 0
T7BD0 000:325.729 JLINK_CORESIGHT_WriteAPDPReg(AP reg 0x01, 0x80011130)
T7BD0 000:325.883 - 0.154ms returns 0
T7BD0 000:325.890 JLINK_CORESIGHT_ReadAPDPReg(AP reg 0x03)
T7BD0 000:326.113   Value=0x31443841
T7BD0 000:326.124 - 0.234ms returns 0
T7BD0 000:326.133 JLINK_CORESIGHT_WriteAPDPReg(AP reg 0x00, 0x80000002)
T7BD0 000:326.350 - 0.216ms returns 0
T7BD0 000:326.357 JLINK_CORESIGHT_WriteAPDPReg(AP reg 0x01, 0x80011140)
T7BD0 000:326.501 - 0.145ms returns 0
T7BD0 000:326.508 JLINK_CORESIGHT_ReadAPDPReg(AP reg 0x03)
T7BD0 000:326.773   Value=0x00000000
T7BD0 000:326.778 - 0.269ms returns 0
T7BD0 000:326.784 JLINK_CORESIGHT_WriteAPDPReg(AP reg 0x00, 0x80000002)
T7BD0 000:326.946 - 0.161ms returns 0
T7BD0 000:326.952 JLINK_CORESIGHT_WriteAPDPReg(AP reg 0x01, 0x80011130)
T7BD0 000:327.112 - 0.159ms returns 0
T7BD0 000:327.118 JLINK_CORESIGHT_ReadAPDPReg(AP reg 0x03)
T7BD0 000:327.338   Value=0x43454842
T7BD0 000:327.344 - 0.225ms returns 0
T7BD0 000:327.354 JLINK_CORESIGHT_WriteAPDPReg(AP reg 0x00, 0x80000002)
T7BD0 000:327.499 - 0.145ms returns 0
T7BD0 000:327.505 JLINK_CORESIGHT_WriteAPDPReg(AP reg 0x01, 0x80011140)
T7BD0 000:327.723 - 0.217ms returns 0
T7BD0 000:327.729 JLINK_CORESIGHT_ReadAPDPReg(AP reg 0x03)
T7BD0 000:327.925   Value=0x00000000
T7BD0 000:327.930 - 0.200ms returns 0
T7BD0 000:327.936 JLINK_CORESIGHT_WriteAPDPReg(AP reg 0x00, 0x80000002)
T7BD0 000:328.081 - 0.145ms returns 0
T7BD0 000:328.088 JLINK_CORESIGHT_WriteAPDPReg(AP reg 0x01, 0x80011130)
T7BD0 000:328.237 - 0.148ms returns 0
T7BD0 000:328.243 JLINK_CORESIGHT_ReadAPDPReg(AP reg 0x03)
T7BD0 000:328.440   Value=0x20204442
T7BD0 000:328.445 - 0.201ms returns 0
T7BD0 000:328.451 JLINK_CORESIGHT_WriteAPDPReg(AP reg 0x00, 0x80000002)
T7BD0 000:328.615 - 0.164ms returns 0
T7BD0 000:328.622 JLINK_CORESIGHT_WriteAPDPReg(AP reg 0x01, 0x80011140)
T7BD0 000:328.767 - 0.146ms returns 0
T7BD0 000:328.774 JLINK_CORESIGHT_ReadAPDPReg(AP reg 0x03)
T7BD0 000:328.970   Value=0x00000000
T7BD0 000:328.975 - 0.201ms returns 0
T7BD0 000:328.981 JLINK_CORESIGHT_WriteAPDPReg(AP reg 0x00, 0x80000002)
T7BD0 000:329.127 - 0.145ms returns 0
T7BD0 000:329.133 JLINK_CORESIGHT_WriteAPDPReg(AP reg 0x01, 0x80011130)
T7BD0 000:329.279 - 0.145ms returns 0
T7BD0 000:329.285 JLINK_CORESIGHT_ReadAPDPReg(AP reg 0x03)
T7BD0 000:329.481   Value=0x0003B620
T7BD0 000:329.486 - 0.201ms returns 0
T7BD0 000:329.764 JLINK_CORESIGHT_WriteAPDPReg(AP reg 0x00, 0x80000002)
T7BD0 000:329.912 - 0.148ms returns 0
T7BD0 000:329.917 JLINK_CORESIGHT_WriteAPDPReg(AP reg 0x01, 0x80011140)
T7BD0 000:330.064 - 0.146ms returns 0
T7BD0 000:330.069 JLINK_CORESIGHT_ReadAPDPReg(AP reg 0x03)
T7BD0 000:330.290   Value=0x00000002
T7BD0 000:330.295 - 0.226ms returns 0
T7BD0 000:330.299 JLINK_CORESIGHT_WriteAPDPReg(AP reg 0x00, 0x80000002)
T7BD0 000:330.445 - 0.145ms returns 0
T7BD0 000:330.450 JLINK_CORESIGHT_WriteAPDPReg(AP reg 0x01, 0x80011120)
T7BD0 000:330.615 - 0.165ms returns 0
T7BD0 000:330.620 JLINK_CORESIGHT_WriteAPDPReg(AP reg 0x03, 0x2C010001)
T7BD0 000:330.768 - 0.147ms returns 0
T7BD0 000:330.773 JLINK_CORESIGHT_WriteAPDPReg(AP reg 0x00, 0x80000002)
T7BD0 000:330.919 - 0.146ms returns 0
T7BD0 000:330.924 JLINK_CORESIGHT_WriteAPDPReg(AP reg 0x01, 0x80011140)
T7BD0 000:331.070 - 0.146ms returns 0
T7BD0 000:331.075 JLINK_CORESIGHT_ReadAPDPReg(AP reg 0x03)
T7BD0 000:331.287   Value=0x00000002
T7BD0 000:331.292 - 0.217ms returns 0
T7BD0 000:331.297 JLINK_CORESIGHT_WriteAPDPReg(AP reg 0x00, 0x80000002)
T7BD0 000:331.442 - 0.145ms returns 0
T7BD0 000:331.447 JLINK_CORESIGHT_WriteAPDPReg(AP reg 0x01, 0x80011120)
T7BD0 000:331.615 - 0.168ms returns 0
T7BD0 000:331.620 JLINK_CORESIGHT_WriteAPDPReg(AP reg 0x03, 0x000003D3)
T7BD0 000:331.766 - 0.145ms returns 0
T7BD0 000:331.771 JLINK_CORESIGHT_WriteAPDPReg(AP reg 0x00, 0x80000002)
T7BD0 000:331.925 - 0.154ms returns 0
T7BD0 000:331.934 JLINK_CORESIGHT_WriteAPDPReg(AP reg 0x01, 0x80011140)
T7BD0 000:332.087 - 0.152ms returns 0
T7BD0 000:332.096 JLINK_CORESIGHT_ReadAPDPReg(AP reg 0x03)
T7BD0 000:332.312   Value=0x00000002
T7BD0 000:332.318 - 0.222ms returns 0
T7BD0 000:332.323 JLINK_CORESIGHT_ReadAPDPReg(AP reg 0x03)
T7BD0 000:332.518   Value=0x00000002
T7BD0 000:332.523 - 0.199ms returns 0
T7BD0 000:332.528 JLINK_CORESIGHT_ReadAPDPReg(AP reg 0x03)
T7BD0 000:332.773   Value=0x00000002
T7BD0 000:332.778 - 0.250ms returns 0
T7BD0 000:332.787 JLINK_CORESIGHT_ReadAPDPReg(AP reg 0x03)
T7BD0 000:332.987   Value=0x00000002
T7BD0 000:332.992 - 0.205ms returns 0
T7BD0 000:332.997 JLINK_CORESIGHT_ReadAPDPReg(AP reg 0x03)
T7BD0 000:333.193   Value=0x00000002
T7BD0 000:333.198 - 0.201ms returns 0
T7BD0 000:333.202 JLINK_CORESIGHT_ReadAPDPReg(AP reg 0x03)
T7BD0 000:333.389   Value=0x00000002
T7BD0 000:333.394 - 0.191ms returns 0
T7BD0 000:333.398 JLINK_CORESIGHT_ReadAPDPReg(AP reg 0x03)
T7BD0 000:333.615   Value=0x00000002
T7BD0 000:333.620 - 0.222ms returns 0
T7BD0 000:333.625 JLINK_CORESIGHT_ReadAPDPReg(AP reg 0x03)
T7BD0 000:333.817   Value=0x00000002
T7BD0 000:333.823 - 0.198ms returns 0
T7BD0 000:333.828 JLINK_CORESIGHT_ReadAPDPReg(AP reg 0x03)
T7BD0 000:334.037   Value=0x00000002
T7BD0 000:334.042 - 0.214ms returns 0
T7BD0 000:334.046 JLINK_CORESIGHT_ReadAPDPReg(AP reg 0x03)
T7BD0 000:334.238   Value=0x00000002
T7BD0 000:334.243 - 0.196ms returns 0
T7BD0 000:334.247 JLINK_CORESIGHT_ReadAPDPReg(AP reg 0x03)
T7BD0 000:334.444   Value=0x00000000
T7BD0 000:334.449 - 0.201ms returns 0
T7BD0 000:334.453 JLINK_CORESIGHT_WriteAPDPReg(AP reg 0x00, 0x80000002)
T7BD0 000:334.615 - 0.162ms returns 0
T7BD0 000:334.620 JLINK_CORESIGHT_WriteAPDPReg(AP reg 0x01, 0x80011130)
T7BD0 000:334.768 - 0.147ms returns 0
T7BD0 000:334.773 JLINK_CORESIGHT_ReadAPDPReg(AP reg 0x03)
T7BD0 000:334.970   Value=0x2C020081
T7BD0 000:334.975 - 0.202ms returns 0
T7BD0 000:334.980 JLINK_CORESIGHT_WriteAPDPReg(AP reg 0x00, 0x80000002)
T7BD0 000:335.126 - 0.146ms returns 0
T7BD0 000:335.131 JLINK_CORESIGHT_WriteAPDPReg(AP reg 0x01, 0x80011140)
T7BD0 000:335.277 - 0.146ms returns 0
T7BD0 000:335.282 JLINK_CORESIGHT_ReadAPDPReg(AP reg 0x03)
T7BD0 000:335.478   Value=0x00000000
T7BD0 000:335.483 - 0.201ms returns 0
T7BD0 000:335.487 JLINK_CORESIGHT_WriteAPDPReg(AP reg 0x00, 0x80000002)
T7BD0 000:335.647 - 0.159ms returns 0
T7BD0 000:335.652 JLINK_CORESIGHT_WriteAPDPReg(AP reg 0x01, 0x80011130)
T7BD0 000:335.797 - 0.145ms returns 0
T7BD0 000:335.802 JLINK_CORESIGHT_ReadAPDPReg(AP reg 0x03)
T7BD0 000:335.998   Value=0x0003CE04
T7BD0 000:336.003 - 0.201ms returns 0
T7BD0 000:336.009 JLINK_CORESIGHT_WriteAPDPReg(AP reg 0x00, 0x80000002)
T7BD0 000:336.156 - 0.146ms returns 0
T7BD0 000:336.161 JLINK_CORESIGHT_WriteAPDPReg(AP reg 0x01, 0x80011140)
T7BD0 000:336.307 - 0.146ms returns 0
T7BD0 000:336.312 JLINK_CORESIGHT_ReadAPDPReg(AP reg 0x03)
T7BD0 000:336.507   Value=0x00000002
T7BD0 000:336.512 - 0.200ms returns 0
T7BD0 000:336.517 JLINK_CORESIGHT_WriteAPDPReg(AP reg 0x00, 0x80000002)
T7BD0 000:336.723 - 0.206ms returns 0
T7BD0 000:336.728 JLINK_CORESIGHT_WriteAPDPReg(AP reg 0x01, 0x80011120)
T7BD0 000:336.876 - 0.148ms returns 0
T7BD0 000:336.881 JLINK_CORESIGHT_WriteAPDPReg(AP reg 0x03, 0x73010001)
T7BD0 000:337.027 - 0.146ms returns 0
T7BD0 000:337.032 JLINK_CORESIGHT_WriteAPDPReg(AP reg 0x00, 0x80000002)
T7BD0 000:337.178 - 0.146ms returns 0
T7BD0 000:337.183 JLINK_CORESIGHT_WriteAPDPReg(AP reg 0x01, 0x80011140)
T7BD0 000:337.465 - 0.282ms returns 0
T7BD0 000:337.485 JLINK_CORESIGHT_ReadAPDPReg(AP reg 0x03)
T7BD0 000:337.834   Value=0x00000002
T7BD0 000:337.847 - 0.362ms returns 0
T7BD0 000:337.854 JLINK_CORESIGHT_WriteAPDPReg(AP reg 0x00, 0x80000002)
T7BD0 000:338.061 - 0.206ms returns 0
T7BD0 000:338.074 JLINK_CORESIGHT_WriteAPDPReg(AP reg 0x01, 0x80011120)
T7BD0 000:338.313 - 0.237ms returns 0
T7BD0 000:338.325 JLINK_CORESIGHT_WriteAPDPReg(AP reg 0x03, 0x0000038C)
T7BD0 000:338.482 - 0.157ms returns 0
T7BD0 000:338.490 JLINK_CORESIGHT_WriteAPDPReg(AP reg 0x00, 0x80000002)
T7BD0 000:338.641 - 0.151ms returns 0
T7BD0 000:338.646 JLINK_CORESIGHT_WriteAPDPReg(AP reg 0x01, 0x80011140)
T7BD0 000:338.791 - 0.144ms returns 0
T7BD0 000:338.796 JLINK_CORESIGHT_ReadAPDPReg(AP reg 0x03)
T7BD0 000:338.992   Value=0x00000002
T7BD0 000:338.997 - 0.201ms returns 0
T7BD0 000:339.002 JLINK_CORESIGHT_ReadAPDPReg(AP reg 0x03)
T7BD0 000:339.198   Value=0x00000002
T7BD0 000:339.203 - 0.200ms returns 0
T7BD0 000:339.207 JLINK_CORESIGHT_ReadAPDPReg(AP reg 0x03)
T7BD0 000:339.414   Value=0x00000002
T7BD0 000:339.419 - 0.211ms returns 0
T7BD0 000:339.424 JLINK_CORESIGHT_ReadAPDPReg(AP reg 0x03)
T7BD0 000:339.615   Value=0x00000002
T7BD0 000:339.620 - 0.196ms returns 0
T7BD0 000:339.625 JLINK_CORESIGHT_ReadAPDPReg(AP reg 0x03)
T7BD0 000:339.819   Value=0x00000002
T7BD0 000:339.824 - 0.199ms returns 0
T7BD0 000:339.829 JLINK_CORESIGHT_ReadAPDPReg(AP reg 0x03)
T7BD0 000:340.012   Value=0x00000002
T7BD0 000:340.017 - 0.188ms returns 0
T7BD0 000:340.021 JLINK_CORESIGHT_ReadAPDPReg(AP reg 0x03)
T7BD0 000:340.217   Value=0x00000002
T7BD0 000:340.225 - 0.203ms returns 0
T7BD0 000:340.229 JLINK_CORESIGHT_ReadAPDPReg(AP reg 0x03)
T7BD0 000:340.526   Value=0x00000002
T7BD0 000:340.531 - 0.302ms returns 0
T7BD0 000:340.536 JLINK_CORESIGHT_ReadAPDPReg(AP reg 0x03)
T7BD0 000:340.773   Value=0x00000002
T7BD0 000:340.778 - 0.242ms returns 0
T7BD0 000:340.782 JLINK_CORESIGHT_ReadAPDPReg(AP reg 0x03)
T7BD0 000:340.978   Value=0x00000002
T7BD0 000:340.984 - 0.201ms returns 0
T7BD0 000:340.988 JLINK_CORESIGHT_ReadAPDPReg(AP reg 0x03)
T7BD0 000:341.185   Value=0x00000000
T7BD0 000:341.191 - 0.202ms returns 0
T7BD0 000:341.196 JLINK_CORESIGHT_WriteAPDPReg(AP reg 0x00, 0x80000002)
T7BD0 000:341.343 - 0.147ms returns 0
T7BD0 000:341.349 JLINK_CORESIGHT_WriteAPDPReg(AP reg 0x01, 0x80011130)
T7BD0 000:341.500 - 0.150ms returns 0
T7BD0 000:341.519 JLINK_CORESIGHT_ReadAPDPReg(AP reg 0x03)
T7BD0 000:341.776   Value=0x73020081
T7BD0 000:341.782 - 0.262ms returns 0
T7BD0 000:341.786 JLINK_CORESIGHT_WriteAPDPReg(AP reg 0x00, 0x80000002)
T7BD0 000:341.935 - 0.148ms returns 0
T7BD0 000:341.941 JLINK_CORESIGHT_WriteAPDPReg(AP reg 0x01, 0x80011140)
T7BD0 000:342.086 - 0.145ms returns 0
T7BD0 000:342.091 JLINK_CORESIGHT_ReadAPDPReg(AP reg 0x03)
T7BD0 000:342.311   Value=0x00000000
T7BD0 000:342.317 - 0.226ms returns 0
T7BD0 000:342.322 JLINK_CORESIGHT_WriteAPDPReg(AP reg 0x00, 0x80000002)
T7BD0 000:342.467 - 0.144ms returns 0
T7BD0 000:342.472 JLINK_CORESIGHT_WriteAPDPReg(AP reg 0x01, 0x80011130)
T7BD0 000:342.616 - 0.144ms returns 0
T7BD0 000:342.621 JLINK_CORESIGHT_ReadAPDPReg(AP reg 0x03)
T7BD0 000:342.878   Value=0x00038902
T7BD0 000:342.886 - 0.264ms returns 0
T7BD0 000:342.893 JLINK_CORESIGHT_WriteAPDPReg(AP reg 0x00, 0x80000002)
T7BD0 000:343.105 - 0.212ms returns 0
T7BD0 000:343.111 JLINK_CORESIGHT_WriteAPDPReg(AP reg 0x01, 0x80011140)
T7BD0 000:343.267 - 0.155ms returns 0
T7BD0 000:343.276 JLINK_CORESIGHT_ReadAPDPReg(AP reg 0x03)
T7BD0 000:343.477   Value=0x00000002
T7BD0 000:343.482 - 0.206ms returns 0
T7BD0 000:343.487 JLINK_CORESIGHT_WriteAPDPReg(AP reg 0x00, 0x80000002)
T7BD0 000:343.643 - 0.155ms returns 0
T7BD0 000:343.648 JLINK_CORESIGHT_WriteAPDPReg(AP reg 0x01, 0x80011120)
T7BD0 000:343.795 - 0.146ms returns 0
T7BD0 000:343.801 JLINK_CORESIGHT_WriteAPDPReg(AP reg 0x03, 0x75010001)
T7BD0 000:343.992 - 0.191ms returns 0
T7BD0 000:343.999 JLINK_CORESIGHT_WriteAPDPReg(AP reg 0x00, 0x80000002)
T7BD0 000:344.198 - 0.199ms returns 0
T7BD0 000:344.205 JLINK_CORESIGHT_WriteAPDPReg(AP reg 0x01, 0x80011140)
T7BD0 000:344.477 - 0.271ms returns 0
T7BD0 000:344.485 JLINK_CORESIGHT_ReadAPDPReg(AP reg 0x03)
T7BD0 000:344.776   Value=0x00000002
T7BD0 000:344.784 - 0.299ms returns 0
T7BD0 000:344.789 JLINK_CORESIGHT_WriteAPDPReg(AP reg 0x00, 0x80000002)
T7BD0 000:344.984 - 0.194ms returns 0
T7BD0 000:344.991 JLINK_CORESIGHT_WriteAPDPReg(AP reg 0x01, 0x80011120)
T7BD0 000:345.184 - 0.193ms returns 0
T7BD0 000:345.192 JLINK_CORESIGHT_WriteAPDPReg(AP reg 0x03, 0x0000038A)
T7BD0 000:345.382 - 0.190ms returns 0
T7BD0 000:345.389 JLINK_CORESIGHT_WriteAPDPReg(AP reg 0x00, 0x80000002)
T7BD0 000:345.618 - 0.228ms returns 0
T7BD0 000:345.624 JLINK_CORESIGHT_WriteAPDPReg(AP reg 0x01, 0x80011140)
T7BD0 000:345.821 - 0.197ms returns 0
T7BD0 000:345.832 JLINK_CORESIGHT_ReadAPDPReg(AP reg 0x03)
T7BD0 000:346.183   Value=0x00000002
T7BD0 000:346.190 - 0.358ms returns 0
T7BD0 000:346.195 JLINK_CORESIGHT_ReadAPDPReg(AP reg 0x03)
T7BD0 000:346.394   Value=0x00000002
T7BD0 000:346.400 - 0.205ms returns 0
T7BD0 000:346.406 JLINK_CORESIGHT_ReadAPDPReg(AP reg 0x03)
T7BD0 000:346.618   Value=0x00000002
T7BD0 000:346.624 - 0.218ms returns 0
T7BD0 000:346.629 JLINK_CORESIGHT_ReadAPDPReg(AP reg 0x03)
T7BD0 000:346.825   Value=0x00000002
T7BD0 000:346.831 - 0.202ms returns 0
T7BD0 000:346.836 JLINK_CORESIGHT_ReadAPDPReg(AP reg 0x03)
T7BD0 000:347.082   Value=0x00000002
T7BD0 000:347.104 - 0.267ms returns 0
T7BD0 000:347.112 JLINK_CORESIGHT_ReadAPDPReg(AP reg 0x03)
T7BD0 000:347.345   Value=0x00000002
T7BD0 000:347.358 - 0.245ms returns 0
T7BD0 000:347.375 JLINK_CORESIGHT_ReadAPDPReg(AP reg 0x03)
T7BD0 000:347.619   Value=0x00000002
T7BD0 000:347.630 - 0.255ms returns 0
T7BD0 000:347.636 JLINK_CORESIGHT_ReadAPDPReg(AP reg 0x03)
T7BD0 000:347.842   Value=0x00000002
T7BD0 000:347.848 - 0.212ms returns 0
T7BD0 000:347.853 JLINK_CORESIGHT_ReadAPDPReg(AP reg 0x03)
T7BD0 000:348.161   Value=0x00000000
T7BD0 000:348.173 - 0.319ms returns 0
T7BD0 000:348.183 JLINK_CORESIGHT_WriteAPDPReg(AP reg 0x00, 0x80000002)
T7BD0 000:348.338 - 0.156ms returns 0
T7BD0 000:348.343 JLINK_CORESIGHT_WriteAPDPReg(AP reg 0x01, 0x80011130)
T7BD0 000:348.488 - 0.144ms returns 0
T7BD0 000:348.493 JLINK_CORESIGHT_ReadAPDPReg(AP reg 0x03)
T7BD0 000:348.691   Value=0x75020081
T7BD0 000:348.696 - 0.203ms returns 0
T7BD0 000:348.701 JLINK_CORESIGHT_WriteAPDPReg(AP reg 0x00, 0x80000002)
T7BD0 000:348.842 - 0.141ms returns 0
T7BD0 000:348.847 JLINK_CORESIGHT_WriteAPDPReg(AP reg 0x01, 0x80011140)
T7BD0 000:349.099 - 0.252ms returns 0
T7BD0 000:349.104 JLINK_CORESIGHT_ReadAPDPReg(AP reg 0x03)
T7BD0 000:349.324   Value=0x00000000
T7BD0 000:349.329 - 0.225ms returns 0
T7BD0 000:349.333 JLINK_CORESIGHT_WriteAPDPReg(AP reg 0x00, 0x80000002)
T7BD0 000:349.482 - 0.149ms returns 0
T7BD0 000:349.489 JLINK_CORESIGHT_WriteAPDPReg(AP reg 0x01, 0x80011130)
T7BD0 000:349.643 - 0.154ms returns 0
T7BD0 000:349.649 JLINK_CORESIGHT_ReadAPDPReg(AP reg 0x03)
T7BD0 000:349.845   Value=0x00038702
T7BD0 000:349.850 - 0.201ms returns 0
T7BD0 000:349.864 JLINK_CORESIGHT_WriteAPDPReg(AP reg 0x00, 0x80000002)
T7BD0 000:350.101 - 0.237ms returns 0
T7BD0 000:350.106 JLINK_CORESIGHT_WriteAPDPReg(AP reg 0x01, 0x80011140)
T7BD0 000:350.277 - 0.170ms returns 0
T7BD0 000:350.282 JLINK_CORESIGHT_ReadAPDPReg(AP reg 0x03)
T7BD0 000:350.493   Value=0x00000002
T7BD0 000:350.498 - 0.216ms returns 0
T7BD0 000:350.503 JLINK_CORESIGHT_WriteAPDPReg(AP reg 0x00, 0x80000002)
T7BD0 000:350.667 - 0.164ms returns 0
T7BD0 000:350.672 JLINK_CORESIGHT_WriteAPDPReg(AP reg 0x01, 0x80011120)
T7BD0 000:350.818 - 0.146ms returns 0
T7BD0 000:350.824 JLINK_CORESIGHT_WriteAPDPReg(AP reg 0x03, 0x4F010001)
T7BD0 000:350.972 - 0.148ms returns 0
T7BD0 000:350.978 JLINK_CORESIGHT_WriteAPDPReg(AP reg 0x00, 0x80000002)
T7BD0 000:351.123 - 0.145ms returns 0
T7BD0 000:351.129 JLINK_CORESIGHT_WriteAPDPReg(AP reg 0x01, 0x80011140)
T7BD0 000:351.274 - 0.145ms returns 0
T7BD0 000:351.279 JLINK_CORESIGHT_ReadAPDPReg(AP reg 0x03)
T7BD0 000:351.474   Value=0x00000002
T7BD0 000:351.479 - 0.200ms returns 0
T7BD0 000:351.484 JLINK_CORESIGHT_WriteAPDPReg(AP reg 0x00, 0x80000002)
T7BD0 000:351.643 - 0.159ms returns 0
T7BD0 000:351.649 JLINK_CORESIGHT_WriteAPDPReg(AP reg 0x01, 0x80011120)
T7BD0 000:351.842 - 0.192ms returns 0
T7BD0 000:351.853 JLINK_CORESIGHT_WriteAPDPReg(AP reg 0x03, 0x000003B0)
T7BD0 000:352.010 - 0.157ms returns 0
T7BD0 000:352.017 JLINK_CORESIGHT_WriteAPDPReg(AP reg 0x00, 0x80000002)
T7BD0 000:352.219 - 0.202ms returns 0
T7BD0 000:352.230 JLINK_CORESIGHT_WriteAPDPReg(AP reg 0x01, 0x80011140)
T7BD0 000:352.377 - 0.147ms returns 0
T7BD0 000:352.383 JLINK_CORESIGHT_ReadAPDPReg(AP reg 0x03)
T7BD0 000:352.620   Value=0x00000002
T7BD0 000:352.628 - 0.245ms returns 0
T7BD0 000:352.634 JLINK_CORESIGHT_ReadAPDPReg(AP reg 0x03)
T7BD0 000:352.833   Value=0x00000002
T7BD0 000:352.838 - 0.204ms returns 0
T7BD0 000:352.843 JLINK_CORESIGHT_ReadAPDPReg(AP reg 0x03)
T7BD0 000:353.222   Value=0x00000002
T7BD0 000:353.244 - 0.400ms returns 0
T7BD0 000:353.253 JLINK_CORESIGHT_ReadAPDPReg(AP reg 0x03)
T7BD0 000:353.481   Value=0x00000002
T7BD0 000:353.490 - 0.236ms returns 0
T7BD0 000:353.496 JLINK_CORESIGHT_ReadAPDPReg(AP reg 0x03)
T7BD0 000:353.698   Value=0x00000002
T7BD0 000:353.705 - 0.209ms returns 0
T7BD0 000:353.710 JLINK_CORESIGHT_ReadAPDPReg(AP reg 0x03)
T7BD0 000:353.911   Value=0x00000002
T7BD0 000:353.916 - 0.207ms returns 0
T7BD0 000:353.921 JLINK_CORESIGHT_ReadAPDPReg(AP reg 0x03)
T7BD0 000:354.125   Value=0x00000002
T7BD0 000:354.130 - 0.209ms returns 0
T7BD0 000:354.138 JLINK_CORESIGHT_ReadAPDPReg(AP reg 0x03)
T7BD0 000:354.341   Value=0x00000002
T7BD0 000:354.346 - 0.208ms returns 0
T7BD0 000:354.657 JLINK_CORESIGHT_ReadAPDPReg(AP reg 0x03)
T7BD0 000:354.876   Value=0x00000002
T7BD0 000:354.887 - 0.229ms returns 0
T7BD0 000:354.897 JLINK_CORESIGHT_ReadAPDPReg(AP reg 0x03)
T7BD0 000:355.096   Value=0x00000002
T7BD0 000:355.101 - 0.204ms returns 0
T7BD0 000:355.105 JLINK_CORESIGHT_ReadAPDPReg(AP reg 0x03)
T7BD0 000:355.311   Value=0x00000002
T7BD0 000:355.317 - 0.211ms returns 0
T7BD0 000:355.322 JLINK_CORESIGHT_ReadAPDPReg(AP reg 0x03)
T7BD0 000:355.529   Value=0x00000002
T7BD0 000:355.548 - 0.226ms returns 0
T7BD0 000:355.560 JLINK_CORESIGHT_ReadAPDPReg(AP reg 0x03)
T7BD0 000:355.776   Value=0x00000002
T7BD0 000:355.782 - 0.222ms returns 0
T7BD0 000:355.787 JLINK_CORESIGHT_ReadAPDPReg(AP reg 0x03)
T7BD0 000:355.985   Value=0x00000000
T7BD0 000:355.991 - 0.204ms returns 0
T7BD0 000:355.996 JLINK_CORESIGHT_WriteAPDPReg(AP reg 0x00, 0x80000002)
T7BD0 000:356.152 - 0.155ms returns 0
T7BD0 000:356.162 JLINK_CORESIGHT_WriteAPDPReg(AP reg 0x01, 0x80011130)
T7BD0 000:356.318 - 0.156ms returns 0
T7BD0 000:356.323 JLINK_CORESIGHT_ReadAPDPReg(AP reg 0x03)
T7BD0 000:356.525   Value=0x4F0B0081
T7BD0 000:356.531 - 0.207ms returns 0
T7BD0 000:356.535 JLINK_CORESIGHT_WriteAPDPReg(AP reg 0x00, 0x80000002)
T7BD0 000:356.729 - 0.193ms returns 0
T7BD0 000:356.743 JLINK_CORESIGHT_WriteAPDPReg(AP reg 0x01, 0x80011140)
T7BD0 000:356.902 - 0.159ms returns 0
T7BD0 000:356.907 JLINK_CORESIGHT_ReadAPDPReg(AP reg 0x03)
T7BD0 000:357.107   Value=0x00000000
T7BD0 000:357.114 - 0.207ms returns 0
T7BD0 000:357.119 JLINK_CORESIGHT_WriteAPDPReg(AP reg 0x00, 0x80000002)
T7BD0 000:357.311 - 0.190ms returns 0
T7BD0 000:357.331 JLINK_CORESIGHT_WriteAPDPReg(AP reg 0x01, 0x80011130)
T7BD0 000:357.484 - 0.156ms returns 0
T7BD0 000:357.491 JLINK_CORESIGHT_ReadAPDPReg(AP reg 0x03)
T7BD0 000:357.695   Value=0x20000000
T7BD0 000:357.721 - 0.227ms returns 0
T7BD0 000:357.737 JLINK_CORESIGHT_WriteAPDPReg(AP reg 0x00, 0x80000002)
T7BD0 000:357.892 - 0.155ms returns 0
T7BD0 000:357.907 JLINK_CORESIGHT_WriteAPDPReg(AP reg 0x01, 0x80011140)
T7BD0 000:358.067 - 0.160ms returns 0
T7BD0 000:358.074 JLINK_CORESIGHT_ReadAPDPReg(AP reg 0x03)
T7BD0 000:358.294   Value=0x00000000
T7BD0 000:358.300 - 0.226ms returns 0
T7BD0 000:358.306 JLINK_CORESIGHT_WriteAPDPReg(AP reg 0x00, 0x80000002)
T7BD0 000:358.462 - 0.156ms returns 0
T7BD0 000:358.468 JLINK_CORESIGHT_WriteAPDPReg(AP reg 0x01, 0x80011130)
T7BD0 000:358.616 - 0.147ms returns 0
T7BD0 000:358.622 JLINK_CORESIGHT_ReadAPDPReg(AP reg 0x03)
T7BD0 000:358.821   Value=0x00000000
T7BD0 000:358.827 - 0.205ms returns 0
T7BD0 000:358.832 JLINK_CORESIGHT_WriteAPDPReg(AP reg 0x00, 0x80000002)
T7BD0 000:358.987 - 0.155ms returns 0
T7BD0 000:358.992 JLINK_CORESIGHT_WriteAPDPReg(AP reg 0x01, 0x80011140)
T7BD0 000:359.142 - 0.150ms returns 0
T7BD0 000:359.149 JLINK_CORESIGHT_ReadAPDPReg(AP reg 0x03)
T7BD0 000:359.371   Value=0x00000000
T7BD0 000:359.376 - 0.227ms returns 0
T7BD0 000:359.381 JLINK_CORESIGHT_WriteAPDPReg(AP reg 0x00, 0x80000002)
T7BD0 000:359.527 - 0.145ms returns 0
T7BD0 000:359.532 JLINK_CORESIGHT_WriteAPDPReg(AP reg 0x01, 0x80011130)
T7BD0 000:359.723 - 0.191ms returns 0
T7BD0 000:359.728 JLINK_CORESIGHT_ReadAPDPReg(AP reg 0x03)
T7BD0 000:359.924   Value=0x03860000
T7BD0 000:359.930 - 0.201ms returns 0
T7BD0 000:359.989 JLINK_CORESIGHT_ReadAPDPReg(DP reg 0x01)
T7BD0 000:360.163   Value=0xF0000F40
T7BD0 000:360.170 - 0.181ms returns 0
T7BD0 000:360.176 JLINK_CORESIGHT_WriteAPDPReg(DP reg 0x01, 0xA0000F40)
T7BD0 000:360.349 - 0.173ms returns 0
T7BD0 000:360.354 JLINK_CORESIGHT_ReadAPDPReg(DP reg 0x01)
T7BD0 000:360.537   Value=0x00000F40
T7BD0 000:360.548 - 0.193ms returns 0
T7BD0 000:360.557 JLINK_ClrRESET()
T7BD0 000:360.717 - 0.160ms 
T7BD0 000:463.557 JLINK_Close()
T7BD0 000:472.011 - 8.454ms
T7BD0 000:472.052   
T7BD0 000:472.058   Closed
