Archive member included to satisfy reference by file (symbol)

C:/Renesas/RA/e2studio_v2025-01_fsp_v5.8.0/toolchains/gcc_arm/13.2.rel1/bin/../lib/gcc/arm-none-eabi/13.2.1/thumb/v8-m.main+dp/hard\libg_nano.a(libc_a-exit.o)
                              C:/Renesas/RA/e2studio_v2025-01_fsp_v5.8.0/toolchains/gcc_arm/13.2.rel1/bin/../lib/gcc/arm-none-eabi/13.2.1/thumb/v8-m.main+dp/hard/crt0.o (exit)
C:/Renesas/RA/e2studio_v2025-01_fsp_v5.8.0/toolchains/gcc_arm/13.2.rel1/bin/../lib/gcc/arm-none-eabi/13.2.1/thumb/v8-m.main+dp/hard\libg_nano.a(libc_a-findfp.o)
                              C:/Renesas/RA/e2studio_v2025-01_fsp_v5.8.0/toolchains/gcc_arm/13.2.rel1/bin/../lib/gcc/arm-none-eabi/13.2.1/thumb/v8-m.main+dp/hard\libg_nano.a(libc_a-exit.o) (__stdio_exit_handler)
C:/Renesas/RA/e2studio_v2025-01_fsp_v5.8.0/toolchains/gcc_arm/13.2.rel1/bin/../lib/gcc/arm-none-eabi/13.2.1/thumb/v8-m.main+dp/hard\libg_nano.a(libc_a-fwalk.o)
                              C:/Renesas/RA/e2studio_v2025-01_fsp_v5.8.0/toolchains/gcc_arm/13.2.rel1/bin/../lib/gcc/arm-none-eabi/13.2.1/thumb/v8-m.main+dp/hard\libg_nano.a(libc_a-findfp.o) (_fwalk_sglue)
C:/Renesas/RA/e2studio_v2025-01_fsp_v5.8.0/toolchains/gcc_arm/13.2.rel1/bin/../lib/gcc/arm-none-eabi/13.2.1/thumb/v8-m.main+dp/hard\libg_nano.a(libc_a-stdio.o)
                              C:/Renesas/RA/e2studio_v2025-01_fsp_v5.8.0/toolchains/gcc_arm/13.2.rel1/bin/../lib/gcc/arm-none-eabi/13.2.1/thumb/v8-m.main+dp/hard\libg_nano.a(libc_a-findfp.o) (__sread)
C:/Renesas/RA/e2studio_v2025-01_fsp_v5.8.0/toolchains/gcc_arm/13.2.rel1/bin/../lib/gcc/arm-none-eabi/13.2.1/thumb/v8-m.main+dp/hard\libg_nano.a(libc_a-memset.o)
                              C:/Renesas/RA/e2studio_v2025-01_fsp_v5.8.0/toolchains/gcc_arm/13.2.rel1/bin/../lib/gcc/arm-none-eabi/13.2.1/thumb/v8-m.main+dp/hard/crt0.o (memset)
C:/Renesas/RA/e2studio_v2025-01_fsp_v5.8.0/toolchains/gcc_arm/13.2.rel1/bin/../lib/gcc/arm-none-eabi/13.2.1/thumb/v8-m.main+dp/hard\libg_nano.a(libc_a-closer.o)
                              C:/Renesas/RA/e2studio_v2025-01_fsp_v5.8.0/toolchains/gcc_arm/13.2.rel1/bin/../lib/gcc/arm-none-eabi/13.2.1/thumb/v8-m.main+dp/hard\libg_nano.a(libc_a-stdio.o) (_close_r)
C:/Renesas/RA/e2studio_v2025-01_fsp_v5.8.0/toolchains/gcc_arm/13.2.rel1/bin/../lib/gcc/arm-none-eabi/13.2.1/thumb/v8-m.main+dp/hard\libg_nano.a(libc_a-reent.o)
                              C:/Renesas/RA/e2studio_v2025-01_fsp_v5.8.0/toolchains/gcc_arm/13.2.rel1/bin/../lib/gcc/arm-none-eabi/13.2.1/thumb/v8-m.main+dp/hard\libg_nano.a(libc_a-closer.o) (errno)
C:/Renesas/RA/e2studio_v2025-01_fsp_v5.8.0/toolchains/gcc_arm/13.2.rel1/bin/../lib/gcc/arm-none-eabi/13.2.1/thumb/v8-m.main+dp/hard\libg_nano.a(libc_a-impure.o)
                              C:/Renesas/RA/e2studio_v2025-01_fsp_v5.8.0/toolchains/gcc_arm/13.2.rel1/bin/../lib/gcc/arm-none-eabi/13.2.1/thumb/v8-m.main+dp/hard\libg_nano.a(libc_a-reent.o) (_impure_ptr)
C:/Renesas/RA/e2studio_v2025-01_fsp_v5.8.0/toolchains/gcc_arm/13.2.rel1/bin/../lib/gcc/arm-none-eabi/13.2.1/thumb/v8-m.main+dp/hard\libg_nano.a(libc_a-lseekr.o)
                              C:/Renesas/RA/e2studio_v2025-01_fsp_v5.8.0/toolchains/gcc_arm/13.2.rel1/bin/../lib/gcc/arm-none-eabi/13.2.1/thumb/v8-m.main+dp/hard\libg_nano.a(libc_a-stdio.o) (_lseek_r)
C:/Renesas/RA/e2studio_v2025-01_fsp_v5.8.0/toolchains/gcc_arm/13.2.rel1/bin/../lib/gcc/arm-none-eabi/13.2.1/thumb/v8-m.main+dp/hard\libg_nano.a(libc_a-readr.o)
                              C:/Renesas/RA/e2studio_v2025-01_fsp_v5.8.0/toolchains/gcc_arm/13.2.rel1/bin/../lib/gcc/arm-none-eabi/13.2.1/thumb/v8-m.main+dp/hard\libg_nano.a(libc_a-stdio.o) (_read_r)
C:/Renesas/RA/e2studio_v2025-01_fsp_v5.8.0/toolchains/gcc_arm/13.2.rel1/bin/../lib/gcc/arm-none-eabi/13.2.1/thumb/v8-m.main+dp/hard\libg_nano.a(libc_a-writer.o)
                              C:/Renesas/RA/e2studio_v2025-01_fsp_v5.8.0/toolchains/gcc_arm/13.2.rel1/bin/../lib/gcc/arm-none-eabi/13.2.1/thumb/v8-m.main+dp/hard\libg_nano.a(libc_a-stdio.o) (_write_r)
C:/Renesas/RA/e2studio_v2025-01_fsp_v5.8.0/toolchains/gcc_arm/13.2.rel1/bin/../lib/gcc/arm-none-eabi/13.2.1/thumb/v8-m.main+dp/hard\libg_nano.a(libc_a-errno.o)
                              ./ra/fsp/src/bsp/mcu/all/bsp_sbrk.o (__errno)
C:/Renesas/RA/e2studio_v2025-01_fsp_v5.8.0/toolchains/gcc_arm/13.2.rel1/bin/../lib/gcc/arm-none-eabi/13.2.1/thumb/v8-m.main+dp/hard\libg_nano.a(libc_a-init.o)
                              C:/Renesas/RA/e2studio_v2025-01_fsp_v5.8.0/toolchains/gcc_arm/13.2.rel1/bin/../lib/gcc/arm-none-eabi/13.2.1/thumb/v8-m.main+dp/hard/crt0.o (__libc_init_array)
C:/Renesas/RA/e2studio_v2025-01_fsp_v5.8.0/toolchains/gcc_arm/13.2.rel1/bin/../lib/gcc/arm-none-eabi/13.2.1/thumb/v8-m.main+dp/hard\libg_nano.a(libc_a-lock.o)
[...]
Memory Configuration

Name             Origin             Length             Attributes
ITCM             0x00000000         0x00010000         xr
DTCM             0x20000000         0x00010000         xrw
FLASH            0x02000000         0x001f8000         xr
RAM              0x22000000         0x000e0000         xrw
DATA_FLASH       0x27000000         0x00003000         xr
QSPI_FLASH       0x60000000         0x00000000         xr
OSPI_DEVICE_0    0x80000000         0x10000000         xr
OSPI_DEVICE_1    0x90000000         0x10000000         xr
OSPI_DEVICE_0_RAM 0x80000000         0x10000000         xrw
OSPI_DEVICE_1_RAM 0x90000000         0x10000000         xrw
SDRAM            0x68000000         0x08000000         xrw
OPTION_SETTING   0x0300a100         0x00000100         r
OPTION_SETTING_OFS 0x0300a100         0x00000018         r
OPTION_SETTING_SAS 0x0300a134         0x000000cc         r
OPTION_SETTING_S 0x0300a200         0x00000100         r
OPTION_SETTING_DATA_FLASH_S 0x27030080         0x00000800         r
ID_CODE          0x00000000         0x00000000         xr
*default*        0x00000000         0xffffffff

Linker script and memory map

LOAD C:/Renesas/RA/e2studio_v2025-01_fsp_v5.8.0/toolchains/gcc_arm/13.2.rel1/bin/../lib/gcc/arm-none-eabi/13.2.1/thumb/v8-m.main+dp/hard/crti.o
LOAD C:/Renesas/RA/e2studio_v2025-01_fsp_v5.8.0/toolchains/gcc_arm/13.2.rel1/bin/../lib/gcc/arm-none-eabi/13.2.1/thumb/v8-m.main+dp/hard/crtbegin.o
LOAD C:/Renesas/RA/e2studio_v2025-01_fsp_v5.8.0/toolchains/gcc_arm/13.2.rel1/bin/../lib/gcc/arm-none-eabi/13.2.1/thumb/v8-m.main+dp/hard/crt0.o
START GROUP
LOAD ./src/SEGGER_RTT/SEGGER_RTT.o
LOAD ./src/SEGGER_RTT/SEGGER_RTT_printf.o
LOAD ./src/common_init.o
LOAD ./src/hal_entry.o
LOAD ./src/r_usb_pcdc_descriptor.o
LOAD ./ra_gen/common_data.o
LOAD ./ra_gen/hal_data.o
LOAD ./ra_gen/main.o
LOAD ./ra_gen/pin_data.o
LOAD ./ra_gen/vector_data.o
LOAD ./ra/fsp/src/r_usb_pcdc/src/r_usb_pcdc_driver.o
LOAD ./ra/fsp/src/r_usb_basic/src/hw/r_usb_creg_abs.o
LOAD ./ra/fsp/src/r_usb_basic/src/hw/r_usb_creg_access.o
LOAD ./ra/fsp/src/r_usb_basic/src/hw/r_usb_dma.o
LOAD ./ra/fsp/src/r_usb_basic/src/hw/r_usb_hostelectrical.o
LOAD ./ra/fsp/src/r_usb_basic/src/hw/r_usb_hreg_abs.o
LOAD ./ra/fsp/src/r_usb_basic/src/hw/r_usb_hreg_access.o
LOAD ./ra/fsp/src/r_usb_basic/src/hw/r_usb_mcu.o
LOAD ./ra/fsp/src/r_usb_basic/src/hw/r_usb_preg_abs.o
LOAD ./ra/fsp/src/r_usb_basic/src/hw/r_usb_preg_access.o
LOAD ./ra/fsp/src/r_usb_basic/src/driver/r_usb_cdataio.o
LOAD ./ra/fsp/src/r_usb_basic/src/driver/r_usb_clibusbip.o
LOAD ./ra/fsp/src/r_usb_basic/src/driver/r_usb_cstd_rtos.o
LOAD ./ra/fsp/src/r_usb_basic/src/driver/r_usb_hbc.o
LOAD ./ra/fsp/src/r_usb_basic/src/driver/r_usb_hcontrolrw.o
LOAD ./ra/fsp/src/r_usb_basic/src/driver/r_usb_hdriver.o
LOAD ./ra/fsp/src/r_usb_basic/src/driver/r_usb_hhubsys.o
LOAD ./ra/fsp/src/r_usb_basic/src/driver/r_usb_hintfifo.o
LOAD ./ra/fsp/src/r_usb_basic/src/driver/r_usb_hinthandler_usbip0.o
LOAD ./ra/fsp/src/r_usb_basic/src/driver/r_usb_hinthandler_usbip1.o
LOAD ./ra/fsp/src/r_usb_basic/src/driver/r_usb_hlibusbip.o
LOAD ./ra/fsp/src/r_usb_basic/src/driver/r_usb_hmanager.o
LOAD ./ra/fsp/src/r_usb_basic/src/driver/r_usb_hscheduler.o
LOAD ./ra/fsp/src/r_usb_basic/src/driver/r_usb_hsignal.o
LOAD ./ra/fsp/src/r_usb_basic/src/driver/r_usb_hstdfunction.o
LOAD ./ra/fsp/src/r_usb_basic/src/driver/r_usb_pbc.o
LOAD ./ra/fsp/src/r_usb_basic/src/driver/r_usb_pcontrolrw.o
LOAD ./ra/fsp/src/r_usb_basic/src/driver/r_usb_pdriver.o
LOAD ./ra/fsp/src/r_usb_basic/src/driver/r_usb_pintfifo.o
LOAD ./ra/fsp/src/r_usb_basic/src/driver/r_usb_pinthandler_usbip0.o
LOAD ./ra/fsp/src/r_usb_basic/src/driver/r_usb_plibusbip.o
LOAD ./ra/fsp/src/r_usb_basic/src/driver/r_usb_psignal.o
LOAD ./ra/fsp/src/r_usb_basic/src/driver/r_usb_pstdfunction.o
LOAD ./ra/fsp/src/r_usb_basic/src/driver/r_usb_pstdrequest.o
LOAD ./ra/fsp/src/r_usb_basic/r_usb_basic.o
LOAD ./ra/fsp/src/r_ioport/r_ioport.o
LOAD ./ra/fsp/src/r_agt/r_agt.o
LOAD ./ra/fsp/src/r_adc/r_adc.o
LOAD ./ra/fsp/src/bsp/mcu/all/bsp_clocks.o
LOAD ./ra/fsp/src/bsp/mcu/all/bsp_common.o
LOAD ./ra/fsp/src/bsp/mcu/all/bsp_delay.o
LOAD ./ra/fsp/src/bsp/mcu/all/bsp_group_irq.o
LOAD ./ra/fsp/src/bsp/mcu/all/bsp_guard.o
LOAD ./ra/fsp/src/bsp/mcu/all/bsp_io.o
LOAD ./ra/fsp/src/bsp/mcu/all/bsp_irq.o
LOAD ./ra/fsp/src/bsp/mcu/all/bsp_macl.o
LOAD ./ra/fsp/src/bsp/mcu/all/bsp_register_protection.o
LOAD ./ra/fsp/src/bsp/mcu/all/bsp_rom_registers.o
LOAD ./ra/fsp/src/bsp/mcu/all/bsp_sbrk.o
LOAD ./ra/fsp/src/bsp/mcu/all/bsp_sdram.o
LOAD ./ra/fsp/src/bsp/mcu/all/bsp_security.o
LOAD ./ra/fsp/src/bsp/cmsis/Device/RENESAS/Source/startup.o
LOAD ./ra/fsp/src/bsp/cmsis/Device/RENESAS/Source/system.o
LOAD ./ra/board/ra8d1_aik/board_init.o
LOAD ./ra/board/ra8d1_aik/board_leds.o
END GROUP
START GROUP
LOAD C:/Renesas/RA/e2studio_v2025-01_fsp_v5.8.0/toolchains/gcc_arm/13.2.rel1/bin/../lib/gcc/arm-none-eabi/13.2.1/thumb/v8-m.main+dp/hard\libgcc.a
LOAD C:/Renesas/RA/e2studio_v2025-01_fsp_v5.8.0/toolchains/gcc_arm/13.2.rel1/bin/../lib/gcc/arm-none-eabi/13.2.1/thumb/v8-m.main+dp/hard\libg_nano.a
LOAD C:/Renesas/RA/e2studio_v2025-01_fsp_v5.8.0/toolchains/gcc_arm/13.2.rel1/bin/../lib/gcc/arm-none-eabi/13.2.1/thumb/v8-m.main+dp/hard\libc_nano.a
END GROUP
START GROUP
LOAD C:/Renesas/RA/e2studio_v2025-01_fsp_v5.8.0/toolchains/gcc_arm/13.2.rel1/bin/../lib/gcc/arm-none-eabi/13.2.1/thumb/v8-m.main+dp/hard\libgcc.a
LOAD C:/Renesas/RA/e2studio_v2025-01_fsp_v5.8.0/toolchains/gcc_arm/13.2.rel1/bin/../lib/gcc/arm-none-eabi/13.2.1/thumb/v8-m.main+dp/hard\libc_nano.a
END GROUP
LOAD C:/Renesas/RA/e2studio_v2025-01_fsp_v5.8.0/toolchains/gcc_arm/13.2.rel1/bin/../lib/gcc/arm-none-eabi/13.2.1/thumb/v8-m.main+dp/hard/crtend.o
LOAD C:/Renesas/RA/e2studio_v2025-01_fsp_v5.8.0/toolchains/gcc_arm/13.2.rel1/bin/../lib/gcc/arm-none-eabi/13.2.1/thumb/v8-m.main+dp/hard/crtn.o
                0x22000000                        RAM_START = 0x22000000
                0x000e0000                        RAM_LENGTH = 0xe0000
                0x02000000                        FLASH_START = 0x2000000
                0x001f8000                        FLASH_LENGTH = 0x1f8000
                0x27000000                        DATA_FLASH_START = 0x27000000
                0x00003000                        DATA_FLASH_LENGTH = 0x3000
                0x0300a100                        OPTION_SETTING_START = 0x300a100
                0x00000100                        OPTION_SETTING_LENGTH = 0x100
                0x0300a200                        OPTION_SETTING_S_START = 0x300a200
                0x00000100                        OPTION_SETTING_S_LENGTH = 0x100
                0x27030080                        OPTION_SETTING_DATA_FLASH_S_START = 0x27030080
                0x00000800                        OPTION_SETTING_DATA_FLASH_S_LENGTH = 0x800
                0x00000000                        ID_CODE_START = 0x0
                0x00000000                        ID_CODE_LENGTH = 0x0
                0x68000000                        SDRAM_START = 0x68000000
                0x08000000                        SDRAM_LENGTH = 0x8000000
                0x60000000                        QSPI_FLASH_START = 0x60000000
                0x00000000                        QSPI_FLASH_LENGTH = 0x0
                0x80000000                        OSPI_DEVICE_0_START = 0x80000000
                0x10000000                        OSPI_DEVICE_0_LENGTH = 0x10000000
                0x90000000                        OSPI_DEVICE_1_START = 0x90000000
                0x10000000                        OSPI_DEVICE_1_LENGTH = 0x10000000
                0x00000000                        ITCM_START = 0x0
                0x00010000                        ITCM_LENGTH = 0x10000
                0x20000000                        DTCM_START = 0x20000000
                0x00010000                        DTCM_LENGTH = 0x10000
                0x10000000                        NS_OFFSET_START = 0x10000000
                0x00000000                        NS_OFFSET_LENGTH = 0x0
                0x00000000                        QSPI_FLASH_PRV_LENGTH = DEFINED (QSPI_FLASH_SIZE)?ABSOLUTE (QSPI_FLASH_SIZE):ABSOLUTE (QSPI_FLASH_LENGTH)
                0x10000000                        OSPI_DEVICE_0_PRV_LENGTH = DEFINED (OSPI_DEVICE_0_SIZE)?ABSOLUTE (OSPI_DEVICE_0_SIZE):ABSOLUTE (OSPI_DEVICE_0_LENGTH)
                0x10000000                        OSPI_DEVICE_1_PRV_LENGTH = DEFINED (OSPI_DEVICE_1_SIZE)?ABSOLUTE (OSPI_DEVICE_1_SIZE):ABSOLUTE (OSPI_DEVICE_1_LENGTH)
                0x00000000                        __RESERVE_NS_RAM = ((! (DEFINED (PROJECT_NONSECURE)) && DEFINED (RAM_NS_BUFFER_LENGTH)) && (OPTION_SETTING_S_LENGTH != 0x0))
                0x00000000                        ITCM_START = DEFINED (ITCM_START)?ITCM_START:0x0
                0x00010000                        ITCM_LENGTH = DEFINED (ITCM_LENGTH)?ITCM_LENGTH:0x0
                0x20000000                        DTCM_START = DEFINED (DTCM_START)?DTCM_START:0x0
                0x00010000                        DTCM_LENGTH = DEFINED (DTCM_LENGTH)?DTCM_LENGTH:0x0
                0x00000000                        RAM_NS_BUFFER_BLOCK_LENGTH = DEFINED (RAM_NS_BUFFER_LENGTH)?ALIGN (RAM_NS_BUFFER_LENGTH, 0x2000):0x0
                0x00000000                        RAM_NS_BUFFER_LENGTH = DEFINED (RAM_NS_BUFFER_LENGTH)?RAM_NS_BUFFER_LENGTH:0x0
                0x220e0000                        RAM_NS_BUFFER_START = ((RAM_START + RAM_LENGTH) - RAM_NS_BUFFER_LENGTH)
                0x220e0000                        RAM_NS_BUFFER_BLOCK_START = ((RAM_START + RAM_LENGTH) - RAM_NS_BUFFER_BLOCK_LENGTH)
                0x0300a180                        OPTION_SETTING_START_NS = DEFINED (PROJECT_NONSECURE)?OPTION_SETTING_START:(OPTION_SETTING_START + 0x80)
                0x27030080                        OPTION_SETTING_DATA_FLASH_S_START = DEFINED (OPTION_SETTING_DATA_FLASH_S_START)?OPTION_SETTING_DATA_FLASH_S_START:0x0
                0x00000800                        OPTION_SETTING_DATA_FLASH_S_LENGTH = DEFINED (OPTION_SETTING_DATA_FLASH_S_LENGTH)?OPTION_SETTING_DATA_FLASH_S_LENGTH:0x0
                0x00000001                        __bl_FSP_BOOTABLE_IMAGE = 0x1
                0x00000001                        __bln_FSP_BOOTABLE_IMAGE = 0x1
                0x00000001                        PROJECT_SECURE_OR_FLAT = (((! (DEFINED (PROJECT_NONSECURE)) || DEFINED (PROJECT_SECURE)) && OPTION_SETTING_LENGTH) && ! (DEFINED (FSP_BOOTABLE_IMAGE)))
                0x00000000                        USE_OPTION_SETTING_NS = (DEFINED (PROJECT_NONSECURE) && ! (DEFINED (FSP_BOOTABLE_IMAGE)))
                0x00000001                        USE_OPTION_SETTING_DATA_FLASH = (PROJECT_SECURE_OR_FLAT && (OPTION_SETTING_DATA_FLASH_S_LENGTH != 0x0))
                0x00000000                        __bl_FLASH_IMAGE_START = ! (DEFINED (FLASH_BOOTLOADER_LENGTH))?0x0:(FLASH_APPLICATION_IMAGE_NUMBER == 0x1)?((FLASH_START + FLASH_BOOTLOADER_LENGTH) + FLASH_BOOTLOADER_HEADER_LENGTH):(DEFINED (BOOTLOADER_SECONDARY_USE_QSPI) || DEFINED (BOOTLOADER_SECONDARY_USE_OSPI_B))?(((FLASH_START + FLASH_BOOTLOADER_LENGTH) + FLASH_BOOTLOADER_SCRATCH_LENGTH) + FLASH_BOOTLOADER_HEADER_LENGTH):((((FLASH_START + FLASH_BOOTLOADER_LENGTH) + FLASH_BOOTLOADER_SCRATCH_LENGTH) + FLASH_APPLICATION_S_LENGTH) + FLASH_BOOTLOADER_HEADER_LENGTH)
                0x00000000                        __bl_FLASH_IMAGE_LENGTH = ! (DEFINED (FLASH_BOOTLOADER_LENGTH))?0x0:(FLASH_APPLICATION_S_LENGTH - FLASH_BOOTLOADER_HEADER_LENGTH)
                0x00000000                        __bl_FLASH_IMAGE_END = (__bl_FLASH_IMAGE_START + __bl_FLASH_IMAGE_LENGTH)
                0x00000000                        __bl_XIP_SECONDARY_FLASH_IMAGE_START = ! (DEFINED (FLASH_BOOTLOADER_LENGTH))?0x0:(((FLASH_START + FLASH_BOOTLOADER_LENGTH) + FLASH_APPLICATION_S_LENGTH) + FLASH_BOOTLOADER_HEADER_LENGTH)
                0x00000000                        __bl_XIP_SECONDARY_FLASH_IMAGE_END = (__bl_XIP_SECONDARY_FLASH_IMAGE_START + __bl_FLASH_IMAGE_LENGTH)
                0x00000000                        __bl_FLASH_IMAGE_START_FROM_MMF_REGION = DEFINED (BOOT_IMAGE_FROM_MMF_REGION)?BOOT_IMAGE_FROM_MMF_REGION:0x0
                0x00000000                        __bl_MEMORY_MIRROR_REGION_START = DEFINED (MMF_REGION_START_ADDR)?MMF_REGION_START_ADDR:0x0
                0x00000000                        __bl_FLASH_NS_START = ! (DEFINED (FLASH_BOOTLOADER_LENGTH))?0x0:(FLASH_APPLICATION_NS_LENGTH == 0x0)?__bl_FLASH_IMAGE_END:((__bl_FLASH_IMAGE_START - FLASH_BOOTLOADER_HEADER_LENGTH) + FLASH_APPLICATION_S_LENGTH)
                0x00000000                        __bl_FLASH_NSC_START = ! (DEFINED (FLASH_BOOTLOADER_LENGTH))?0x0:(FLASH_APPLICATION_NS_LENGTH == 0x0)?__bl_FLASH_IMAGE_END:(__bl_FLASH_IMAGE_END - FLASH_APPLICATION_NSC_LENGTH)
                0x00000000                        __bl_RAM_NS_START = ! (DEFINED (FLASH_BOOTLOADER_LENGTH))?0x0:(FLASH_APPLICATION_NS_LENGTH == 0x0)?(RAM_START + RAM_LENGTH):((RAM_START + RAM_LENGTH) - RAM_APPLICATION_NS_LENGTH)
                0x00000000                        __bl_RAM_NSC_START = ! (DEFINED (FLASH_BOOTLOADER_LENGTH))?0x0:(FLASH_APPLICATION_NS_LENGTH == 0x0)?(RAM_START + RAM_LENGTH):(__bl_RAM_NS_START - RAM_APPLICATION_NSC_LENGTH)
                0x00000000                        __bl_FLASH_NS_IMAGE_START = ! (DEFINED (FLASH_BOOTLOADER_LENGTH))?0x0:(FLASH_APPLICATION_NS_LENGTH == 0x0)?__bl_FLASH_IMAGE_END:(__bl_FLASH_NS_START + FLASH_BOOTLOADER_HEADER_LENGTH_2)
                0x10000000                        __bln_FLASH_IMAGE_START = (__bl_FLASH_NS_IMAGE_START | ! (DEFINED (NS_OFFSET_START))?0x0:NS_OFFSET_START)
                0x00000000                        __bln_FLASH_IMAGE_LENGTH = ! (DEFINED (FLASH_BOOTLOADER_LENGTH))?0x0:(FLASH_APPLICATION_NS_LENGTH == 0x0)?__bl_FLASH_IMAGE_END:(FLASH_APPLICATION_NS_LENGTH - FLASH_BOOTLOADER_HEADER_LENGTH_2)
                0x00000000                        XIP_SECONDARY_SLOT_IMAGE = DEFINED (XIP_SECONDARY_SLOT_IMAGE)?XIP_SECONDARY_SLOT_IMAGE:0x0
                0x00000000                        FLASH_IMAGE_START_FROM_MMF_REGION = ! (DEFINED (FLASH_IMAGE_START_FROM_MMF_REGION))?0x0:FLASH_IMAGE_START_FROM_MMF_REGION
                0x00000000                        MEMORY_MIRROR_REGION_START = ! (DEFINED (MEMORY_MIRROR_REGION_START))?0x0:MEMORY_MIRROR_REGION_START
                0x02000000                        FLASH_ORIGIN = ! (DEFINED (FLASH_IMAGE_START))?FLASH_START:(XIP_SECONDARY_SLOT_IMAGE == 0x1)?XIP_SECONDARY_FLASH_IMAGE_START:(FLASH_IMAGE_START_FROM_MMF_REGION == 0x1)?MEMORY_MIRROR_REGION_START:FLASH_IMAGE_START
                0x001f8000                        LIMITED_FLASH_LENGTH = DEFINED (FLASH_IMAGE_LENGTH)?FLASH_IMAGE_LENGTH:DEFINED (FLASH_BOOTLOADER_LENGTH)?FLASH_BOOTLOADER_LENGTH:FLASH_LENGTH
                0x00000034                        OPTION_SETTING_SAS_SIZE = 0x34
                0x000000cc                        OPTION_SETTING_SAS_LENGTH = ! (DEFINED (OPTION_SETTING_LENGTH))?0x0:(OPTION_SETTING_LENGTH == 0x0)?0x0:(OPTION_SETTING_LENGTH - OPTION_SETTING_SAS_SIZE)
START GROUP
LOAD C:/Renesas/RA/e2studio_v2025-01_fsp_v5.8.0/toolchains/gcc_arm/13.2.rel1/bin/../lib/gcc/arm-none-eabi/13.2.1/thumb/v8-m.main+dp/hard\libgcc.a
LOAD C:/Renesas/RA/e2studio_v2025-01_fsp_v5.8.0/toolchains/gcc_arm/13.2.rel1/bin/../lib/gcc/arm-none-eabi/13.2.1/thumb/v8-m.main+dp/hard\libc.a
LOAD C:/Renesas/RA/e2studio_v2025-01_fsp_v5.8.0/toolchains/gcc_arm/13.2.rel1/bin/../lib/gcc/arm-none-eabi/13.2.1/thumb/v8-m.main+dp/hard\libm.a
END GROUP

.text           0x02000000     0x6990
                0x02000000                        __tz_FLASH_S = ABSOLUTE (FLASH_START)
                0x02000000                        __ROM_Start = .
 *(.fixed_vectors*)
 .fixed_vectors
                0x02000000       0x40 ./ra/fsp/src/bsp/cmsis/Device/RENESAS/Source/startup.o
                0x02000000                __Vectors
 *(.application_vectors*)
 .application_vectors
                0x02000040      0x180 ./ra_gen/vector_data.o
                0x02000040                g_vector_table
                0x020001c0                        __Vectors_End = .
 *(.flash_gap*)
                0x020001c0                        . = (OPTION_SETTING_LENGTH > 0x0)?.:(__ROM_Start + 0x400)
 *(.rom_registers*)
 *(.mcuboot_sce9_key*)
 *(.text*)
 .text.deregister_tm_clones
                0x020001c0       0x1c C:/Renesas/RA/e2studio_v2025-01_fsp_v5.8.0/toolchains/gcc_arm/13.2.rel1/bin/../lib/gcc/arm-none-eabi/13.2.1/thumb/v8-m.main+dp/hard/crtbegin.o
 .text.register_tm_clones
                0x020001dc       0x28 C:/Renesas/RA/e2studio_v2025-01_fsp_v5.8.0/toolchains/gcc_arm/13.2.rel1/bin/../lib/gcc/arm-none-eabi/13.2.1/thumb/v8-m.main+dp/hard/crtbegin.o
 .text.__do_global_dtors_aux
                0x02000204       0x28 C:/Renesas/RA/e2studio_v2025-01_fsp_v5.8.0/toolchains/gcc_arm/13.2.rel1/bin/../lib/gcc/arm-none-eabi/13.2.1/thumb/v8-m.main+dp/hard/crtbegin.o
 .text.frame_dummy
                0x0200022c       0x24 C:/Renesas/RA/e2studio_v2025-01_fsp_v5.8.0/toolchains/gcc_arm/13.2.rel1/bin/../lib/gcc/arm-none-eabi/13.2.1/thumb/v8-m.main+dp/hard/crtbegin.o
 .text._WriteNoCheck
                0x02000250       0x38 ./src/SEGGER_RTT/SEGGER_RTT.o
 .text._WriteBlocking
                0x02000288       0x60 ./src/SEGGER_RTT/SEGGER_RTT.o
 .text._DoInit  0x020002e8       0x6c ./src/SEGGER_RTT/SEGGER_RTT.o
 .text.SEGGER_RTT_WriteNoLock
                0x02000354       0x7c ./src/SEGGER_RTT/SEGGER_RTT.o
                0x02000354                SEGGER_RTT_WriteNoLock
 .text.SEGGER_RTT_Write
                0x020003d0       0x34 ./src/SEGGER_RTT/SEGGER_RTT.o
                0x020003d0                SEGGER_RTT_Write
 .text._StoreChar
                0x02000404       0x40 ./src/SEGGER_RTT/SEGGER_RTT_printf.o
 .text._PrintUnsigned
                0x02000444       0xf4 ./src/SEGGER_RTT/SEGGER_RTT_printf.o
 .text.SEGGER_RTT_vprintf
                0x02000538      0x39c ./src/SEGGER_RTT/SEGGER_RTT_printf.o
                0x02000538                SEGGER_RTT_vprintf
 .text.SEGGER_RTT_printf
                0x020008d4       0x20 ./src/SEGGER_RTT/SEGGER_RTT_printf.o
                0x020008d4                SEGGER_RTT_printf
 .text.check_for_write_complete.isra.0
                0x020008f4       0x38 ./src/hal_entry.o
 .text.hal_entry
                0x0200092c      0x5c4 ./src/hal_entry.o
                0x0200092c                hal_entry
 .text.R_BSP_WarmStart
                0x02000ef0       0x18 ./src/hal_entry.o
                0x02000ef0                R_BSP_WarmStart
 .text.user_10ms_cb
                0x02000f08       0x10 ./src/hal_entry.o
                0x02000f08                user_10ms_cb
 .text.startup.main
                0x02000f18        0xc ./ra_gen/main.o
                0x02000f18                main
 .text.usb_pcdc_read_complete
                0x02000f24       0x68 ./ra/fsp/src/r_usb_pcdc/src/r_usb_pcdc_driver.o
                0x02000f24                usb_pcdc_read_complete
 .text.usb_pcdc_write_complete
                0x02000f8c       0x58 ./ra/fsp/src/r_usb_pcdc/src/r_usb_pcdc_driver.o
                0x02000f8c                usb_pcdc_write_complete
 .text.usb_cstd_get_buf_size
                0x02000fe4       0x4c ./ra/fsp/src/r_usb_basic/src/hw/r_usb_creg_abs.o
                0x02000fe4                usb_cstd_get_buf_size
 .text.usb_cstd_pipe_init
                0x02001030      0x160 ./ra/fsp/src/r_usb_basic/src/hw/r_usb_creg_abs.o
                0x02001030                usb_cstd_pipe_init
 .text.usb_cstd_clr_pipe_cnfg
                0x02001190       0xd8 ./ra/fsp/src/r_usb_basic/src/hw/r_usb_creg_abs.o
                0x02001190                usb_cstd_clr_pipe_cnfg
 .text.usb_cstd_set_nak
                0x02001268       0x2c ./ra/fsp/src/r_usb_basic/src/hw/r_usb_creg_abs.o
                0x02001268                usb_cstd_set_nak
 .text.usb_cstd_is_set_frdy
                0x02001294       0x5c ./ra/fsp/src/r_usb_basic/src/hw/r_usb_creg_abs.o
                0x02001294                usb_cstd_is_set_frdy
 .text.usb_cstd_chg_curpipe
                0x020012f0       0x2c ./ra/fsp/src/r_usb_basic/src/hw/r_usb_creg_abs.o
                0x020012f0                usb_cstd_chg_curpipe
 .text.usb_cstd_set_transaction_counter
                0x0200131c       0x24 ./ra/fsp/src/r_usb_basic/src/hw/r_usb_creg_abs.o
                0x0200131c                usb_cstd_set_transaction_counter
 .text.usb_cstd_clr_transaction_counter
                0x02001340       0x18 ./ra/fsp/src/r_usb_basic/src/hw/r_usb_creg_abs.o
                0x02001340                usb_cstd_clr_transaction_counter
 .text.hw_usb_read_syscfg
                0x02001358       0x34 ./ra/fsp/src/r_usb_basic/src/hw/r_usb_creg_access.o
                0x02001358                hw_usb_read_syscfg
 .text.hw_usb_set_cnen
                0x0200138c       0x18 ./ra/fsp/src/r_usb_basic/src/hw/r_usb_creg_access.o
                0x0200138c                hw_usb_set_cnen
 .text.hw_usb_clear_cnen
                0x020013a4       0x30 ./ra/fsp/src/r_usb_basic/src/hw/r_usb_creg_access.o
                0x020013a4                hw_usb_clear_cnen
 .text.hw_usb_set_hse
                0x020013d4       0x2c ./ra/fsp/src/r_usb_basic/src/hw/r_usb_creg_access.o
                0x020013d4                hw_usb_set_hse
 .text.hw_usb_set_bcctrl
                0x02001400       0x30 ./ra/fsp/src/r_usb_basic/src/hw/r_usb_creg_access.o
                0x02001400                hw_usb_set_bcctrl
 .text.hw_usb_clear_bcctrl
                0x02001430       0x30 ./ra/fsp/src/r_usb_basic/src/hw/r_usb_creg_access.o
                0x02001430                hw_usb_clear_bcctrl
 .text.hw_usb_read_syssts
                0x02001460       0x34 ./ra/fsp/src/r_usb_basic/src/hw/r_usb_creg_access.o
                0x02001460                hw_usb_read_syssts
 .text.hw_usb_read_dvstctr
                0x02001494       0x34 ./ra/fsp/src/r_usb_basic/src/hw/r_usb_creg_access.o
                0x02001494                hw_usb_read_dvstctr
 .text.hw_usb_set_utst
                0x020014c8       0x24 ./ra/fsp/src/r_usb_basic/src/hw/r_usb_creg_access.o
                0x020014c8                hw_usb_set_utst
 .text.hw_usb_read_fifo32
                0x020014ec       0x2c ./ra/fsp/src/r_usb_basic/src/hw/r_usb_creg_access.o
                0x020014ec                hw_usb_read_fifo32
 .text.hw_usb_write_fifo32
                0x02001518       0x28 ./ra/fsp/src/r_usb_basic/src/hw/r_usb_creg_access.o
                0x02001518                hw_usb_write_fifo32
 .text.hw_usb_read_fifo16
                0x02001540       0x34 ./ra/fsp/src/r_usb_basic/src/hw/r_usb_creg_access.o
                0x02001540                hw_usb_read_fifo16
 .text.hw_usb_write_fifo16
                0x02001574       0x5c ./ra/fsp/src/r_usb_basic/src/hw/r_usb_creg_access.o
                0x02001574                hw_usb_write_fifo16
 .text.hw_usb_write_fifo8
                0x020015d0       0x5c ./ra/fsp/src/r_usb_basic/src/hw/r_usb_creg_access.o
                0x020015d0                hw_usb_write_fifo8
 .text.hw_usb_read_fifosel
                0x0200162c       0x6c ./ra/fsp/src/r_usb_basic/src/hw/r_usb_creg_access.o
                0x0200162c                hw_usb_read_fifosel
 .text.hw_usb_rmw_fifosel
                0x02001698       0x7c ./ra/fsp/src/r_usb_basic/src/hw/r_usb_creg_access.o
                0x02001698                hw_usb_rmw_fifosel
 .text.hw_usb_set_mbw
                0x02001714       0x8c ./ra/fsp/src/r_usb_basic/src/hw/r_usb_creg_access.o
                0x02001714                hw_usb_set_mbw
 .text.hw_usb_read_fifoctr
                0x020017a0       0x6c ./ra/fsp/src/r_usb_basic/src/hw/r_usb_creg_access.o
                0x020017a0                hw_usb_read_fifoctr
 .text.hw_usb_set_bval
                0x0200180c       0x74 ./ra/fsp/src/r_usb_basic/src/hw/r_usb_creg_access.o
                0x0200180c                hw_usb_set_bval
 .text.hw_usb_set_bclr
                0x02001880       0x74 ./ra/fsp/src/r_usb_basic/src/hw/r_usb_creg_access.o
                0x02001880                hw_usb_set_bclr
 .text.hw_usb_set_brdyenb
                0x020018f4       0x40 ./ra/fsp/src/r_usb_basic/src/hw/r_usb_creg_access.o
                0x020018f4                hw_usb_set_brdyenb
 .text.hw_usb_clear_brdyenb
                0x02001934       0x3c ./ra/fsp/src/r_usb_basic/src/hw/r_usb_creg_access.o
                0x02001934                hw_usb_clear_brdyenb
 .text.hw_usb_set_nrdyenb
                0x02001970       0x40 ./ra/fsp/src/r_usb_basic/src/hw/r_usb_creg_access.o
                0x02001970                hw_usb_set_nrdyenb
 .text.hw_usb_clear_nrdyenb
                0x020019b0       0x3c ./ra/fsp/src/r_usb_basic/src/hw/r_usb_creg_access.o
                0x020019b0                hw_usb_clear_nrdyenb
 .text.hw_usb_set_bempenb
                0x020019ec       0x5c ./ra/fsp/src/r_usb_basic/src/hw/r_usb_creg_access.o
                0x020019ec                hw_usb_set_bempenb
 .text.hw_usb_clear_bempenb
                0x02001a48       0x3c ./ra/fsp/src/r_usb_basic/src/hw/r_usb_creg_access.o
                0x02001a48                hw_usb_clear_bempenb
 .text.hw_usb_read_intsts
                0x02001a84       0x20 ./ra/fsp/src/r_usb_basic/src/hw/r_usb_creg_access.o
                0x02001a84                hw_usb_read_intsts
 .text.hw_usb_clear_sts_brdy
                0x02001aa4       0x3c ./ra/fsp/src/r_usb_basic/src/hw/r_usb_creg_access.o
                0x02001aa4                hw_usb_clear_sts_brdy
 .text.hw_usb_clear_status_nrdy
                0x02001ae0       0x3c ./ra/fsp/src/r_usb_basic/src/hw/r_usb_creg_access.o
                0x02001ae0                hw_usb_clear_status_nrdy
 .text.hw_usb_clear_status_bemp
                0x02001b1c       0x3c ./ra/fsp/src/r_usb_basic/src/hw/r_usb_creg_access.o
                0x02001b1c                hw_usb_clear_status_bemp
 .text.hw_usb_read_frmnum
                0x02001b58       0x38 ./ra/fsp/src/r_usb_basic/src/hw/r_usb_creg_access.o
                0x02001b58                hw_usb_read_frmnum
 .text.hw_usb_read_usbreq
                0x02001b90       0x20 ./ra/fsp/src/r_usb_basic/src/hw/r_usb_creg_access.o
                0x02001b90                hw_usb_read_usbreq
 .text.hw_usb_read_usbval
                0x02001bb0       0x20 ./ra/fsp/src/r_usb_basic/src/hw/r_usb_creg_access.o
                0x02001bb0                hw_usb_read_usbval
 .text.hw_usb_read_usbindx
                0x02001bd0       0x20 ./ra/fsp/src/r_usb_basic/src/hw/r_usb_creg_access.o
                0x02001bd0                hw_usb_read_usbindx
 .text.hw_usb_read_usbleng
                0x02001bf0       0x20 ./ra/fsp/src/r_usb_basic/src/hw/r_usb_creg_access.o
                0x02001bf0                hw_usb_read_usbleng
 .text.hw_usb_read_dcpcfg
                0x02001c10       0x38 ./ra/fsp/src/r_usb_basic/src/hw/r_usb_creg_access.o
                0x02001c10                hw_usb_read_dcpcfg
 .text.hw_usb_write_dcpcfg
                0x02001c48       0x30 ./ra/fsp/src/r_usb_basic/src/hw/r_usb_creg_access.o
                0x02001c48                hw_usb_write_dcpcfg
 .text.hw_usb_read_dcpmaxp
                0x02001c78       0x38 ./ra/fsp/src/r_usb_basic/src/hw/r_usb_creg_access.o
                0x02001c78                hw_usb_read_dcpmaxp
 .text.hw_usb_write_dcpmxps
                0x02001cb0       0x30 ./ra/fsp/src/r_usb_basic/src/hw/r_usb_creg_access.o
                0x02001cb0                hw_usb_write_dcpmxps
 .text.hw_usb_read_dcpctr
                0x02001ce0       0x20 ./ra/fsp/src/r_usb_basic/src/hw/r_usb_creg_access.o
                0x02001ce0                hw_usb_read_dcpctr
 .text.hw_usb_write_pipesel
                0x02001d00       0x30 ./ra/fsp/src/r_usb_basic/src/hw/r_usb_creg_access.o
                0x02001d00                hw_usb_write_pipesel
 .text.hw_usb_read_pipecfg
                0x02001d30       0x38 ./ra/fsp/src/r_usb_basic/src/hw/r_usb_creg_access.o
                0x02001d30                hw_usb_read_pipecfg
 .text.hw_usb_write_pipecfg
                0x02001d68       0x30 ./ra/fsp/src/r_usb_basic/src/hw/r_usb_creg_access.o
                0x02001d68                hw_usb_write_pipecfg
 .text.hw_usb_write_pipebuf
                0x02001d98       0x24 ./ra/fsp/src/r_usb_basic/src/hw/r_usb_creg_access.o
                0x02001d98                hw_usb_write_pipebuf
 .text.hw_usb_read_pipebuf
                0x02001dbc       0x2c ./ra/fsp/src/r_usb_basic/src/hw/r_usb_creg_access.o
                0x02001dbc                hw_usb_read_pipebuf
 .text.hw_usb_read_pipemaxp
                0x02001de8       0x38 ./ra/fsp/src/r_usb_basic/src/hw/r_usb_creg_access.o
                0x02001de8                hw_usb_read_pipemaxp
 .text.hw_usb_write_pipemaxp
                0x02001e20       0x30 ./ra/fsp/src/r_usb_basic/src/hw/r_usb_creg_access.o
                0x02001e20                hw_usb_write_pipemaxp
 .text.hw_usb_write_pipeperi
                0x02001e50       0x30 ./ra/fsp/src/r_usb_basic/src/hw/r_usb_creg_access.o
                0x02001e50                hw_usb_write_pipeperi
 .text.hw_usb_read_pipectr
                0x02001e80       0x68 ./ra/fsp/src/r_usb_basic/src/hw/r_usb_creg_access.o
                0x02001e80                hw_usb_read_pipectr
 .text.hw_usb_set_csclr
                0x02001ee8       0x38 ./ra/fsp/src/r_usb_basic/src/hw/r_usb_creg_access.o
                0x02001ee8                hw_usb_set_csclr
 .text.hw_usb_set_aclrm
                0x02001f20       0x44 ./ra/fsp/src/r_usb_basic/src/hw/r_usb_creg_access.o
                0x02001f20                hw_usb_set_aclrm
 .text.hw_usb_clear_aclrm
                0x02001f64       0x3c ./ra/fsp/src/r_usb_basic/src/hw/r_usb_creg_access.o
                0x02001f64                hw_usb_clear_aclrm
 .text.hw_usb_set_sqclr
                0x02001fa0       0x74 ./ra/fsp/src/r_usb_basic/src/hw/r_usb_creg_access.o
                0x02001fa0                hw_usb_set_sqclr
 .text.hw_usb_set_pid
                0x02002014       0x58 ./ra/fsp/src/r_usb_basic/src/hw/r_usb_creg_access.o
                0x02002014                hw_usb_set_pid
 .text.hw_usb_clear_pid
                0x0200206c       0x50 ./ra/fsp/src/r_usb_basic/src/hw/r_usb_creg_access.o
                0x0200206c                hw_usb_clear_pid
 .text.hw_usb_set_trenb
                0x020020bc       0x3c ./ra/fsp/src/r_usb_basic/src/hw/r_usb_creg_access.o
                0x020020bc                hw_usb_set_trenb
 .text.hw_usb_clear_trenb
                0x020020f8       0x3c ./ra/fsp/src/r_usb_basic/src/hw/r_usb_creg_access.o
                0x020020f8                hw_usb_clear_trenb
 .text.hw_usb_set_trclr
                0x02002134       0x3c ./ra/fsp/src/r_usb_basic/src/hw/r_usb_creg_access.o
                0x02002134                hw_usb_set_trclr
 .text.hw_usb_write_pipetrn
                0x02002170       0x34 ./ra/fsp/src/r_usb_basic/src/hw/r_usb_creg_access.o
                0x02002170                hw_usb_write_pipetrn
 .text.hw_usb_read_bcctrl
                0x020021a4       0x2c ./ra/fsp/src/r_usb_basic/src/hw/r_usb_creg_access.o
                0x020021a4                hw_usb_read_bcctrl
 .text.hw_usb_set_suspendm
                0x020021d0       0x1c ./ra/fsp/src/r_usb_basic/src/hw/r_usb_creg_access.o
                0x020021d0                hw_usb_set_suspendm
 .text.hw_usb_clear_suspm
                0x020021ec       0x1c ./ra/fsp/src/r_usb_basic/src/hw/r_usb_creg_access.o
                0x020021ec                hw_usb_clear_suspm
 .text.usb_module_start
                0x02002208       0x50 ./ra/fsp/src/r_usb_basic/src/hw/r_usb_mcu.o
                0x02002208                usb_module_start
 .text.usb_cpu_usbint_init
                0x02002258      0x138 ./ra/fsp/src/r_usb_basic/src/hw/r_usb_mcu.o
                0x02002258                usb_cpu_usbint_init
 .text.usb_cpu_delay_1us
                0x02002390        0x8 ./ra/fsp/src/r_usb_basic/src/hw/r_usb_mcu.o
                0x02002390                usb_cpu_delay_1us
 .text.usb_cpu_delay_xms
                0x02002398        0x8 ./ra/fsp/src/r_usb_basic/src/hw/r_usb_mcu.o
                0x02002398                usb_cpu_delay_xms
 .text.usbfs_interrupt_handler
                0x020023a0       0x38 ./ra/fsp/src/r_usb_basic/src/hw/r_usb_mcu.o
                0x020023a0                usbfs_interrupt_handler
 .text.usbfs_resume_handler
                0x020023d8       0x34 ./ra/fsp/src/r_usb_basic/src/hw/r_usb_mcu.o
                0x020023d8                usbfs_resume_handler
 .text.usbfs_d0fifo_handler
                0x0200240c       0x24 ./ra/fsp/src/r_usb_basic/src/hw/r_usb_mcu.o
                0x0200240c                usbfs_d0fifo_handler
 .text.usbfs_d1fifo_handler
                0x02002430       0x24 ./ra/fsp/src/r_usb_basic/src/hw/r_usb_mcu.o
                0x02002430                usbfs_d1fifo_handler
 .text.usbhs_interrupt_handler
                0x02002454       0x38 ./ra/fsp/src/r_usb_basic/src/hw/r_usb_mcu.o
                0x02002454                usbhs_interrupt_handler
 .text.usbhs_d0fifo_handler
                0x0200248c       0x24 ./ra/fsp/src/r_usb_basic/src/hw/r_usb_mcu.o
                0x0200248c                usbhs_d0fifo_handler
 .text.usbhs_d1fifo_handler
                0x020024b0       0x24 ./ra/fsp/src/r_usb_basic/src/hw/r_usb_mcu.o
                0x020024b0                usbhs_d1fifo_handler
 .text.usb_pstd_interrupt_handler
                0x020024d4      0x1fc ./ra/fsp/src/r_usb_basic/src/hw/r_usb_preg_abs.o
                0x020024d4                usb_pstd_interrupt_handler
 .text.usb_pstd_save_request
                0x020026d0       0x48 ./ra/fsp/src/r_usb_basic/src/hw/r_usb_preg_abs.o
                0x020026d0                usb_pstd_save_request
 .text.usb_pstd_chk_configured
                0x02002718       0x1c ./ra/fsp/src/r_usb_basic/src/hw/r_usb_preg_abs.o
                0x02002718                usb_pstd_chk_configured
 .text.usb_pstd_test_mode
                0x02002734       0x44 ./ra/fsp/src/r_usb_basic/src/hw/r_usb_preg_abs.o
                0x02002734                usb_pstd_test_mode
 .text.usb_pstd_resume_process
                0x02002778       0x18 ./ra/fsp/src/r_usb_basic/src/hw/r_usb_preg_abs.o
                0x02002778                usb_pstd_resume_process
 .text.usb_pstd_set_stall
                0x02002790        0xc ./ra/fsp/src/r_usb_basic/src/hw/r_usb_preg_abs.o
                0x02002790                usb_pstd_set_stall
 .text.usb_pstd_set_stall_pipe0
                0x0200279c        0x8 ./ra/fsp/src/r_usb_basic/src/hw/r_usb_preg_abs.o
                0x0200279c                usb_pstd_set_stall_pipe0
 .text.usb_pstd_write_fifo
                0x020027a4       0xc8 ./ra/fsp/src/r_usb_basic/src/hw/r_usb_preg_abs.o
                0x020027a4                usb_pstd_write_fifo
 .text.usb_pstd_read_fifo
                0x0200286c       0x94 ./ra/fsp/src/r_usb_basic/src/hw/r_usb_preg_abs.o
                0x0200286c                usb_pstd_read_fifo
 .text.usb_pstd_forced_termination
                0x02002900       0xa0 ./ra/fsp/src/r_usb_basic/src/hw/r_usb_preg_abs.o
                0x02002900                usb_pstd_forced_termination
 .text.usb_pstd_interrupt_clock
                0x020029a0       0x20 ./ra/fsp/src/r_usb_basic/src/hw/r_usb_preg_abs.o
                0x020029a0                usb_pstd_interrupt_clock
 .text.usb_pstd_stop_clock
                0x020029c0       0x10 ./ra/fsp/src/r_usb_basic/src/hw/r_usb_preg_abs.o
                0x020029c0                usb_pstd_stop_clock
 .text.hw_usb_pset_dprpu
                0x020029d0       0x28 ./ra/fsp/src/r_usb_basic/src/hw/r_usb_preg_access.o
                0x020029d0                hw_usb_pset_dprpu
 .text.hw_usb_pclear_dprpu
                0x020029f8       0x20 ./ra/fsp/src/r_usb_basic/src/hw/r_usb_preg_access.o
                0x020029f8                hw_usb_pclear_dprpu
 .text.hw_usb_pset_enb_rsme
                0x02002a18       0x28 ./ra/fsp/src/r_usb_basic/src/hw/r_usb_preg_access.o
                0x02002a18                hw_usb_pset_enb_rsme
 .text.hw_usb_pclear_enb_rsme
                0x02002a40       0x20 ./ra/fsp/src/r_usb_basic/src/hw/r_usb_preg_access.o
                0x02002a40                hw_usb_pclear_enb_rsme
 .text.hw_usb_pclear_sts_resm
                0x02002a60       0x20 ./ra/fsp/src/r_usb_basic/src/hw/r_usb_preg_access.o
                0x02002a60                hw_usb_pclear_sts_resm
 .text.hw_usb_pclear_sts_valid
                0x02002a80       0x20 ./ra/fsp/src/r_usb_basic/src/hw/r_usb_preg_access.o
                0x02002a80                hw_usb_pclear_sts_valid
 .text.hw_usb_pset_ccpl
                0x02002aa0       0x30 ./ra/fsp/src/r_usb_basic/src/hw/r_usb_preg_access.o
                0x02002aa0                hw_usb_pset_ccpl
 .text.hw_usb_pmodule_init
                0x02002ad0       0xe0 ./ra/fsp/src/r_usb_basic/src/hw/r_usb_preg_access.o
                0x02002ad0                hw_usb_pmodule_init
 .text.hw_usb_pcontrol_dcpctr_pid
                0x02002bb0       0x3c ./ra/fsp/src/r_usb_basic/src/hw/r_usb_preg_access.o
                0x02002bb0                hw_usb_pcontrol_dcpctr_pid
 .text.usb_ctrl_read
                0x02002bec       0x50 ./ra/fsp/src/r_usb_basic/src/driver/r_usb_cdataio.o
                0x02002bec                usb_ctrl_read
 .text.usb_ctrl_write
                0x02002c3c       0x8c ./ra/fsp/src/r_usb_basic/src/driver/r_usb_cdataio.o
                0x02002c3c                usb_ctrl_write
 .text.usb_data_read
                0x02002cc8       0x54 ./ra/fsp/src/r_usb_basic/src/driver/r_usb_cdataio.o
                0x02002cc8                usb_data_read
 .text.usb_data_write
                0x02002d1c       0x84 ./ra/fsp/src/r_usb_basic/src/driver/r_usb_cdataio.o
                0x02002d1c                usb_data_write
 .text.usb_cstd_nrdy_enable
                0x02002da0        0xc ./ra/fsp/src/r_usb_basic/src/driver/r_usb_clibusbip.o
                0x02002da0                usb_cstd_nrdy_enable
 .text.usb_cstd_get_pid
                0x02002dac       0x14 ./ra/fsp/src/r_usb_basic/src/driver/r_usb_clibusbip.o
                0x02002dac                usb_cstd_get_pid
 .text.usb_cstd_get_maxpacket_size
                0x02002dc0       0x28 ./ra/fsp/src/r_usb_basic/src/driver/r_usb_clibusbip.o
                0x02002dc0                usb_cstd_get_maxpacket_size
 .text.usb_cstd_get_pipe_dir
                0x02002de8       0x1c ./ra/fsp/src/r_usb_basic/src/driver/r_usb_clibusbip.o
                0x02002de8                usb_cstd_get_pipe_dir
 .text.usb_cstd_get_pipe_type
                0x02002e04       0x1c ./ra/fsp/src/r_usb_basic/src/driver/r_usb_clibusbip.o
                0x02002e04                usb_cstd_get_pipe_type
 .text.usb_cstd_do_aclrm
                0x02002e20       0x1c ./ra/fsp/src/r_usb_basic/src/driver/r_usb_clibusbip.o
                0x02002e20                usb_cstd_do_aclrm
 .text.usb_cstd_set_buf
                0x02002e3c        0xc ./ra/fsp/src/r_usb_basic/src/driver/r_usb_clibusbip.o
                0x02002e3c                usb_cstd_set_buf
 .text.usb_cstd_clr_stall
                0x02002e48       0x20 ./ra/fsp/src/r_usb_basic/src/driver/r_usb_clibusbip.o
                0x02002e48                usb_cstd_clr_stall
 .text.usb_cstd_port_speed
                0x02002e68       0x1c ./ra/fsp/src/r_usb_basic/src/driver/r_usb_clibusbip.o
                0x02002e68                usb_cstd_port_speed
 .text.usb_set_event
                0x02002e84       0xb4 ./ra/fsp/src/r_usb_basic/src/driver/r_usb_clibusbip.o
                0x02002e84                usb_set_event
 .text.usb_cstd_usb_task
                0x02002f38        0x4 ./ra/fsp/src/r_usb_basic/src/driver/r_usb_clibusbip.o
                0x02002f38                usb_cstd_usb_task
 .text.usb_pstd_bc_data_contact_detect
                0x02002f3c       0x64 ./ra/fsp/src/r_usb_basic/src/driver/r_usb_pbc.o
                0x02002f3c                usb_pstd_bc_data_contact_detect
 .text.usb_pstd_bc_detect_process
                0x02002fa0       0x80 ./ra/fsp/src/r_usb_basic/src/driver/r_usb_pbc.o
                0x02002fa0                usb_pstd_bc_detect_process
 .text.usb_pstd_ctrl_read
                0x02003020       0x88 ./ra/fsp/src/r_usb_basic/src/driver/r_usb_pcontrolrw.o
                0x02003020                usb_pstd_ctrl_read
 .text.usb_pstd_ctrl_write
                0x020030a8       0x54 ./ra/fsp/src/r_usb_basic/src/driver/r_usb_pcontrolrw.o
                0x020030a8                usb_pstd_ctrl_write
 .text.usb_pstd_ctrl_end
                0x020030fc       0x78 ./ra/fsp/src/r_usb_basic/src/driver/r_usb_pcontrolrw.o
                0x020030fc                usb_pstd_ctrl_end
 .text.usb_peri_configured
                0x02003174       0x2c ./ra/fsp/src/r_usb_basic/src/driver/r_usb_pdriver.o
                0x02003174                usb_peri_configured
 .text.usb_peri_suspended
                0x020031a0       0x1c ./ra/fsp/src/r_usb_basic/src/driver/r_usb_pdriver.o
                0x020031a0                usb_peri_suspended
 .text.usb_peri_resume
                0x020031bc       0x1c ./ra/fsp/src/r_usb_basic/src/driver/r_usb_pdriver.o
                0x020031bc                usb_peri_resume
 .text.usb_peri_interface
                0x020031d8        0x4 ./ra/fsp/src/r_usb_basic/src/driver/r_usb_pdriver.o
                0x020031d8                usb_peri_interface
 .text.usb_peri_detach
                0x020031dc       0x2c ./ra/fsp/src/r_usb_basic/src/driver/r_usb_pdriver.o
                0x020031dc                usb_peri_detach
 .text.usb_pstd_pcd_task
                0x02003208      0x20c ./ra/fsp/src/r_usb_basic/src/driver/r_usb_pdriver.o
                0x02003208                usb_pstd_pcd_task
 .text.usb_pstd_set_submitutr
                0x02003414       0x44 ./ra/fsp/src/r_usb_basic/src/driver/r_usb_pdriver.o
                0x02003414                usb_pstd_set_submitutr
 .text.usb_pstd_clr_mem
                0x02003458       0x28 ./ra/fsp/src/r_usb_basic/src/driver/r_usb_pdriver.o
                0x02003458                usb_pstd_clr_mem
 .text.usb_pstd_set_config_num
                0x02003480       0x1c ./ra/fsp/src/r_usb_basic/src/driver/r_usb_pdriver.o
                0x02003480                usb_pstd_set_config_num
 .text.usb_pstd_clr_eptbl_index
                0x0200349c       0x20 ./ra/fsp/src/r_usb_basic/src/driver/r_usb_pdriver.o
                0x0200349c                usb_pstd_clr_eptbl_index
 .text.usb_pstd_get_interface_num
                0x020034bc        0xc ./ra/fsp/src/r_usb_basic/src/driver/r_usb_pdriver.o
                0x020034bc                usb_pstd_get_interface_num
 .text.usb_pstd_get_alternate_num
                0x020034c8       0x48 ./ra/fsp/src/r_usb_basic/src/driver/r_usb_pdriver.o
                0x020034c8                usb_pstd_get_alternate_num
 .text.usb_pstd_set_eptbl_index
                0x02003510       0xa8 ./ra/fsp/src/r_usb_basic/src/driver/r_usb_pdriver.o
                0x02003510                usb_pstd_set_eptbl_index
 .text.usb_pstd_chk_remote
                0x020035b8       0x1c ./ra/fsp/src/r_usb_basic/src/driver/r_usb_pdriver.o
                0x020035b8                usb_pstd_chk_remote
 .text.usb_pstd_get_current_power
                0x020035d4       0x10 ./ra/fsp/src/r_usb_basic/src/driver/r_usb_pdriver.o
                0x020035d4                usb_pstd_get_current_power
 .text.usb_pstd_fifo_to_buf
                0x020035e4       0x70 ./ra/fsp/src/r_usb_basic/src/driver/r_usb_pdriver.o
                0x020035e4                usb_pstd_fifo_to_buf
 .text.usb_pstd_buf_to_fifo
                0x02003654       0x70 ./ra/fsp/src/r_usb_basic/src/driver/r_usb_pdriver.o
                0x02003654                usb_pstd_buf_to_fifo
 .text.usb_pstd_transfer_start
                0x020036c4       0x40 ./ra/fsp/src/r_usb_basic/src/driver/r_usb_pdriver.o
                0x020036c4                usb_pstd_transfer_start
 .text.usb_peri_registration
                0x02003704       0x7c ./ra/fsp/src/r_usb_basic/src/driver/r_usb_pdriver.o
                0x02003704                usb_peri_registration
 .text.usb_peri_pipe_info
                0x02003780       0x6c ./ra/fsp/src/r_usb_basic/src/driver/r_usb_pdriver.o
                0x02003780                usb_peri_pipe_info
 .text.usb_peri_devdefault
                0x020037ec       0xac ./ra/fsp/src/r_usb_basic/src/driver/r_usb_pdriver.o
                0x020037ec                usb_peri_devdefault
 .text.usb_pstd_brdy_pipe
                0x02003898       0x60 ./ra/fsp/src/r_usb_basic/src/driver/r_usb_pintfifo.o
                0x02003898                usb_pstd_brdy_pipe
 .text.usb_pstd_nrdy_pipe
                0x020038f8        0xc ./ra/fsp/src/r_usb_basic/src/driver/r_usb_pintfifo.o
                0x020038f8                usb_pstd_nrdy_pipe
 .text.usb_pstd_bemp_pipe
                0x02003904       0x48 ./ra/fsp/src/r_usb_basic/src/driver/r_usb_pintfifo.o
                0x02003904                usb_pstd_bemp_pipe
 .text.usb_pstd_usb_handler
                0x0200394c       0x48 ./ra/fsp/src/r_usb_basic/src/driver/r_usb_pinthandler_usbip0.o
                0x0200394c                usb_pstd_usb_handler
 .text.usb_pstd_data_end.part.0
                0x02003994       0x78 ./ra/fsp/src/r_usb_basic/src/driver/r_usb_plibusbip.o
 .text.usb_pstd_epadr2pipe
                0x02003a0c       0x50 ./ra/fsp/src/r_usb_basic/src/driver/r_usb_plibusbip.o
                0x02003a0c                usb_pstd_epadr2pipe
 .text.usb_pstd_pipe2fport
                0x02003a5c        0x4 ./ra/fsp/src/r_usb_basic/src/driver/r_usb_plibusbip.o
                0x02003a5c                usb_pstd_pipe2fport
 .text.usb_pstd_hi_speed_enable
                0x02003a60        0xc ./ra/fsp/src/r_usb_basic/src/driver/r_usb_plibusbip.o
                0x02003a60                usb_pstd_hi_speed_enable
 .text.usb_pstd_send_start
                0x02003a6c       0x5c ./ra/fsp/src/r_usb_basic/src/driver/r_usb_plibusbip.o
                0x02003a6c                usb_pstd_send_start
 .text.usb_pstd_write_data
                0x02003ac8      0x10c ./ra/fsp/src/r_usb_basic/src/driver/r_usb_plibusbip.o
                0x02003ac8                usb_pstd_write_data
 .text.usb_pstd_receive_start
                0x02003bd4       0x88 ./ra/fsp/src/r_usb_basic/src/driver/r_usb_plibusbip.o
                0x02003bd4                usb_pstd_receive_start
 .text.usb_pstd_read_data
                0x02003c5c      0x100 ./ra/fsp/src/r_usb_basic/src/driver/r_usb_plibusbip.o
                0x02003c5c                usb_pstd_read_data
 .text.usb_pstd_data_end
                0x02003d5c        0xc ./ra/fsp/src/r_usb_basic/src/driver/r_usb_plibusbip.o
                0x02003d5c                usb_pstd_data_end
 .text.usb_pstd_brdy_pipe_process
                0x02003d68       0x64 ./ra/fsp/src/r_usb_basic/src/driver/r_usb_plibusbip.o
                0x02003d68                usb_pstd_brdy_pipe_process
 .text.usb_pstd_nrdy_pipe_process
                0x02003dcc       0x58 ./ra/fsp/src/r_usb_basic/src/driver/r_usb_plibusbip.o
                0x02003dcc                usb_pstd_nrdy_pipe_process
 .text.usb_pstd_bemp_pipe_process
                0x02003e24       0xe0 ./ra/fsp/src/r_usb_basic/src/driver/r_usb_plibusbip.o
                0x02003e24                usb_pstd_bemp_pipe_process
 .text.usb_pstd_set_pipe_table
                0x02003f04      0x124 ./ra/fsp/src/r_usb_basic/src/driver/r_usb_plibusbip.o
                0x02003f04                usb_pstd_set_pipe_table
 .text.usb_pstd_clr_pipe_table
                0x02004028       0x48 ./ra/fsp/src/r_usb_basic/src/driver/r_usb_plibusbip.o
                0x02004028                usb_pstd_clr_pipe_table
 .text.usb_pstd_set_pipe_reg
                0x02004070       0xa0 ./ra/fsp/src/r_usb_basic/src/driver/r_usb_plibusbip.o
                0x02004070                usb_pstd_set_pipe_reg
 .text.usb_pstd_clr_pipe_reg
                0x02004110       0x3c ./ra/fsp/src/r_usb_basic/src/driver/r_usb_plibusbip.o
                0x02004110                usb_pstd_clr_pipe_reg
 .text.usb_pstd_bus_reset
                0x0200414c       0x40 ./ra/fsp/src/r_usb_basic/src/driver/r_usb_psignal.o
                0x0200414c                usb_pstd_bus_reset
 .text.usb_pstd_attach_process
                0x0200418c       0x1c ./ra/fsp/src/r_usb_basic/src/driver/r_usb_psignal.o
                0x0200418c                usb_pstd_attach_process
 .text.usb_pstd_detach_process
                0x020041a8       0x84 ./ra/fsp/src/r_usb_basic/src/driver/r_usb_psignal.o
                0x020041a8                usb_pstd_detach_process
 .text.usb_pstd_suspend_process
                0x0200422c       0x68 ./ra/fsp/src/r_usb_basic/src/driver/r_usb_psignal.o
                0x0200422c                usb_pstd_suspend_process
 .text.usb_pstd_set_feature_function
                0x02004294        0x4 ./ra/fsp/src/r_usb_basic/src/driver/r_usb_pstdfunction.o
                0x02004294                usb_pstd_set_feature_function
 .text.usb_pstd_chk_vbsts
                0x02004298       0x40 ./ra/fsp/src/r_usb_basic/src/driver/r_usb_pstdfunction.o
                0x02004298                usb_pstd_chk_vbsts
 .text.usb_pstd_busreset_function
                0x020042d8        0x4 ./ra/fsp/src/r_usb_basic/src/driver/r_usb_pstdfunction.o
                0x020042d8                usb_pstd_busreset_function
 .text.usb_pstd_suspend_function
                0x020042dc        0x4 ./ra/fsp/src/r_usb_basic/src/driver/r_usb_pstdfunction.o
                0x020042dc                usb_pstd_suspend_function
 .text.usb_pdriver_init
                0x020042e0       0xf4 ./ra/fsp/src/r_usb_basic/src/driver/r_usb_pstdfunction.o
                0x020042e0                usb_pdriver_init
 .text.usb_pstd_stand_req0
                0x020043d4       0x80 ./ra/fsp/src/r_usb_basic/src/driver/r_usb_pstdrequest.o
                0x020043d4                usb_pstd_stand_req0
 .text.usb_pstd_stand_req1
                0x02004454      0x2b0 ./ra/fsp/src/r_usb_basic/src/driver/r_usb_pstdrequest.o
                0x02004454                usb_pstd_stand_req1
 .text.usb_pstd_stand_req2
                0x02004704        0x4 ./ra/fsp/src/r_usb_basic/src/driver/r_usb_pstdrequest.o
                0x02004704                usb_pstd_stand_req2
 .text.usb_pstd_stand_req3
                0x02004708      0x334 ./ra/fsp/src/r_usb_basic/src/driver/r_usb_pstdrequest.o
                0x02004708                usb_pstd_stand_req3
 .text.usb_pstd_stand_req4
                0x02004a3c       0xbc ./ra/fsp/src/r_usb_basic/src/driver/r_usb_pstdrequest.o
                0x02004a3c                usb_pstd_stand_req4
 .text.usb_pstd_stand_req5
                0x02004af8       0xa0 ./ra/fsp/src/r_usb_basic/src/driver/r_usb_pstdrequest.o
                0x02004af8                usb_pstd_stand_req5
 .text.usb_peri_class_request_rss
                0x02004b98       0x4c ./ra/fsp/src/r_usb_basic/src/driver/r_usb_pstdrequest.o
                0x02004b98                usb_peri_class_request_rss
 .text.usb_peri_class_request_wss
                0x02004be4       0x58 ./ra/fsp/src/r_usb_basic/src/driver/r_usb_pstdrequest.o
                0x02004be4                usb_peri_class_request_wss
 .text.usb_peri_class_request
                0x02004c3c       0xf0 ./ra/fsp/src/r_usb_basic/src/driver/r_usb_pstdrequest.o
                0x02004c3c                usb_peri_class_request
 .text.R_USB_EventGet
                0x02004d2c       0x60 ./ra/fsp/src/r_usb_basic/r_usb_basic.o
                0x02004d2c                R_USB_EventGet
 .text.R_USB_Open
                0x02004d8c      0x118 ./ra/fsp/src/r_usb_basic/r_usb_basic.o
                0x02004d8c                R_USB_Open
 .text.R_USB_InfoGet
                0x02004ea4       0xb8 ./ra/fsp/src/r_usb_basic/r_usb_basic.o
                0x02004ea4                R_USB_InfoGet
 .text.R_USB_Read
                0x02004f5c       0x54 ./ra/fsp/src/r_usb_basic/r_usb_basic.o
                0x02004f5c                R_USB_Read
 .text.R_USB_Write
                0x02004fb0       0x54 ./ra/fsp/src/r_usb_basic/r_usb_basic.o
                0x02004fb0                R_USB_Write
 .text.R_USB_PeriControlDataGet
                0x02005004       0x44 ./ra/fsp/src/r_usb_basic/r_usb_basic.o
                0x02005004                R_USB_PeriControlDataGet
 .text.R_USB_PeriControlDataSet
                0x02005048       0x44 ./ra/fsp/src/r_usb_basic/r_usb_basic.o
                0x02005048                R_USB_PeriControlDataSet
 .text.R_USB_PeriControlStatusSet
                0x0200508c       0x30 ./ra/fsp/src/r_usb_basic/r_usb_basic.o
                0x0200508c                R_USB_PeriControlStatusSet
 .text.R_IOPORT_PinWrite
                0x020050bc       0x28 ./ra/fsp/src/r_ioport/r_ioport.o
                0x020050bc                R_IOPORT_PinWrite
 .text.bsp_vbatt_init
                0x020050e4       0xec ./ra/fsp/src/r_ioport/r_ioport.o
 .text.r_ioport_pins_config
                0x020051d0       0xac ./ra/fsp/src/r_ioport/r_ioport.o
 .text.R_IOPORT_Open
                0x0200527c       0x14 ./ra/fsp/src/r_ioport/r_ioport.o
                0x0200527c                R_IOPORT_Open
 .text.R_AGT_Start
                0x02005290       0x64 ./ra/fsp/src/r_agt/r_agt.o
                0x02005290                R_AGT_Start
 .text.R_AGT_Open
                0x020052f4      0x144 ./ra/fsp/src/r_agt/r_agt.o
                0x020052f4                R_AGT_Open
 .text.agt_int_isr
                0x02005438       0x94 ./ra/fsp/src/r_agt/r_agt.o
                0x02005438                agt_int_isr
 .text.R_ADC_ScanStart
                0x020054cc        0xc ./ra/fsp/src/r_adc/r_adc.o
                0x020054cc                R_ADC_ScanStart
 .text.R_ADC_StatusGet
                0x020054d8       0x10 ./ra/fsp/src/r_adc/r_adc.o
                0x020054d8                R_ADC_StatusGet
 .text.R_ADC_Read
                0x020054e8       0x10 ./ra/fsp/src/r_adc/r_adc.o
                0x020054e8                R_ADC_Read
 .text.R_ADC_ScanCfg
                0x020054f8      0x25c ./ra/fsp/src/r_adc/r_adc.o
                0x020054f8                R_ADC_ScanCfg
 .text.R_ADC_Open
                0x02005754      0x284 ./ra/fsp/src/r_adc/r_adc.o
                0x02005754                R_ADC_Open
 .text.SystemCoreClockUpdate
                0x020059d8       0x8c ./ra/fsp/src/bsp/mcu/all/bsp_clocks.o
                0x020059d8                SystemCoreClockUpdate
 *fill*         0x02005a64        0x4 ff
 .text.bsp_clock_init
                0x02005a68      0x228 ./ra/fsp/src/bsp/mcu/all/bsp_clocks.o
                0x02005a68                bsp_clock_init
 .text.R_BSP_Init_RTC
                0x02005c90       0x28 ./ra/fsp/src/bsp/mcu/all/bsp_clocks.o
                0x02005c90                R_BSP_Init_RTC
 .text.bsp_prv_software_delay_loop
                0x02005cb8        0xc ./ra/fsp/src/bsp/mcu/all/bsp_delay.o
                0x02005cb8                bsp_prv_software_delay_loop
 .text.R_BSP_SoftwareDelay
                0x02005cc4       0x80 ./ra/fsp/src/bsp/mcu/all/bsp_delay.o
                0x02005cc4                R_BSP_SoftwareDelay
 .text.NMI_Handler
                0x02005d44       0x44 ./ra/fsp/src/bsp/mcu/all/bsp_group_irq.o
                0x02005d44                NMI_Handler
 .text.bsp_irq_cfg
                0x02005d88       0x2c ./ra/fsp/src/bsp/mcu/all/bsp_irq.o
                0x02005d88                bsp_irq_cfg
 .text.R_BSP_RegisterProtectEnable
                0x02005db4       0x60 ./ra/fsp/src/bsp/mcu/all/bsp_register_protection.o
                0x02005db4                R_BSP_RegisterProtectEnable
 .text.R_BSP_RegisterProtectDisable
                0x02005e14       0x54 ./ra/fsp/src/bsp/mcu/all/bsp_register_protection.o
                0x02005e14                R_BSP_RegisterProtectDisable
 .text.R_BSP_SdramInit
                0x02005e68       0xcc ./ra/fsp/src/bsp/mcu/all/bsp_sdram.o
                0x02005e68                R_BSP_SdramInit
 .text.Default_Handler
                0x02005f34        0x4 ./ra/fsp/src/bsp/cmsis/Device/RENESAS/Source/startup.o
                0x02005f34                DebugMon_Handler
                0x02005f34                HardFault_Handler
                0x02005f34                SysTick_Handler
                0x02005f34                PendSV_Handler
                0x02005f34                UsageFault_Handler
                0x02005f34                SecureFault_Handler
                0x02005f34                Default_Handler
                0x02005f34                MemManage_Handler
                0x02005f34                SVC_Handler
                0x02005f34                BusFault_Handler
 .text.Reset_Handler
                0x02005f38        0xc ./ra/fsp/src/bsp/cmsis/Device/RENESAS/Source/startup.o
                0x02005f38                Reset_Handler
 *fill*         0x02005f44        0x4 ff
 .text.SystemInit
                0x02005f48      0x1f0 ./ra/fsp/src/bsp/cmsis/Device/RENESAS/Source/system.o
                0x02005f48                SystemInit
 .text.bsp_init
                0x02006138        0x8 ./ra/board/ra8d1_aik/board_init.o
                0x02006138                bsp_init
 .text.memset   0x02006140       0x10 C:/Renesas/RA/e2studio_v2025-01_fsp_v5.8.0/toolchains/gcc_arm/13.2.rel1/bin/../lib/gcc/arm-none-eabi/13.2.1/thumb/v8-m.main+dp/hard\libg_nano.a(libc_a-memset.o)
                0x02006140                memset
 .text.memcpy   0x02006150       0x1a C:/Renesas/RA/e2studio_v2025-01_fsp_v5.8.0/toolchains/gcc_arm/13.2.rel1/bin/../lib/gcc/arm-none-eabi/13.2.1/thumb/v8-m.main+dp/hard\libg_nano.a(libc_a-memcpy-stub.o)
                0x02006150                memcpy
 *(.version)
 *fill*         0x0200616a        0x2 ff
 .version       0x0200616c       0x50 ./ra/fsp/src/bsp/mcu/all/bsp_common.o
 *(.init)
 .init          0x020061bc        0x4 C:/Renesas/RA/e2studio_v2025-01_fsp_v5.8.0/toolchains/gcc_arm/13.2.rel1/bin/../lib/gcc/arm-none-eabi/13.2.1/thumb/v8-m.main+dp/hard/crti.o
                0x020061bc                _init
 .init          0x020061c0        0x8 C:/Renesas/RA/e2studio_v2025-01_fsp_v5.8.0/toolchains/gcc_arm/13.2.rel1/bin/../lib/gcc/arm-none-eabi/13.2.1/thumb/v8-m.main+dp/hard/crtn.o
 *(.fini)
 .fini          0x020061c8        0x4 C:/Renesas/RA/e2studio_v2025-01_fsp_v5.8.0/toolchains/gcc_arm/13.2.rel1/bin/../lib/gcc/arm-none-eabi/13.2.1/thumb/v8-m.main+dp/hard/crti.o
                0x020061c8                _fini
 .fini          0x020061cc        0x8 C:/Renesas/RA/e2studio_v2025-01_fsp_v5.8.0/toolchains/gcc_arm/13.2.rel1/bin/../lib/gcc/arm-none-eabi/13.2.1/thumb/v8-m.main+dp/hard/crtn.o
 *crtbegin.o(.ctors)
 *crtbegin?.o(.ctors)
 *(EXCLUDE_FILE(*crtend.o *crtend?.o) .ctors)
 *(SORT_BY_NAME(.ctors.*))
 *(.ctors)
 *crtbegin.o(.dtors)
 *crtbegin?.o(.dtors)
 *(EXCLUDE_FILE(*crtend.o *crtend?.o) .dtors)
 *(SORT_BY_NAME(.dtors.*))
 *(.dtors)
 *(.rodata*)
 .rodata._DoInit.str1.4
                0x020061d4      0x166 ./src/SEGGER_RTT/SEGGER_RTT.o
                                  0x9 (size before relaxing)
 *fill*         0x0200633a        0x6 ff
 .rodata._aInitStr.0
                0x02006340       0x11 ./src/SEGGER_RTT/SEGGER_RTT.o
 .rodata.SEGGER_RTT_vprintf.str1.4
                0x02006351        0x7 ./src/SEGGER_RTT/SEGGER_RTT_printf.o
 *fill*         0x02006351        0x7 ff
 .rodata._aV2C.0
                0x02006358       0x10 ./src/SEGGER_RTT/SEGGER_RTT_printf.o
 .rodata.hal_entry.str1.4
                0x02006368      0x152 ./src/hal_entry.o
 .rodata.g_usb_descriptor
                0x02006368       0x18 ./src/r_usb_pcdc_descriptor.o
                0x02006368                g_usb_descriptor
 .rodata.g_basic0_cfg
                0x02006380       0x30 ./ra_gen/hal_data.o
                0x02006380                g_basic0_cfg
 .rodata.g_adc0_channel_cfg
                0x020063b0       0x14 ./ra_gen/hal_data.o
                0x020063b0                g_adc0_channel_cfg
 .rodata.g_adc0_cfg
                0x020063c4       0x18 ./ra_gen/hal_data.o
                0x020063c4                g_adc0_cfg
 .rodata.g_adc0_cfg_extend
                0x020063dc        0xb ./ra_gen/hal_data.o
                0x020063dc                g_adc0_cfg_extend
 *fill*         0x020063e7        0x1 ff
 .rodata.g_adc1_channel_cfg
                0x020063e8       0x14 ./ra_gen/hal_data.o
                0x020063e8                g_adc1_channel_cfg
 .rodata.g_adc1_cfg
                0x020063fc       0x18 ./ra_gen/hal_data.o
                0x020063fc                g_adc1_cfg
 .rodata.g_adc1_cfg_extend
                0x02006414        0xb ./ra_gen/hal_data.o
                0x02006414                g_adc1_cfg_extend
 *fill*         0x0200641f        0x1 ff
 .rodata.g_timer0_cfg
                0x02006420       0x20 ./ra_gen/hal_data.o
                0x02006420                g_timer0_cfg
 .rodata.g_timer0_extend
                0x02006440        0x8 ./ra_gen/hal_data.o
                0x02006440                g_timer0_extend
 .rodata.g_bsp_pin_cfg
                0x02006448        0xc ./ra_gen/pin_data.o
                0x02006448                g_bsp_pin_cfg
 .rodata.g_bsp_pin_cfg_data
                0x02006454      0x428 ./ra_gen/pin_data.o
                0x02006454                g_bsp_pin_cfg_data
 *fill*         0x0200687c        0x4 ff
 .rodata.g_interrupt_event_link_select
                0x02006880       0xc0 ./ra_gen/vector_data.o
                0x02006880                g_interrupt_event_link_select
 .rodata.g_usb_pipe_peri
                0x02006940       0x12 ./ra/fsp/src/r_usb_basic/src/driver/r_usb_cdataio.o
 *fill*         0x02006952        0x2 ff
 .rodata.g_vbatt_pins_input
                0x02006954        0x6 ./ra/fsp/src/r_ioport/r_ioport.o
 *fill*         0x0200695a        0x2 ff
 .rodata.g_prcr_masks
                0x0200695c        0x8 ./ra/fsp/src/bsp/mcu/all/bsp_register_protection.o
                0x02006964                        __usb_dev_descriptor_start_fs = .
 *(.usb_device_desc_fs*)
                0x02006964                        __usb_cfg_descriptor_start_fs = .
 *(.usb_config_desc_fs*)
                0x02006964                        __usb_interface_descriptor_start_fs = .
 *(.usb_interface_desc_fs*)
                0x02006964                        __usb_descriptor_end_fs = .
                0x02006964                        __usb_dev_descriptor_start_hs = .
 *(.usb_device_desc_hs*)
                0x02006964                        __usb_cfg_descriptor_start_hs = .
 *(.usb_config_desc_hs*)
                0x02006964                        __usb_interface_descriptor_start_hs = .
 *(.usb_interface_desc_hs*)
                0x02006964                        __usb_descriptor_end_hs = .
 *(.eh_frame*)
 .eh_frame      0x02006964        0x0 C:/Renesas/RA/e2studio_v2025-01_fsp_v5.8.0/toolchains/gcc_arm/13.2.rel1/bin/../lib/gcc/arm-none-eabi/13.2.1/thumb/v8-m.main+dp/hard/crtbegin.o
 .eh_frame      0x02006964       0x28 C:/Renesas/RA/e2studio_v2025-01_fsp_v5.8.0/toolchains/gcc_arm/13.2.rel1/bin/../lib/gcc/arm-none-eabi/13.2.1/thumb/v8-m.main+dp/hard\libg_nano.a(libc_a-strlen.o)
 .eh_frame      0x0200698c        0x4 C:/Renesas/RA/e2studio_v2025-01_fsp_v5.8.0/toolchains/gcc_arm/13.2.rel1/bin/../lib/gcc/arm-none-eabi/13.2.1/thumb/v8-m.main+dp/hard/crtend.o
                0x02006990                        __ROM_End = .
                0x000001c0                        __Vectors_Size = (__Vectors_End - __Vectors)

.glue_7         0x02006990        0x0
 .glue_7        0x02006990        0x0 linker stubs

.glue_7t        0x02006990        0x0
 .glue_7t       0x02006990        0x0 linker stubs

.vfp11_veneer   0x02006990        0x0
 .vfp11_veneer  0x02006990        0x0 linker stubs

.v4_bx          0x02006990        0x0
 .v4_bx         0x02006990        0x0 linker stubs

.iplt           0x02006990        0x0
 .iplt          0x02006990        0x0 C:/Renesas/RA/e2studio_v2025-01_fsp_v5.8.0/toolchains/gcc_arm/13.2.rel1/bin/../lib/gcc/arm-none-eabi/13.2.1/thumb/v8-m.main+dp/hard/crtbegin.o
                0x02006990                        . = .
                0x02006990                        __itcm_data_pre_location = .

.itcm_data      0x00000000        0x0 load address 0x02006990
                0x00000000                        __tz_ITCM_S = ABSOLUTE (ITCM_START)
                0x00000000                        __itcm_data_start = .
 *(.itcm_data*)
                0x00000000                        . = ALIGN (0x8)
                0x00000000                        __itcm_data_end = .
                0x00000000                        __tz_ITCM_N = DEFINED (ITCM_NS_START)?ABSOLUTE (ITCM_NS_START):ALIGN (__itcm_data_end, 0x2000)
                0x02006990                        __itcm_data_init_start = LOADADDR (.itcm_data)
                0x02006990                        __itcm_data_init_end = (LOADADDR (.itcm_data) + SIZEOF (.itcm_data))
                0x00000001                        ASSERT (((ORIGIN (ITCM) % 0x8) == 0x0), ITCM memory region origin must be aligned to 8 bytes.)
                0x00000001                        ASSERT (((LENGTH (ITCM) % 0x8) == 0x0), ITCM memory region length must be a multiple of 8 bytes.)
                0x00000001                        ASSERT (((LOADADDR (.itcm_data) % 0x10) == 0x0), .itcm_data section must be aligned to 16 bytes.)
                0x00000001                        ASSERT (((SIZEOF (.itcm_data) % 0x8) == 0x0), .itcm_data section size must be a multiple of 8 bytes.)
                0x02006990                        . = (SIZEOF (.itcm_data) > 0x0)?__itcm_data_init_end:__itcm_data_pre_location
                0x02006990                        __exidx_start = .

/DISCARD/
 *(.ARM.extab* .gnu.linkonce.armextab.*)
 *(.ARM.exidx* .gnu.linkonce.armexidx.*)
                0x02006990                        __exidx_end = .
                0x02006990                        __etext = .
                0x22000000                        __tz_RAM_S = ORIGIN (RAM)

.fsp_dtc_vector_table
                0x22000000        0x0
                0x22000000                        . = ORIGIN (RAM)
 *(.fsp_dtc_vector_table)

.data           0x22000000      0x238 load address 0x02006990
                0x22000000                        __data_start__ = .
                0x22000000                        . = ALIGN (0x4)
                0x22000000                        __Code_In_RAM_Start = .
 *(.code_in_ram*)
                0x22000000                        __Code_In_RAM_End = .
 *(vtable)
 *(.data.*)
 .data.gp_apl_string_table
                0x22000000       0x1c ./src/r_usb_pcdc_descriptor.o
                0x22000000                gp_apl_string_table
 *fill*         0x2200001c        0x4 
 .data.g_cdc_string_descriptor6
                0x22000020       0x1c ./src/r_usb_pcdc_descriptor.o
                0x22000020                g_cdc_string_descriptor6
 *fill*         0x2200003c        0x4 
 .data.g_cdc_string_descriptor5
                0x22000040       0x12 ./src/r_usb_pcdc_descriptor.o
                0x22000040                g_cdc_string_descriptor5
 *fill*         0x22000052        0x6 
 .data.g_cdc_string_descriptor4
                0x22000058       0x16 ./src/r_usb_pcdc_descriptor.o
                0x22000058                g_cdc_string_descriptor4
 *fill*         0x2200006e        0x2 
 .data.g_cdc_string_descriptor3
                0x22000070       0x2e ./src/r_usb_pcdc_descriptor.o
                0x22000070                g_cdc_string_descriptor3
 *fill*         0x2200009e        0x2 
 .data.g_cdc_string_descriptor2
                0x220000a0       0x2c ./src/r_usb_pcdc_descriptor.o
                0x220000a0                g_cdc_string_descriptor2
 *fill*         0x220000cc        0x4 
 .data.g_cdc_string_descriptor1
                0x220000d0       0x10 ./src/r_usb_pcdc_descriptor.o
                0x220000d0                g_cdc_string_descriptor1
 .data.g_cdc_string_descriptor0
                0x220000e0        0x4 ./src/r_usb_pcdc_descriptor.o
                0x220000e0                g_cdc_string_descriptor0
 *fill*         0x220000e4        0x4 
 .data.g_apl_hs_configuration
                0x220000e8       0x44 ./src/r_usb_pcdc_descriptor.o
                0x220000e8                g_apl_hs_configuration
 *fill*         0x2200012c        0x4 
 .data.g_apl_configuration
                0x22000130       0x44 ./src/r_usb_pcdc_descriptor.o
                0x22000130                g_apl_configuration
 .data.g_apl_qualifier_descriptor
                0x22000174        0xa ./src/r_usb_pcdc_descriptor.o
                0x22000174                g_apl_qualifier_descriptor
 *fill*         0x2200017e        0x2 
 .data.g_apl_device
                0x22000180       0x12 ./src/r_usb_pcdc_descriptor.o
                0x22000180                g_apl_device
 *fill*         0x22000192        0x2 
 .data.g_usb_pcdc_serialstate_table
                0x22000194        0xa ./ra/fsp/src/r_usb_basic/src/driver/r_usb_cdataio.o
                0x22000194                g_usb_pcdc_serialstate_table
 *fill*         0x2200019e        0x2 
 .data.g_usb_callback
                0x220001a0       0x90 ./ra/fsp/src/r_usb_basic/src/driver/r_usb_cdataio.o
                0x220001a0                g_usb_callback
 *(.data)
                0x22000230                        . = ALIGN (0x4)
                0x22000230                        PROVIDE (__preinit_array_start = .)
 *(.preinit_array)
                0x22000230                        PROVIDE (__preinit_array_end = .)
                0x22000230                        . = ALIGN (0x4)
                0x22000230                        PROVIDE (__init_array_start = .)
 *(SORT_BY_NAME(.init_array.*))
 *(.init_array)
 .init_array    0x22000230        0x4 C:/Renesas/RA/e2studio_v2025-01_fsp_v5.8.0/toolchains/gcc_arm/13.2.rel1/bin/../lib/gcc/arm-none-eabi/13.2.1/thumb/v8-m.main+dp/hard/crtbegin.o
                0x22000234                        PROVIDE (__init_array_end = .)
                0x22000234                        . = ALIGN (0x4)
                [!provide]                        PROVIDE (__fini_array_start = .)
 *(SORT_BY_NAME(.fini_array.*))
 *(.fini_array)
 .fini_array    0x22000234        0x4 C:/Renesas/RA/e2studio_v2025-01_fsp_v5.8.0/toolchains/gcc_arm/13.2.rel1/bin/../lib/gcc/arm-none-eabi/13.2.1/thumb/v8-m.main+dp/hard/crtbegin.o
                [!provide]                        PROVIDE (__fini_array_end = .)
 *(.jcr*)
                0x22000238                        . = ALIGN (0x4)
                0x22000238                        __data_end__ = .

.tm_clone_table
                0x22000238        0x0 load address 0x02006bc8
 .tm_clone_table
                0x22000238        0x0 C:/Renesas/RA/e2studio_v2025-01_fsp_v5.8.0/toolchains/gcc_arm/13.2.rel1/bin/../lib/gcc/arm-none-eabi/13.2.1/thumb/v8-m.main+dp/hard/crtbegin.o
 .tm_clone_table
                0x22000238        0x0 C:/Renesas/RA/e2studio_v2025-01_fsp_v5.8.0/toolchains/gcc_arm/13.2.rel1/bin/../lib/gcc/arm-none-eabi/13.2.1/thumb/v8-m.main+dp/hard/crtend.o

.igot.plt       0x22000238        0x0 load address 0x02006bc8
 .igot.plt      0x22000238        0x0 C:/Renesas/RA/e2studio_v2025-01_fsp_v5.8.0/toolchains/gcc_arm/13.2.rel1/bin/../lib/gcc/arm-none-eabi/13.2.1/thumb/v8-m.main+dp/hard/crtbegin.o
                0x22000238                        . = .
                0x02006bc8                        __dtcm_data_pre_location = (LOADADDR (.data) + SIZEOF (.data))

.dtcm_data      0x20000000        0x0 load address 0x02006bd0
                0x20000000                        __tz_DTCM_S = ABSOLUTE (DTCM_START)
                0x20000000                        __dtcm_data_start = .
 *(.dtcm_data*)
                0x20000000                        . = ALIGN (0x8)
                0x20000000                        __dtcm_data_end = .
                0x20000000                        . = __dtcm_data_end

.dtcm_bss       0x20000000        0x0
                0x20000000                        __dtcm_bss_start = .
 *(.dtcm_bss*)
                0x20000000                        . = ALIGN (0x8)
                0x20000000                        __dtcm_bss_end = .
                0x20000000                        __tz_DTCM_N = DEFINED (DTCM_NS_START)?ABSOLUTE (DTCM_NS_START):ALIGN (__dtcm_bss_end, 0x2000)
                0x02006bd0                        __dtcm_data_init_start = LOADADDR (.dtcm_data)
                0x02006bd0                        __dtcm_data_init_end = (LOADADDR (.dtcm_data) + SIZEOF (.dtcm_data))
                0x00000001                        ASSERT (((ORIGIN (DTCM) % 0x8) == 0x0), DTCM memory region origin must be aligned to 8 bytes.)
                0x00000001                        ASSERT (((LENGTH (DTCM) % 0x8) == 0x0), DTCM memory region length must be a multiple of 8 bytes.)
                0x00000001                        ASSERT ((LOADADDR (.dtcm_bss) == ADDR (.dtcm_bss)), .dtcm_bss has (VMA != LMA) but should be NOLOAD (VMA == LMA).)
                0x00000001                        ASSERT (((LOADADDR (.dtcm_data) % 0x10) == 0x0), .dtcm_data section must be aligned to 16 bytes.)
                0x00000001                        ASSERT (((SIZEOF (.dtcm_data) % 0x8) == 0x0), .dtcm_data section size must be a multiple of 8 bytes.)
                0x00000001                        ASSERT (((LOADADDR (.dtcm_bss) % 0x8) == 0x0), .dtcm_bss section must be aligned to 8 bytes.)
                0x00000001                        ASSERT (((SIZEOF (.dtcm_bss) % 0x8) == 0x0), .dtcm_bss section size must be a multiple of 8 bytes.)
                0x00000001                        ASSERT ((__dtcm_bss_start == __dtcm_data_end), .dtcm_bss section is not adjacent to .dtcm_data section.)
                0x02006bc8                        . = (SIZEOF (.dtcm_data) > 0x0)?__dtcm_data_init_end:__dtcm_data_pre_location
                0x02006bc8                        sgstubs_pre_location = .
                0x02006c00                        SGSTUBS_LOC = (DEFINED (PROJECT_SECURE) && DEFINED (FLASH_NSC_START))?ABSOLUTE (FLASH_NSC_START):ALIGN (0x400)

.gnu.sgstubs    0x02006c00        0x0
                0x02006c00                        __FLASH_NSC_START = DEFINED (FLASH_NSC_START)?ABSOLUTE (FLASH_NSC_START):__RESERVE_NS_RAM?ABSOLUTE ((FLASH_START + FLASH_LENGTH)):ALIGN (0x400)
                0x02006c00                        _start_sg = .
 *(.gnu.sgstubs*)
                0x02006c00                        . = ALIGN (0x20)
                0x02006c00                        _end_sg = .
                0x02008000                        __tz_FLASH_N = DEFINED (FLASH_NS_START)?ABSOLUTE (FLASH_NS_START):__RESERVE_NS_RAM?ABSOLUTE ((FLASH_START + FLASH_LENGTH)):(FLASH_LENGTH < 0x8000)?FLASH_LENGTH:ALIGN (0x8000)
                0x02008000                        FLASH_NS_IMAGE_START = DEFINED (FLASH_NS_IMAGE_START)?FLASH_NS_IMAGE_START:__tz_FLASH_N
                0x60000000                        __tz_QSPI_FLASH_S = ORIGIN (QSPI_FLASH)

.qspi_flash     0x60000000        0x0
                0x60000000                        __qspi_flash_start__ = .
 *(.qspi_flash*)
 *(.code_in_qspi*)
                0x60000000                        __qspi_flash_end__ = .
                0x00000000                        __qspi_flash_code_size__ = (__qspi_flash_end__ - __qspi_flash_start__)
                0x02006bc8                        __qspi_flash_code_addr__ = sgstubs_pre_location

.qspi_non_retentive
                0x60000000        0x0 load address 0x02006bc8
                0x60000000                        __qspi_non_retentive_start__ = .
 *(.qspi_non_retentive*)
                0x60000000                        __qspi_non_retentive_end__ = .
                0x00000000                        __qspi_non_retentive_size__ = (__qspi_non_retentive_end__ - __qspi_non_retentive_start__)
                0x04000000                        __qspi_region_max_size__ = 0x4000000
                0x60000000                        __qspi_region_start_address__ = __qspi_flash_start__
                0x64000000                        __qspi_region_end_address__ = (__qspi_flash_start__ + __qspi_region_max_size__)
                0x60000000                        __tz_QSPI_FLASH_N = __qspi_non_retentive_end__

.OSPI_DEVICE_0_NO_LOAD
                0x80000000        0x0
                0x80000000                        . = ALIGN (0x4)
                0x80000000                        __ospi_device_0_start__ = .
 *(.ospi_device_0_no_load*)
                0x80000000                        . = ALIGN (0x4)
                0x80000000                        __ospi_device_0_end__ = .

.OSPI_DEVICE_1_NO_LOAD
                0x90000000        0x0
                0x90000000                        . = ALIGN (0x4)
                0x90000000                        __ospi_device_1_start__ = .
 *(.ospi_device_1_no_load*)
                0x90000000                        . = ALIGN (0x4)
                0x90000000                        __ospi_device_1_end__ = .
                0x80000000                        __tz_OSPI_DEVICE_0_S = ORIGIN (OSPI_DEVICE_0)

.OSPI_DEVICE_0  0x80000000        0x0
                0x80000000                        __ospi_device_0_start__ = .
 *(.ospi_device_0*)
 *(.code_in_ospi_device_0*)
                0x80000000                        __ospi_device_0_end__ = .
                0x00000000                        __ospi_device_0_code_size__ = (__ospi_device_0_end__ - __ospi_device_0_start__)
                0x02006bc8                        __ospi_device_0_code_addr__ = (sgstubs_pre_location + SIZEOF (.qspi_non_retentive))

.ospi_device_0_non_retentive
                0x80000000        0x0 load address 0x02006bc8
                0x80000000                        __ospi_device_0_non_retentive_start__ = .
 *(.ospi_device_0_non_retentive*)
                0x80000000                        __ospi_device_0_non_retentive_end__ = .
                0x00000000                        __ospi_device_0_non_retentive_size__ = (__ospi_device_0_non_retentive_end__ - __ospi_device_0_non_retentive_start__)
                0x08000000                        __ospi_device_0_region_max_size__ = 0x8000000
                0x80000000                        __ospi_device_0_region_start_address__ = __ospi_device_0_start__
                0x88000000                        __ospi_device_0_region_end_address__ = (__ospi_device_0_start__ + __ospi_device_0_region_max_size__)
                0x80000000                        __tz_OSPI_DEVICE_0_N = __ospi_device_0_non_retentive_end__
                0x90000000                        __tz_OSPI_DEVICE_1_S = ORIGIN (OSPI_DEVICE_1)

.OSPI_DEVICE_1  0x90000000        0x0
                0x90000000                        __ospi_device_1_start__ = .
 *(.ospi_device_1*)
 *(.code_in_ospi_device_1*)
                0x90000000                        __ospi_device_1_end__ = .
                0x00000000                        __ospi_device_1_code_size__ = (__ospi_device_1_end__ - __ospi_device_1_start__)
                0x02006bc8                        __ospi_device_1_code_addr__ = (sgstubs_pre_location + (SIZEOF (.qspi_non_retentive) + SIZEOF (.ospi_device_0_non_retentive)))

.ospi_device_1_non_retentive
                0x90000000        0x0 load address 0x02006bc8
                0x90000000                        __ospi_device_1_non_retentive_start__ = .
 *(.ospi_device_1_non_retentive*)
                0x90000000                        __ospi_device_1_non_retentive_end__ = .
                0x00000000                        __ospi_device_1_non_retentive_size__ = (__ospi_device_1_non_retentive_end__ - __ospi_device_1_non_retentive_start__)
                0x10000000                        __ospi_device_1_region_max_size__ = 0x10000000
                0x90000000                        __ospi_device_1_region_start_address__ = __ospi_device_1_start__
                0xa0000000                        __ospi_device_1_region_end_address__ = (__ospi_device_1_start__ + __ospi_device_1_region_max_size__)
                0x90000000                        __tz_OSPI_DEVICE_1_N = __ospi_device_1_non_retentive_end__

.noinit         0x22000238       0x30
                0x22000238                        . = ALIGN (0x4)
                0x22000238                        __noinit_start = .
 *(.noinit*)
 .noinit        0x22000238       0x2c ./ra/fsp/src/bsp/mcu/all/bsp_clocks.o
                0x22000268                        . = ALIGN (0x8)
 *fill*         0x22000264        0x4 
 *(.heap.*)
                0x22000268                        __noinit_end = .
                0x22000268                        . = .
                0x22000268                        __nocache_pre_location = .

.nocache        0x22000280        0x0
                0x22000280                        __nocache_start = .
 *(.nocache)
                0x22000280                        . = ALIGN (0x20)
                0x22000280                        __nocache_end = .
                0x22000268                        . = (SIZEOF (.nocache) > 0x0)?__nocache_end:__nocache_pre_location

.bss            0x22000268     0x9004
                0x22000268                        . = ALIGN (0x4)
                0x22000268                        __bss_start__ = .
 *(.bss*)
 .bss.completed.1
                0x22000268        0x1 C:/Renesas/RA/e2studio_v2025-01_fsp_v5.8.0/toolchains/gcc_arm/13.2.rel1/bin/../lib/gcc/arm-none-eabi/13.2.1/thumb/v8-m.main+dp/hard/crtbegin.o
 *fill*         0x22000269        0x3 
 .bss.object.0  0x2200026c       0x18 C:/Renesas/RA/e2studio_v2025-01_fsp_v5.8.0/toolchains/gcc_arm/13.2.rel1/bin/../lib/gcc/arm-none-eabi/13.2.1/thumb/v8-m.main+dp/hard/crtbegin.o
 *fill*         0x22000284        0x4 
 .bss._acDownBuffer
                0x22000288       0x10 ./src/SEGGER_RTT/SEGGER_RTT.o
 .bss._acUpBuffer
                0x22000298      0x400 ./src/SEGGER_RTT/SEGGER_RTT.o
 .bss._SEGGER_RTT
                0x22000698       0xa8 ./src/SEGGER_RTT/SEGGER_RTT.o
                0x22000698                _SEGGER_RTT
 .bss.g_line_coding.0
                0x22000740        0x8 ./src/hal_entry.o
 .bss.tx_data   0x22000748     0x4004 ./src/hal_entry.o
                0x22000748                tx_data
 *fill*         0x2200474c        0x4 
 .bss.channel_data
                0x22004750     0x4004 ./src/hal_entry.o
                0x22004750                channel_data
 .bss.receive_all
                0x22008754        0x1 ./src/hal_entry.o
                0x22008754                receive_all
 .bss.gb1ms_cycle
                0x22008755        0x1 ./src/hal_entry.o
                0x22008755                gb1ms_cycle
 .bss.temp_1    0x22008756        0x2 ./src/hal_entry.o
                0x22008756                temp_1
 .bss.temp_0    0x22008758        0x2 ./src/hal_entry.o
                0x22008758                temp_0
 .bss.adc_cnt_tx
                0x2200875a        0x2 ./src/hal_entry.o
                0x2200875a                adc_cnt_tx
 .bss.adc_cnt_reg
                0x2200875c        0x2 ./src/hal_entry.o
                0x2200875c                adc_cnt_reg
 .bss.adc_cnt   0x2200875e        0x2 ./src/hal_entry.o
                0x2200875e                adc_cnt
 .bss.adc1_status
                0x22008760        0x1 ./src/hal_entry.o
                0x22008760                adc1_status
 *fill*         0x22008761        0x3 
 .bss.adc0_status
                0x22008764        0x1 ./src/hal_entry.o
                0x22008764                adc0_status
 *fill*         0x22008765        0x3 
 .bss.g_buf     0x22008768       0x40 ./src/hal_entry.o
                0x22008768                g_buf
 .bss.result_channel_data
                0x220087a8        0x6 ./src/hal_entry.o
                0x220087a8                result_channel_data
 *fill*         0x220087ae        0x2 
 .bss.result    0x220087b0        0xa ./src/hal_entry.o
                0x220087b0                result
 .bss.b_usb_attach
                0x220087ba        0x1 ./src/hal_entry.o
 .bss.usb_event
                0x220087bb        0x1 ./src/hal_entry.o
                0x220087bb                usb_event
 .bss.g_ioport_ctrl
                0x220087bc        0x8 ./ra_gen/common_data.o
                0x220087bc                g_ioport_ctrl
 .bss.g_basic0_ctrl
                0x220087c4       0x24 ./ra_gen/hal_data.o
                0x220087c4                g_basic0_ctrl
 .bss.g_adc0_ctrl
                0x220087e8       0x24 ./ra_gen/hal_data.o
                0x220087e8                g_adc0_ctrl
 .bss.g_adc1_ctrl
                0x2200880c       0x24 ./ra_gen/hal_data.o
                0x2200880c                g_adc1_ctrl
 .bss.g_timer0_ctrl
                0x22008830       0x20 ./ra_gen/hal_data.o
                0x22008830                g_timer0_ctrl
 .bss.g_usb_cstd_suspend_mode
                0x22008850        0x2 ./ra/fsp/src/r_usb_basic/src/hw/r_usb_preg_abs.o
                0x22008850                g_usb_cstd_suspend_mode
 *fill*         0x22008852        0x6 
 .bss.g_usb_cstd_bemp_skip
                0x22008858       0x28 ./ra/fsp/src/r_usb_basic/src/driver/r_usb_cdataio.o
                0x22008858                g_usb_cstd_bemp_skip
 .bss.g_usb_pipe_table
                0x22008880       0xc8 ./ra/fsp/src/r_usb_basic/src/driver/r_usb_cdataio.o
                0x22008880                g_usb_pipe_table
 .bss.g_p_usb_pstd_pipe
                0x22008948       0x28 ./ra/fsp/src/r_usb_basic/src/driver/r_usb_cdataio.o
                0x22008948                g_p_usb_pstd_pipe
 .bss.gp_usb_pstd_data
                0x22008970       0x28 ./ra/fsp/src/r_usb_basic/src/driver/r_usb_cdataio.o
                0x22008970                gp_usb_pstd_data
 .bss.g_usb_pstd_data_cnt
                0x22008998       0x28 ./ra/fsp/src/r_usb_basic/src/driver/r_usb_cdataio.o
                0x22008998                g_usb_pstd_data_cnt
 .bss.g_usb_bc_detect
                0x220089c0        0x2 ./ra/fsp/src/r_usb_basic/src/driver/r_usb_pbc.o
                0x220089c0                g_usb_bc_detect
 *fill*         0x220089c2        0x6 
 .bss.g_usb_pstd_req_reg
                0x220089c8        0x8 ./ra/fsp/src/r_usb_basic/src/driver/r_usb_pdriver.o
                0x220089c8                g_usb_pstd_req_reg
 .bss.g_usb_pstd_driver
                0x220089d0       0x34 ./ra/fsp/src/r_usb_basic/src/driver/r_usb_pdriver.o
                0x220089d0                g_usb_pstd_driver
 .bss.g_usb_peri_connected
                0x22008a04        0x2 ./ra/fsp/src/r_usb_basic/src/driver/r_usb_pdriver.o
                0x22008a04                g_usb_peri_connected
 .bss.g_usb_pstd_std_request
                0x22008a06        0x2 ./ra/fsp/src/r_usb_basic/src/driver/r_usb_pdriver.o
                0x22008a06                g_usb_pstd_std_request
 .bss.g_usb_pstd_pipe0_request
                0x22008a08        0x2 ./ra/fsp/src/r_usb_basic/src/driver/r_usb_pdriver.o
                0x22008a08                g_usb_pstd_pipe0_request
 .bss.g_usb_pstd_req_length
                0x22008a0a        0x2 ./ra/fsp/src/r_usb_basic/src/driver/r_usb_pdriver.o
                0x22008a0a                g_usb_pstd_req_length
 .bss.g_usb_pstd_req_index
                0x22008a0c        0x2 ./ra/fsp/src/r_usb_basic/src/driver/r_usb_pdriver.o
                0x22008a0c                g_usb_pstd_req_index
 .bss.g_usb_pstd_req_value
                0x22008a0e        0x2 ./ra/fsp/src/r_usb_basic/src/driver/r_usb_pdriver.o
                0x22008a0e                g_usb_pstd_req_value
 .bss.g_usb_pstd_req_type
                0x22008a10        0x2 ./ra/fsp/src/r_usb_basic/src/driver/r_usb_pdriver.o
                0x22008a10                g_usb_pstd_req_type
 *fill*         0x22008a12        0x6 
 .bss.g_usb_pstd_eptbl_index
                0x22008a18       0x40 ./ra/fsp/src/r_usb_basic/src/driver/r_usb_pdriver.o
                0x22008a18                g_usb_pstd_eptbl_index
 .bss.g_usb_pstd_test_mode_flag
                0x22008a58        0x2 ./ra/fsp/src/r_usb_basic/src/driver/r_usb_pdriver.o
                0x22008a58                g_usb_pstd_test_mode_flag
 .bss.g_usb_pstd_test_mode_select
                0x22008a5a        0x2 ./ra/fsp/src/r_usb_basic/src/driver/r_usb_pdriver.o
                0x22008a5a                g_usb_pstd_test_mode_select
 .bss.g_usb_pstd_remote_wakeup
                0x22008a5c        0x2 ./ra/fsp/src/r_usb_basic/src/driver/r_usb_pdriver.o
                0x22008a5c                g_usb_pstd_remote_wakeup
 *fill*         0x22008a5e        0x2 
 .bss.g_usb_pstd_stall_pipe
                0x22008a60       0x14 ./ra/fsp/src/r_usb_basic/src/driver/r_usb_pdriver.o
                0x22008a60                g_usb_pstd_stall_pipe
 .bss.g_usb_pstd_stall_cb
                0x22008a74        0x4 ./ra/fsp/src/r_usb_basic/src/driver/r_usb_pdriver.o
                0x22008a74                g_usb_pstd_stall_cb
 .bss.g_usb_pstd_alt_num
                0x22008a78      0x1fe ./ra/fsp/src/r_usb_basic/src/driver/r_usb_pdriver.o
                0x22008a78                g_usb_pstd_alt_num
 .bss.g_usb_pstd_config_num
                0x22008c76        0x2 ./ra/fsp/src/r_usb_basic/src/driver/r_usb_pdriver.o
                0x22008c76                g_usb_pstd_config_num
 .bss.g_usb_pstd_usb_int
                0x22008c78       0x44 ./ra/fsp/src/r_usb_basic/src/driver/r_usb_pinthandler_usbip0.o
                0x22008c78                g_usb_pstd_usb_int
 .bss.tbl.0     0x22008cbc        0x2 ./ra/fsp/src/r_usb_basic/src/driver/r_usb_pstdrequest.o
 *fill*         0x22008cbe        0x2 
 .bss.tbl.1     0x22008cc0        0x2 ./ra/fsp/src/r_usb_basic/src/driver/r_usb_pstdrequest.o
 *fill*         0x22008cc2        0x2 
 .bss.tbl.2     0x22008cc4        0x2 ./ra/fsp/src/r_usb_basic/src/driver/r_usb_pstdrequest.o
 *fill*         0x22008cc6        0x2 
 .bss.is_init   0x22008cc8        0x2 ./ra/fsp/src/r_usb_basic/r_usb_basic.o
 *fill*         0x22008cca        0x2 
 .bss.g_usb_open_class
                0x22008ccc        0x8 ./ra/fsp/src/r_usb_basic/r_usb_basic.o
                0x22008ccc                g_usb_open_class
 .bss.g_usb_usbmode
                0x22008cd4        0x4 ./ra/fsp/src/r_usb_basic/r_usb_basic.o
                0x22008cd4                g_usb_usbmode
 .bss.g_usb_pdata
                0x22008cd8      0x230 ./ra/fsp/src/r_usb_basic/r_usb_basic.o
                0x22008cd8                g_usb_pdata
 .bss.g_usb_apl_callback_memory
                0x22008f08        0x8 ./ra/fsp/src/r_usb_basic/r_usb_basic.o
                0x22008f08                g_usb_apl_callback_memory
 .bss.g_usb_apl_callback
                0x22008f10        0x8 ./ra/fsp/src/r_usb_basic/r_usb_basic.o
                0x22008f10                g_usb_apl_callback
 .bss.g_usb_change_device_state
                0x22008f18        0x4 ./ra/fsp/src/r_usb_basic/r_usb_basic.o
                0x22008f18                g_usb_change_device_state
 .bss.g_usb_cstd_event
                0x22008f1c      0x174 ./ra/fsp/src/r_usb_basic/r_usb_basic.o
                0x22008f1c                g_usb_cstd_event
 .bss.gp_prv_agt_periods
                0x22009090        0x8 ./ra/fsp/src/r_agt/r_agt.o
 .bss.g_bsp_group_irq_sources
                0x22009098       0x40 ./ra/fsp/src/bsp/mcu/all/bsp_group_irq.o
                0x22009098                g_bsp_group_irq_sources
 .bss.g_protect_pfswe_counter
                0x220090d8        0x4 ./ra/fsp/src/bsp/mcu/all/bsp_io.o
                0x220090d8                g_protect_pfswe_counter
 *fill*         0x220090dc        0x4 
 .bss.gp_renesas_isr_context
                0x220090e0      0x180 ./ra/fsp/src/bsp/mcu/all/bsp_irq.o
                0x220090e0                gp_renesas_isr_context
 .bss.g_protect_counters
                0x22009260        0x8 ./ra/fsp/src/bsp/mcu/all/bsp_register_protection.o
                0x22009260                g_protect_counters
 .bss.SystemCoreClock
                0x22009268        0x4 ./ra/fsp/src/bsp/cmsis/Device/RENESAS/Source/system.o
                0x22009268                SystemCoreClock
 *(COMMON)
                0x2200926c                        . = ALIGN (0x4)
                0x2200926c                        __bss_end__ = .

.heap           0x22009270     0x6000
                0x22009270                        . = ALIGN (0x8)
                0x22009270                        __HeapBase = .
 *(.heap)
 .heap          0x22009270     0x6000 ./ra/fsp/src/bsp/cmsis/Device/RENESAS/Source/startup.o
                0x2200f270                        __HeapLimit = .

.stack_dummy    0x2200f270     0x6000
                0x2200f270                        . = ALIGN (0x8)
                0x2200f270                        __StackLimit = .
 *(.stack)
 .stack         0x2200f270     0x6000 ./ra/fsp/src/bsp/cmsis/Device/RENESAS/Source/startup.o