T04E4 000:000.973   SEGGER J-Link V8.12c Log File
T04E4 000:001.165   DLL Compiled: Jan 22 2025 12:55:59
T04E4 000:001.214   Logging started @ 2025-09-24 08:32
T04E4 000:001.222   Process: C:\Users\jin05\.eclipse\com.renesas.platform_1309835749\DebugComp\RA\e2-server-gdb.exe
T04E4 000:001.236 - 1.228ms 
T04E4 000:001.255 JLINK_GetDLLVersion()
T04E4 000:001.263 - 0.008ms returns 81203
T04E4 000:004.359 JLINK_OpenEx(...)
T04E4 000:014.714   Firmware: J-Link OB-RA4M2 compiled Jan 22 2025 10:52:12
T04E4 000:016.064   Firmware: J-Link OB-RA4M2 compiled Jan 22 2025 10:52:12
T04E4 000:032.051   Hardware: V1.00
T04E4 000:032.077   S/N: 1089377730
T04E4 000:032.087   OEM: SEGGER
T04E4 000:032.096   Feature(s): None
T04E4 000:034.287   Bootloader: 2021 May 14
T04E4 000:036.922   USB speed mode: Full speed (12 MBit/s)
T04E4 000:037.459   TELNET listener socket opened on port 19021
T04E4 000:037.606   WEBSRV WEBSRV_Init(): Starting webserver thread(s)
T04E4 000:037.881   WEBSRV Webserver running on local port 19080
T04E4 000:038.151   Looking for J-Link GUI Server exe at: C:\Users\jin05\.eclipse\com.renesas.platform_1309835749\DebugComp\RA\ARM\Segger_v8.12.3\JLinkGUIServer.exe
T04E4 000:038.360   Looking for J-Link GUI Server exe at: C:\Program Files\SEGGER\JLink_V864a\JLinkGUIServer.exe
T04E4 000:038.403   Forking J-Link GUI Server: C:\Program Files\SEGGER\JLink_V864a\JLinkGUIServer.exe
T04E4 000:071.051   J-Link GUI Server info: "J-Link GUI server V8.64a "
T04E4 000:074.323 - 69.959ms returns "O.K."
T04E4 000:074.437 JLINK_TIF_Select(JLINKARM_TIF_SWD)
T04E4 000:075.045 - 0.606ms returns 0x00
T04E4 000:075.076 JLINK_ClrRESET()
T04E4 000:075.427 - 0.351ms 
T04E4 000:125.721 JLINK_SetSpeed(1500)
T04E4 000:125.954 - 0.241ms 
T04E4 000:125.971 JLINK_CORESIGHT_Configure(PerformTIFInit=0)
T04E4 000:126.484 - 0.514ms returns 0
T04E4 000:126.521 JLINK_CORESIGHT_ReadAPDPReg(DP reg 0x00)
T04E4 000:127.014   Value=0x6BA02477
T04E4 000:127.031 - 0.513ms returns 0
T04E4 000:127.042 JLINK_CORESIGHT_WriteAPDPReg(DP reg 0x00, 0x0000001F)
T04E4 000:127.302 - 0.260ms returns 0
T04E4 000:127.321 JLINK_CORESIGHT_ReadAPDPReg(DP reg 0x00)
T04E4 000:127.570   Value=0x6BA02477
T04E4 000:127.581 - 0.260ms returns 0
T04E4 000:127.593 JLINK_CORESIGHT_WriteAPDPReg(DP reg 0x02, 0x00000000)
T04E4 000:127.797 - 0.205ms returns 0
T04E4 000:127.809 JLINK_CORESIGHT_WriteAPDPReg(DP reg 0x01, 0x50000000)
T04E4 000:128.015 - 0.205ms returns 0
T04E4 000:128.731 JLINK_CORESIGHT_ReadAPDPReg(DP reg 0x01)
T04E4 000:129.016   Value=0xF0000000
T04E4 000:129.032 - 0.301ms returns 0
T04E4 000:129.042 JLINK_CORESIGHT_WriteAPDPReg(DP reg 0x00, 0x0000001F)
T04E4 000:129.260 - 0.218ms returns 0
T04E4 000:129.270 JLINK_CORESIGHT_ReadAPDPReg(DP reg 0x00)
T04E4 000:129.558   Value=0x6BA02477
T04E4 000:129.568 - 0.298ms returns 0
T04E4 000:129.577 JLINK_CORESIGHT_WriteAPDPReg(DP reg 0x01, 0x54000000)
T04E4 000:129.779 - 0.203ms returns 0
T04E4 000:129.789 JLINK_CORESIGHT_WriteAPDPReg(DP reg 0x01, 0x50000F00)
T04E4 000:129.990 - 0.201ms returns 0
T04E4 000:130.000 JLINK_CORESIGHT_WriteAPDPReg(DP reg 0x02, 0x01000000)
T04E4 000:130.202 - 0.202ms returns 0
T04E4 000:130.212 JLINK_CORESIGHT_WriteAPDPReg(AP reg 0x00, 0x80000002)
T04E4 000:130.426 - 0.214ms returns 0
T04E4 000:130.436 JLINK_CORESIGHT_WriteAPDPReg(AP reg 0x01, 0x80011100)
T04E4 000:130.637 - 0.202ms returns 0
T04E4 000:130.646 JLINK_CORESIGHT_WriteAPDPReg(AP reg 0x03, 0x000000A5)
T04E4 000:130.854 - 0.207ms returns 0
T04E4 000:130.866 JLINK_CORESIGHT_WriteAPDPReg(AP reg 0x00, 0x80000002)
T04E4 000:131.067 - 0.201ms returns 0
T04E4 000:131.086 JLINK_CORESIGHT_WriteAPDPReg(AP reg 0x01, 0x80011100)
T04E4 000:131.292 - 0.205ms returns 0
T04E4 000:131.308 JLINK_CORESIGHT_ReadAPDPReg(AP reg 0x03)
T04E4 000:131.602   Value=0x000000A5
T04E4 000:131.621 - 0.312ms returns 0
T04E4 000:131.631 JLINK_ClrTMS()
T04E4 000:131.740 - 0.108ms 
T04E4 000:137.209 JLINK_SetTCK()
T04E4 000:137.380 - 0.171ms returns 0
T04E4 000:143.228 JLINK_SetRESET()
T04E4 000:143.387 - 0.159ms 
T04E4 000:344.140 JLINK_CORESIGHT_WriteAPDPReg(AP reg 0x00, 0x80000002)
T04E4 000:344.652 - 0.513ms returns 0
T04E4 000:344.675 JLINK_CORESIGHT_WriteAPDPReg(AP reg 0x01, 0x80011100)
T04E4 000:345.012 - 0.336ms returns 0
T04E4 000:345.031 JLINK_CORESIGHT_ReadAPDPReg(AP reg 0x03)
T04E4 000:345.595   Value=0x00000000
T04E4 000:345.614 - 0.583ms returns 0
T04E4 000:345.626 JLINK_CORESIGHT_WriteAPDPReg(AP reg 0x00, 0x80000002)
T04E4 000:345.960 - 0.334ms returns 0
T04E4 000:345.979 JLINK_CORESIGHT_WriteAPDPReg(AP reg 0x01, 0x80011140)
T04E4 000:346.322 - 0.343ms returns 0
T04E4 000:346.342 JLINK_CORESIGHT_ReadAPDPReg(AP reg 0x03)
T04E4 000:346.822   Value=0x00000002
T04E4 000:346.841 - 0.498ms returns 0
T04E4 000:346.857 JLINK_CORESIGHT_WriteAPDPReg(AP reg 0x00, 0x80000002)
T04E4 000:347.184 - 0.327ms returns 0
T04E4 000:347.203 JLINK_CORESIGHT_WriteAPDPReg(AP reg 0x01, 0x80011120)
T04E4 000:347.646 - 0.442ms returns 0
T04E4 000:347.664 JLINK_CORESIGHT_WriteAPDPReg(AP reg 0x03, 0x00000055)
T04E4 000:347.999 - 0.334ms returns 0
T04E4 000:348.017 JLINK_CORESIGHT_WriteAPDPReg(AP reg 0x00, 0x80000002)
T04E4 000:348.567 - 0.549ms returns 0
T04E4 000:348.586 JLINK_CORESIGHT_WriteAPDPReg(AP reg 0x01, 0x80011140)
T04E4 000:350.115 - 1.528ms returns 0
T04E4 000:350.135 JLINK_CORESIGHT_ReadAPDPReg(AP reg 0x03)
T04E4 000:350.589   Value=0x00000000
T04E4 000:350.608 - 0.472ms returns 0
T04E4 000:350.619 JLINK_CORESIGHT_WriteAPDPReg(AP reg 0x00, 0x80000002)
T04E4 000:350.953 - 0.333ms returns 0
T04E4 000:350.972 JLINK_CORESIGHT_WriteAPDPReg(AP reg 0x01, 0x80011130)
T04E4 000:351.335 - 0.362ms returns 0
T04E4 000:351.353 JLINK_CORESIGHT_ReadAPDPReg(AP reg 0x03)
T04E4 000:351.802   Value=0x000000C6
T04E4 000:351.822 - 0.468ms returns 0
T04E4 000:351.844 JLINK_CORESIGHT_WriteAPDPReg(AP reg 0x00, 0x80000002)
T04E4 000:352.177 - 0.333ms returns 0
T04E4 000:352.196 JLINK_CORESIGHT_WriteAPDPReg(AP reg 0x01, 0x80011140)
T04E4 000:352.638 - 0.442ms returns 0
T04E4 000:352.657 JLINK_CORESIGHT_ReadAPDPReg(AP reg 0x03)
T04E4 000:353.150   Value=0x00000002
T04E4 000:353.168 - 0.511ms returns 0
T04E4 000:353.179 JLINK_CORESIGHT_WriteAPDPReg(AP reg 0x00, 0x80000002)
T04E4 000:353.505 - 0.325ms returns 0
T04E4 000:353.524 JLINK_CORESIGHT_WriteAPDPReg(AP reg 0x01, 0x80011120)
T04E4 000:353.817 - 0.293ms returns 0
T04E4 000:353.836 JLINK_CORESIGHT_WriteAPDPReg(AP reg 0x03, 0x3A010001)
T04E4 000:354.129 - 0.292ms returns 0
T04E4 000:354.148 JLINK_CORESIGHT_WriteAPDPReg(AP reg 0x00, 0x80000002)
T04E4 000:354.475 - 0.327ms returns 0
T04E4 000:354.494 JLINK_CORESIGHT_WriteAPDPReg(AP reg 0x01, 0x80011140)
T04E4 000:354.779 - 0.284ms returns 0
T04E4 000:354.798 JLINK_CORESIGHT_ReadAPDPReg(AP reg 0x03)
T04E4 000:355.146   Value=0x00000002
T04E4 000:355.164 - 0.366ms returns 0
T04E4 000:355.175 JLINK_CORESIGHT_WriteAPDPReg(AP reg 0x00, 0x80000002)
T04E4 000:355.475 - 0.299ms returns 0
T04E4 000:355.494 JLINK_CORESIGHT_WriteAPDPReg(AP reg 0x01, 0x80011120)
T04E4 000:355.762 - 0.268ms returns 0
T04E4 000:355.786 JLINK_CORESIGHT_WriteAPDPReg(AP reg 0x03, 0x000003C5)
T04E4 000:356.102 - 0.316ms returns 0
T04E4 000:356.120 JLINK_CORESIGHT_WriteAPDPReg(AP reg 0x00, 0x80000002)
T04E4 000:356.522 - 0.402ms returns 0
T04E4 000:356.543 JLINK_CORESIGHT_WriteAPDPReg(AP reg 0x01, 0x80011140)
T04E4 000:356.836 - 0.293ms returns 0
T04E4 000:356.856 JLINK_CORESIGHT_ReadAPDPReg(AP reg 0x03)
T04E4 000:357.192   Value=0x00000002
T04E4 000:357.210 - 0.354ms returns 0
T04E4 000:357.221 JLINK_CORESIGHT_ReadAPDPReg(AP reg 0x03)
T04E4 000:357.540   Value=0x00000002
T04E4 000:357.558 - 0.337ms returns 0
T04E4 000:357.569 JLINK_CORESIGHT_ReadAPDPReg(AP reg 0x03)
T04E4 000:357.888   Value=0x00000002
T04E4 000:357.908 - 0.338ms returns 0
T04E4 000:357.921 JLINK_CORESIGHT_ReadAPDPReg(AP reg 0x03)
T04E4 000:358.305   Value=0x00000002
T04E4 000:358.324 - 0.403ms returns 0
T04E4 000:358.335 JLINK_CORESIGHT_ReadAPDPReg(AP reg 0x03)
T04E4 000:358.679   Value=0x00000002
T04E4 000:358.698 - 0.362ms returns 0
T04E4 000:358.714 JLINK_CORESIGHT_ReadAPDPReg(AP reg 0x03)
T04E4 000:359.059   Value=0x00000002
T04E4 000:359.077 - 0.363ms returns 0
T04E4 000:359.093 JLINK_CORESIGHT_ReadAPDPReg(AP reg 0x03)
T04E4 000:359.534   Value=0x00000000
T04E4 000:359.553 - 0.459ms returns 0
T04E4 000:359.569 JLINK_CORESIGHT_WriteAPDPReg(AP reg 0x00, 0x80000002)
T04E4 000:359.872 - 0.303ms returns 0
T04E4 000:359.896 JLINK_CORESIGHT_WriteAPDPReg(AP reg 0x01, 0x80011130)
T04E4 000:360.205 - 0.308ms returns 0
T04E4 000:360.229 JLINK_CORESIGHT_ReadAPDPReg(AP reg 0x03)
T04E4 000:360.585   Value=0x3A2A0081
T04E4 000:360.603 - 0.374ms returns 0
T04E4 000:360.620 JLINK_CORESIGHT_WriteAPDPReg(AP reg 0x00, 0x80000002)
T04E4 000:360.913 - 0.293ms returns 0
T04E4 000:360.937 JLINK_CORESIGHT_WriteAPDPReg(AP reg 0x01, 0x80011140)
T04E4 000:361.241 - 0.303ms returns 0
T04E4 000:361.265 JLINK_CORESIGHT_ReadAPDPReg(AP reg 0x03)
T04E4 000:361.708   Value=0x00000000
T04E4 000:361.726 - 0.460ms returns 0
T04E4 000:361.742 JLINK_CORESIGHT_WriteAPDPReg(AP reg 0x00, 0x80000002)
T04E4 000:362.004 - 0.262ms returns 0
T04E4 000:362.018 JLINK_CORESIGHT_WriteAPDPReg(AP reg 0x01, 0x80011130)
T04E4 000:362.261 - 0.243ms returns 0
T04E4 000:362.273 JLINK_CORESIGHT_ReadAPDPReg(AP reg 0x03)
T04E4 000:362.634   Value=0x808D5B00
T04E4 000:362.645 - 0.371ms returns 0
T04E4 000:362.657 JLINK_CORESIGHT_WriteAPDPReg(AP reg 0x00, 0x80000002)
T04E4 000:362.921 - 0.263ms returns 0
T04E4 000:362.944 JLINK_CORESIGHT_WriteAPDPReg(AP reg 0x01, 0x80011140)
T04E4 000:363.208 - 0.264ms returns 0
T04E4 000:363.227 JLINK_CORESIGHT_ReadAPDPReg(AP reg 0x03)
T04E4 000:363.523   Value=0x00000000
T04E4 000:363.533 - 0.306ms returns 0
T04E4 000:363.545 JLINK_CORESIGHT_WriteAPDPReg(AP reg 0x00, 0x80000002)
T04E4 000:363.789 - 0.244ms returns 0
T04E4 000:363.801 JLINK_CORESIGHT_WriteAPDPReg(AP reg 0x01, 0x80011130)
T04E4 000:364.042 - 0.241ms returns 0
T04E4 000:364.054 JLINK_CORESIGHT_ReadAPDPReg(AP reg 0x03)
T04E4 000:364.351   Value=0x0603030B
T04E4 000:364.371 - 0.316ms returns 0
T04E4 000:364.386 JLINK_CORESIGHT_WriteAPDPReg(AP reg 0x00, 0x80000002)
T04E4 000:364.676 - 0.289ms returns 0
T04E4 000:364.693 JLINK_CORESIGHT_WriteAPDPReg(AP reg 0x01, 0x80011140)
T04E4 000:364.940 - 0.247ms returns 0
T04E4 000:364.955 JLINK_CORESIGHT_ReadAPDPReg(AP reg 0x03)
T04E4 000:365.253   Value=0x00000000
T04E4 000:365.264 - 0.308ms returns 0
T04E4 000:365.275 JLINK_CORESIGHT_WriteAPDPReg(AP reg 0x00, 0x80000002)
T04E4 000:365.562 - 0.287ms returns 0
T04E4 000:365.575 JLINK_CORESIGHT_WriteAPDPReg(AP reg 0x01, 0x80011130)
T04E4 000:365.820 - 0.245ms returns 0
T04E4 000:365.832 JLINK_CORESIGHT_ReadAPDPReg(AP reg 0x03)
T04E4 000:366.129   Value=0x2E4B4E20
T04E4 000:366.139 - 0.307ms returns 0
T04E4 000:366.150 JLINK_CORESIGHT_WriteAPDPReg(AP reg 0x00, 0x80000002)
T04E4 000:366.439 - 0.288ms returns 0
T04E4 000:366.451 JLINK_CORESIGHT_WriteAPDPReg(AP reg 0x01, 0x80011140)
T04E4 000:366.705 - 0.253ms returns 0
T04E4 000:366.726 JLINK_CORESIGHT_ReadAPDPReg(AP reg 0x03)
T04E4 000:367.056   Value=0x00000000
T04E4 000:367.068 - 0.342ms returns 0
T04E4 000:367.080 JLINK_CORESIGHT_WriteAPDPReg(AP reg 0x00, 0x80000002)
T04E4 000:367.333 - 0.252ms returns 0
T04E4 000:367.345 JLINK_CORESIGHT_WriteAPDPReg(AP reg 0x01, 0x80011130)
T04E4 000:367.595 - 0.250ms returns 0
T04E4 000:367.607 JLINK_CORESIGHT_ReadAPDPReg(AP reg 0x03)
T04E4 000:367.907   Value=0x4E655092
T04E4 000:367.917 - 0.310ms returns 0
T04E4 000:367.929 JLINK_CORESIGHT_WriteAPDPReg(AP reg 0x00, 0x80000002)
T04E4 000:368.205 - 0.276ms returns 0
T04E4 000:368.217 JLINK_CORESIGHT_WriteAPDPReg(AP reg 0x01, 0x80011140)
T04E4 000:368.467 - 0.250ms returns 0
T04E4 000:368.479 JLINK_CORESIGHT_ReadAPDPReg(AP reg 0x03)
T04E4 000:368.803   Value=0x00000000
T04E4 000:368.814 - 0.334ms returns 0
T04E4 000:368.825 JLINK_CORESIGHT_WriteAPDPReg(AP reg 0x00, 0x80000002)
T04E4 000:369.075 - 0.250ms returns 0
T04E4 000:369.088 JLINK_CORESIGHT_WriteAPDPReg(AP reg 0x01, 0x80011130)
T04E4 000:369.337 - 0.249ms returns 0
T04E4 000:369.349 JLINK_CORESIGHT_ReadAPDPReg(AP reg 0x03)
T04E4 000:369.682   Value=0x34503036
T04E4 000:369.698 - 0.348ms returns 0
T04E4 000:369.713 JLINK_CORESIGHT_WriteAPDPReg(AP reg 0x00, 0x80000002)
T04E4 000:369.983 - 0.269ms returns 0
T04E4 000:369.997 JLINK_CORESIGHT_WriteAPDPReg(AP reg 0x01, 0x80011140)
T04E4 000:370.254 - 0.256ms returns 0
T04E4 000:370.271 JLINK_CORESIGHT_ReadAPDPReg(AP reg 0x03)
T04E4 000:370.649   Value=0x00000000
T04E4 000:370.661 - 0.390ms returns 0
T04E4 000:370.672 JLINK_CORESIGHT_WriteAPDPReg(AP reg 0x00, 0x80000002)
T04E4 000:370.924 - 0.251ms returns 0
T04E4 000:370.937 JLINK_CORESIGHT_WriteAPDPReg(AP reg 0x01, 0x80011130)
T04E4 000:371.186 - 0.249ms returns 0
T04E4 000:371.198 JLINK_CORESIGHT_ReadAPDPReg(AP reg 0x03)
T04E4 000:371.491   Value=0x6C142D36
T04E4 000:371.502 - 0.304ms returns 0
T04E4 000:371.513 JLINK_CORESIGHT_WriteAPDPReg(AP reg 0x00, 0x80000002)
T04E4 000:371.759 - 0.246ms returns 0
T04E4 000:371.771 JLINK_CORESIGHT_WriteAPDPReg(AP reg 0x01, 0x80011140)
T04E4 000:372.018 - 0.247ms returns 0
T04E4 000:372.031 JLINK_CORESIGHT_ReadAPDPReg(AP reg 0x03)
T04E4 000:372.328   Value=0x00000000
T04E4 000:372.338 - 0.308ms returns 0
T04E4 000:372.350 JLINK_CORESIGHT_WriteAPDPReg(AP reg 0x00, 0x80000002)
T04E4 000:372.598 - 0.248ms returns 0
T04E4 000:372.610 JLINK_CORESIGHT_WriteAPDPReg(AP reg 0x01, 0x80011130)
T04E4 000:372.857 - 0.247ms returns 0
T04E4 000:372.869 JLINK_CORESIGHT_ReadAPDPReg(AP reg 0x03)
T04E4 000:373.166   Value=0x46375299
T04E4 000:373.176 - 0.307ms returns 0
T04E4 000:373.187 JLINK_CORESIGHT_WriteAPDPReg(AP reg 0x00, 0x80000002)
T04E4 000:373.441 - 0.253ms returns 0
T04E4 000:373.453 JLINK_CORESIGHT_WriteAPDPReg(AP reg 0x01, 0x80011140)
T04E4 000:373.702 - 0.249ms returns 0
T04E4 000:373.714 JLINK_CORESIGHT_ReadAPDPReg(AP reg 0x03)
T04E4 000:374.012   Value=0x00000000
T04E4 000:374.022 - 0.308ms returns 0
T04E4 000:374.033 JLINK_CORESIGHT_WriteAPDPReg(AP reg 0x00, 0x80000002)
T04E4 000:374.284 - 0.251ms returns 0
T04E4 000:374.296 JLINK_CORESIGHT_WriteAPDPReg(AP reg 0x01, 0x80011130)
T04E4 000:374.562 - 0.266ms returns 0
T04E4 000:374.574 JLINK_CORESIGHT_ReadAPDPReg(AP reg 0x03)
T04E4 000:374.873   Value=0x31443841
T04E4 000:374.883 - 0.309ms returns 0
T04E4 000:374.895 JLINK_CORESIGHT_WriteAPDPReg(AP reg 0x00, 0x80000002)
T04E4 000:375.143 - 0.248ms returns 0
T04E4 000:375.155 JLINK_CORESIGHT_WriteAPDPReg(AP reg 0x01, 0x80011140)
T04E4 000:375.441 - 0.286ms returns 0
T04E4 000:375.454 JLINK_CORESIGHT_ReadAPDPReg(AP reg 0x03)
T04E4 000:375.752   Value=0x00000000
T04E4 000:375.762 - 0.308ms returns 0
T04E4 000:375.774 JLINK_CORESIGHT_WriteAPDPReg(AP reg 0x00, 0x80000002)
T04E4 000:376.020 - 0.246ms returns 0
T04E4 000:376.032 JLINK_CORESIGHT_WriteAPDPReg(AP reg 0x01, 0x80011130)
T04E4 000:376.283 - 0.250ms returns 0
T04E4 000:376.295 JLINK_CORESIGHT_ReadAPDPReg(AP reg 0x03)
T04E4 000:376.616   Value=0x43454842
T04E4 000:376.633 - 0.338ms returns 0
T04E4 000:376.646 JLINK_CORESIGHT_WriteAPDPReg(AP reg 0x00, 0x80000002)
T04E4 000:376.902 - 0.256ms returns 0
T04E4 000:376.915 JLINK_CORESIGHT_WriteAPDPReg(AP reg 0x01, 0x80011140)
T04E4 000:377.163 - 0.248ms returns 0
T04E4 000:377.176 JLINK_CORESIGHT_ReadAPDPReg(AP reg 0x03)
T04E4 000:377.466   Value=0x00000000
T04E4 000:377.477 - 0.301ms returns 0
T04E4 000:377.488 JLINK_CORESIGHT_WriteAPDPReg(AP reg 0x00, 0x80000002)
T04E4 000:377.736 - 0.247ms returns 0
T04E4 000:377.749 JLINK_CORESIGHT_WriteAPDPReg(AP reg 0x01, 0x80011130)
T04E4 000:377.996 - 0.248ms returns 0
T04E4 000:378.008 JLINK_CORESIGHT_ReadAPDPReg(AP reg 0x03)
T04E4 000:378.310   Value=0x20204442
T04E4 000:378.322 - 0.313ms returns 0
T04E4 000:378.334 JLINK_CORESIGHT_WriteAPDPReg(AP reg 0x00, 0x80000002)
T04E4 000:378.589 - 0.254ms returns 0
T04E4 000:378.601 JLINK_CORESIGHT_WriteAPDPReg(AP reg 0x01, 0x80011140)
T04E4 000:378.850 - 0.248ms returns 0
T04E4 000:378.864 JLINK_CORESIGHT_ReadAPDPReg(AP reg 0x03)
T04E4 000:379.175   Value=0x00000000
T04E4 000:379.186 - 0.323ms returns 0
T04E4 000:379.250 JLINK_CORESIGHT_WriteAPDPReg(AP reg 0x00, 0x80000002)
T04E4 000:379.576 - 0.325ms returns 0
T04E4 000:379.612 JLINK_CORESIGHT_WriteAPDPReg(AP reg 0x01, 0x80011130)
T04E4 000:379.883 - 0.271ms returns 0
T04E4 000:379.896 JLINK_CORESIGHT_ReadAPDPReg(AP reg 0x03)
T04E4 000:380.212   Value=0x00038620
T04E4 000:380.222 - 0.326ms returns 0
T04E4 000:381.011 JLINK_CORESIGHT_WriteAPDPReg(AP reg 0x00, 0x80000002)
T04E4 000:381.264 - 0.253ms returns 0
T04E4 000:381.273 JLINK_CORESIGHT_WriteAPDPReg(AP reg 0x01, 0x80011140)
T04E4 000:381.576 - 0.302ms returns 0
T04E4 000:381.596 JLINK_CORESIGHT_ReadAPDPReg(AP reg 0x03)
T04E4 000:381.931   Value=0x00000002
T04E4 000:381.942 - 0.346ms returns 0
T04E4 000:381.951 JLINK_CORESIGHT_WriteAPDPReg(AP reg 0x00, 0x80000002)
T04E4 000:382.207 - 0.256ms returns 0
T04E4 000:382.217 JLINK_CORESIGHT_WriteAPDPReg(AP reg 0x01, 0x80011120)
T04E4 000:382.467 - 0.250ms returns 0
T04E4 000:382.480 JLINK_CORESIGHT_WriteAPDPReg(AP reg 0x03, 0x2C010001)
T04E4 000:382.738 - 0.258ms returns 0
T04E4 000:382.759 JLINK_CORESIGHT_WriteAPDPReg(AP reg 0x00, 0x80000002)
T04E4 000:383.033 - 0.274ms returns 0
T04E4 000:383.048 JLINK_CORESIGHT_WriteAPDPReg(AP reg 0x01, 0x80011140)
T04E4 000:383.303 - 0.255ms returns 0
T04E4 000:383.314 JLINK_CORESIGHT_ReadAPDPReg(AP reg 0x03)
T04E4 000:383.623   Value=0x00000002
T04E4 000:383.636 - 0.321ms returns 0
T04E4 000:383.645 JLINK_CORESIGHT_WriteAPDPReg(AP reg 0x00, 0x80000002)
T04E4 000:383.902 - 0.257ms returns 0
T04E4 000:383.911 JLINK_CORESIGHT_WriteAPDPReg(AP reg 0x01, 0x80011120)
T04E4 000:384.163 - 0.252ms returns 0
T04E4 000:384.174 JLINK_CORESIGHT_WriteAPDPReg(AP reg 0x03, 0x000003D3)
T04E4 000:384.441 - 0.267ms returns 0
T04E4 000:384.451 JLINK_CORESIGHT_WriteAPDPReg(AP reg 0x00, 0x80000002)
T04E4 000:384.700 - 0.249ms returns 0
T04E4 000:384.709 JLINK_CORESIGHT_WriteAPDPReg(AP reg 0x01, 0x80011140)
T04E4 000:384.952 - 0.243ms returns 0
T04E4 000:384.962 JLINK_CORESIGHT_ReadAPDPReg(AP reg 0x03)
T04E4 000:385.254   Value=0x00000002
T04E4 000:385.264 - 0.302ms returns 0
T04E4 000:385.273 JLINK_CORESIGHT_ReadAPDPReg(AP reg 0x03)
T04E4 000:385.628   Value=0x00000002
T04E4 000:385.639 - 0.365ms returns 0
T04E4 000:385.647 JLINK_CORESIGHT_ReadAPDPReg(AP reg 0x03)
T04E4 000:385.945   Value=0x00000002
T04E4 000:385.956 - 0.308ms returns 0
T04E4 000:385.964 JLINK_CORESIGHT_ReadAPDPReg(AP reg 0x03)
T04E4 000:386.262   Value=0x00000002
T04E4 000:386.272 - 0.308ms returns 0
T04E4 000:386.281 JLINK_CORESIGHT_ReadAPDPReg(AP reg 0x03)
T04E4 000:386.610   Value=0x00000002
T04E4 000:386.637 - 0.355ms returns 0
T04E4 000:386.645 JLINK_CORESIGHT_ReadAPDPReg(AP reg 0x03)
T04E4 000:386.919   Value=0x00000002
T04E4 000:386.929 - 0.283ms returns 0
T04E4 000:386.937 JLINK_CORESIGHT_ReadAPDPReg(AP reg 0x03)
T04E4 000:387.231   Value=0x00000002
T04E4 000:387.241 - 0.303ms returns 0
T04E4 000:387.249 JLINK_CORESIGHT_ReadAPDPReg(AP reg 0x03)
T04E4 000:387.523   Value=0x00000002
T04E4 000:387.533 - 0.283ms returns 0
T04E4 000:387.541 JLINK_CORESIGHT_ReadAPDPReg(AP reg 0x03)
T04E4 000:387.834   Value=0x00000002
T04E4 000:387.844 - 0.303ms returns 0
T04E4 000:387.853 JLINK_CORESIGHT_ReadAPDPReg(AP reg 0x03)
T04E4 000:388.127   Value=0x00000002
T04E4 000:388.138 - 0.285ms returns 0
T04E4 000:388.147 JLINK_CORESIGHT_ReadAPDPReg(AP reg 0x03)
T04E4 000:388.442   Value=0x00000000
T04E4 000:388.453 - 0.306ms returns 0
T04E4 000:388.461 JLINK_CORESIGHT_WriteAPDPReg(AP reg 0x00, 0x80000002)
T04E4 000:388.713 - 0.251ms returns 0
T04E4 000:388.722 JLINK_CORESIGHT_WriteAPDPReg(AP reg 0x01, 0x80011130)
T04E4 000:388.972 - 0.249ms returns 0
T04E4 000:388.981 JLINK_CORESIGHT_ReadAPDPReg(AP reg 0x03)
T04E4 000:389.280   Value=0x2C020081
T04E4 000:389.291 - 0.310ms returns 0
T04E4 000:389.299 JLINK_CORESIGHT_WriteAPDPReg(AP reg 0x00, 0x80000002)
T04E4 000:389.571 - 0.271ms returns 0
T04E4 000:389.597 JLINK_CORESIGHT_WriteAPDPReg(AP reg 0x01, 0x80011140)
T04E4 000:389.871 - 0.274ms returns 0
T04E4 000:389.882 JLINK_CORESIGHT_ReadAPDPReg(AP reg 0x03)
T04E4 000:390.186   Value=0x00000000
T04E4 000:390.196 - 0.314ms returns 0
T04E4 000:390.205 JLINK_CORESIGHT_WriteAPDPReg(AP reg 0x00, 0x80000002)
T04E4 000:390.446 - 0.241ms returns 0
T04E4 000:390.455 JLINK_CORESIGHT_WriteAPDPReg(AP reg 0x01, 0x80011130)
T04E4 000:390.748 - 0.293ms returns 0
T04E4 000:390.757 JLINK_CORESIGHT_ReadAPDPReg(AP reg 0x03)
T04E4 000:391.060   Value=0x0003CE04
T04E4 000:391.071 - 0.313ms returns 0
T04E4 000:391.085 JLINK_CORESIGHT_WriteAPDPReg(AP reg 0x00, 0x80000002)
T04E4 000:391.336 - 0.251ms returns 0
T04E4 000:391.345 JLINK_CORESIGHT_WriteAPDPReg(AP reg 0x01, 0x80011140)
T04E4 000:391.592 - 0.246ms returns 0
T04E4 000:391.602 JLINK_CORESIGHT_ReadAPDPReg(AP reg 0x03)
T04E4 000:391.899   Value=0x00000002
T04E4 000:391.909 - 0.307ms returns 0
T04E4 000:391.918 JLINK_CORESIGHT_WriteAPDPReg(AP reg 0x00, 0x80000002)
T04E4 000:392.169 - 0.251ms returns 0
T04E4 000:392.179 JLINK_CORESIGHT_WriteAPDPReg(AP reg 0x01, 0x80011120)
T04E4 000:392.460 - 0.278ms returns 0
T04E4 000:392.485 JLINK_CORESIGHT_WriteAPDPReg(AP reg 0x03, 0x73010001)
T04E4 000:392.759 - 0.274ms returns 0
T04E4 000:392.777 JLINK_CORESIGHT_WriteAPDPReg(AP reg 0x00, 0x80000002)
T04E4 000:393.027 - 0.251ms returns 0
T04E4 000:393.038 JLINK_CORESIGHT_WriteAPDPReg(AP reg 0x01, 0x80011140)
T04E4 000:393.284 - 0.246ms returns 0
T04E4 000:393.294 JLINK_CORESIGHT_ReadAPDPReg(AP reg 0x03)
T04E4 000:393.606   Value=0x00000002
T04E4 000:393.617 - 0.323ms returns 0
T04E4 000:393.626 JLINK_CORESIGHT_WriteAPDPReg(AP reg 0x00, 0x80000002)
T04E4 000:393.870 - 0.244ms returns 0
T04E4 000:393.879 JLINK_CORESIGHT_WriteAPDPReg(AP reg 0x01, 0x80011120)
T04E4 000:394.124 - 0.244ms returns 0
T04E4 000:394.133 JLINK_CORESIGHT_WriteAPDPReg(AP reg 0x03, 0x0000038C)
T04E4 000:394.440 - 0.307ms returns 0
T04E4 000:394.449 JLINK_CORESIGHT_WriteAPDPReg(AP reg 0x00, 0x80000002)
T04E4 000:394.698 - 0.249ms returns 0
T04E4 000:394.707 JLINK_CORESIGHT_WriteAPDPReg(AP reg 0x01, 0x80011140)
T04E4 000:394.960 - 0.252ms returns 0
T04E4 000:394.969 JLINK_CORESIGHT_ReadAPDPReg(AP reg 0x03)
T04E4 000:395.269   Value=0x00000002
T04E4 000:395.279 - 0.310ms returns 0
T04E4 000:395.288 JLINK_CORESIGHT_ReadAPDPReg(AP reg 0x03)
T04E4 000:395.587   Value=0x00000002
T04E4 000:395.599 - 0.312ms returns 0
T04E4 000:395.608 JLINK_CORESIGHT_ReadAPDPReg(AP reg 0x03)
T04E4 000:395.903   Value=0x00000002
T04E4 000:395.913 - 0.305ms returns 0
T04E4 000:395.922 JLINK_CORESIGHT_ReadAPDPReg(AP reg 0x03)
T04E4 000:396.220   Value=0x00000002
T04E4 000:396.230 - 0.308ms returns 0
T04E4 000:396.239 JLINK_CORESIGHT_ReadAPDPReg(AP reg 0x03)
T04E4 000:396.517   Value=0x00000002
T04E4 000:396.527 - 0.288ms returns 0
T04E4 000:396.535 JLINK_CORESIGHT_ReadAPDPReg(AP reg 0x03)
T04E4 000:396.893   Value=0x00000002
T04E4 000:396.903 - 0.367ms returns 0
T04E4 000:396.912 JLINK_CORESIGHT_ReadAPDPReg(AP reg 0x03)
T04E4 000:397.207   Value=0x00000002
T04E4 000:397.217 - 0.305ms returns 0
T04E4 000:397.225 JLINK_CORESIGHT_ReadAPDPReg(AP reg 0x03)
T04E4 000:397.527   Value=0x00000002
T04E4 000:397.553 - 0.327ms returns 0
T04E4 000:397.567 JLINK_CORESIGHT_ReadAPDPReg(AP reg 0x03)
T04E4 000:397.908   Value=0x00000002
T04E4 000:397.924 - 0.356ms returns 0
T04E4 000:397.934 JLINK_CORESIGHT_ReadAPDPReg(AP reg 0x03)
T04E4 000:398.246   Value=0x00000002
T04E4 000:398.256 - 0.322ms returns 0
T04E4 000:398.265 JLINK_CORESIGHT_ReadAPDPReg(AP reg 0x03)
T04E4 000:398.549   Value=0x00000000
T04E4 000:398.562 - 0.297ms returns 0
T04E4 000:398.573 JLINK_CORESIGHT_WriteAPDPReg(AP reg 0x00, 0x80000002)
T04E4 000:398.837 - 0.264ms returns 0
T04E4 000:398.851 JLINK_CORESIGHT_WriteAPDPReg(AP reg 0x01, 0x80011130)
T04E4 000:399.113 - 0.263ms returns 0
T04E4 000:399.123 JLINK_CORESIGHT_ReadAPDPReg(AP reg 0x03)
T04E4 000:399.442   Value=0x73020081
T04E4 000:399.452 - 0.329ms returns 0
T04E4 000:399.461 JLINK_CORESIGHT_WriteAPDPReg(AP reg 0x00, 0x80000002)
T04E4 000:399.707 - 0.246ms returns 0
T04E4 000:399.716 JLINK_CORESIGHT_WriteAPDPReg(AP reg 0x01, 0x80011140)
T04E4 000:399.987 - 0.270ms returns 0
T04E4 000:399.997 JLINK_CORESIGHT_ReadAPDPReg(AP reg 0x03)
T04E4 000:400.315   Value=0x00000000
T04E4 000:400.326 - 0.329ms returns 0
T04E4 000:400.334 JLINK_CORESIGHT_WriteAPDPReg(AP reg 0x00, 0x80000002)
T04E4 000:400.587 - 0.252ms returns 0
T04E4 000:400.597 JLINK_CORESIGHT_WriteAPDPReg(AP reg 0x01, 0x80011130)
T04E4 000:400.846 - 0.249ms returns 0
T04E4 000:400.856 JLINK_CORESIGHT_ReadAPDPReg(AP reg 0x03)
T04E4 000:401.153   Value=0x00038902
T04E4 000:401.163 - 0.308ms returns 0
T04E4 000:401.174 JLINK_CORESIGHT_WriteAPDPReg(AP reg 0x00, 0x80000002)
T04E4 000:401.441 - 0.268ms returns 0
T04E4 000:401.451 JLINK_CORESIGHT_WriteAPDPReg(AP reg 0x01, 0x80011140)
T04E4 000:401.714 - 0.262ms returns 0
T04E4 000:401.731 JLINK_CORESIGHT_ReadAPDPReg(AP reg 0x03)
T04E4 000:402.065   Value=0x00000002
T04E4 000:402.076 - 0.344ms returns 0
T04E4 000:402.085 JLINK_CORESIGHT_WriteAPDPReg(AP reg 0x00, 0x80000002)
T04E4 000:402.340 - 0.255ms returns 0
T04E4 000:402.350 JLINK_CORESIGHT_WriteAPDPReg(AP reg 0x01, 0x80011120)
T04E4 000:402.606 - 0.255ms returns 0
T04E4 000:402.630 JLINK_CORESIGHT_WriteAPDPReg(AP reg 0x03, 0x75010001)
T04E4 000:402.910 - 0.280ms returns 0
T04E4 000:402.927 JLINK_CORESIGHT_WriteAPDPReg(AP reg 0x00, 0x80000002)
T04E4 000:403.184 - 0.257ms returns 0
T04E4 000:403.195 JLINK_CORESIGHT_WriteAPDPReg(AP reg 0x01, 0x80011140)
T04E4 000:403.450 - 0.255ms returns 0
T04E4 000:403.460 JLINK_CORESIGHT_ReadAPDPReg(AP reg 0x03)
T04E4 000:403.767   Value=0x00000002
T04E4 000:403.778 - 0.318ms returns 0
T04E4 000:403.787 JLINK_CORESIGHT_WriteAPDPReg(AP reg 0x00, 0x80000002)
T04E4 000:404.045 - 0.257ms returns 0
T04E4 000:404.055 JLINK_CORESIGHT_WriteAPDPReg(AP reg 0x01, 0x80011120)
T04E4 000:404.358 - 0.303ms returns 0
T04E4 000:404.372 JLINK_CORESIGHT_WriteAPDPReg(AP reg 0x03, 0x0000038A)
T04E4 000:404.692 - 0.319ms returns 0
T04E4 000:404.706 JLINK_CORESIGHT_WriteAPDPReg(AP reg 0x00, 0x80000002)
T04E4 000:404.974 - 0.267ms returns 0
T04E4 000:404.987 JLINK_CORESIGHT_WriteAPDPReg(AP reg 0x01, 0x80011140)
T04E4 000:405.275 - 0.288ms returns 0
T04E4 000:405.286 JLINK_CORESIGHT_ReadAPDPReg(AP reg 0x03)
T04E4 000:405.619   Value=0x00000002
T04E4 000:405.631 - 0.344ms returns 0
T04E4 000:405.643 JLINK_CORESIGHT_ReadAPDPReg(AP reg 0x03)
T04E4 000:405.953   Value=0x00000002
T04E4 000:405.964 - 0.320ms returns 0
T04E4 000:405.976 JLINK_CORESIGHT_ReadAPDPReg(AP reg 0x03)
T04E4 000:406.287   Value=0x00000002
T04E4 000:406.300 - 0.325ms returns 0
T04E4 000:406.313 JLINK_CORESIGHT_ReadAPDPReg(AP reg 0x03)
T04E4 000:406.624   Value=0x00000002
T04E4 000:406.636 - 0.322ms returns 0
T04E4 000:406.648 JLINK_CORESIGHT_ReadAPDPReg(AP reg 0x03)
T04E4 000:406.934   Value=0x00000002
T04E4 000:406.946 - 0.297ms returns 0
T04E4 000:406.957 JLINK_CORESIGHT_ReadAPDPReg(AP reg 0x03)
T04E4 000:407.272   Value=0x00000002
T04E4 000:407.294 - 0.336ms returns 0
T04E4 000:407.315 JLINK_CORESIGHT_ReadAPDPReg(AP reg 0x03)
T04E4 000:407.617   Value=0x00000002
T04E4 000:407.630 - 0.315ms returns 0
T04E4 000:407.642 JLINK_CORESIGHT_ReadAPDPReg(AP reg 0x03)
T04E4 000:407.953   Value=0x00000002
T04E4 000:407.964 - 0.322ms returns 0
T04E4 000:407.975 JLINK_CORESIGHT_ReadAPDPReg(AP reg 0x03)
T04E4 000:408.314   Value=0x00000002
T04E4 000:408.325 - 0.349ms returns 0
T04E4 000:408.337 JLINK_CORESIGHT_ReadAPDPReg(AP reg 0x03)
T04E4 000:408.647   Value=0x00000000
T04E4 000:408.658 - 0.320ms returns 0
T04E4 000:408.672 JLINK_CORESIGHT_WriteAPDPReg(AP reg 0x00, 0x80000002)
T04E4 000:408.931 - 0.259ms returns 0
T04E4 000:408.945 JLINK_CORESIGHT_WriteAPDPReg(AP reg 0x01, 0x80011130)
T04E4 000:409.206 - 0.260ms returns 0
T04E4 000:409.219 JLINK_CORESIGHT_ReadAPDPReg(AP reg 0x03)
T04E4 000:409.538   Value=0x75020081
T04E4 000:409.549 - 0.330ms returns 0
T04E4 000:409.561 JLINK_CORESIGHT_WriteAPDPReg(AP reg 0x00, 0x80000002)
T04E4 000:409.826 - 0.265ms returns 0
T04E4 000:409.839 JLINK_CORESIGHT_WriteAPDPReg(AP reg 0x01, 0x80011140)
T04E4 000:410.106 - 0.266ms returns 0
T04E4 000:410.122 JLINK_CORESIGHT_ReadAPDPReg(AP reg 0x03)
T04E4 000:410.450   Value=0x00000000
T04E4 000:410.461 - 0.340ms returns 0
T04E4 000:410.474 JLINK_CORESIGHT_WriteAPDPReg(AP reg 0x00, 0x80000002)
T04E4 000:410.735 - 0.261ms returns 0
T04E4 000:410.748 JLINK_CORESIGHT_WriteAPDPReg(AP reg 0x01, 0x80011130)
T04E4 000:411.009 - 0.260ms returns 0
T04E4 000:411.021 JLINK_CORESIGHT_ReadAPDPReg(AP reg 0x03)
T04E4 000:411.348   Value=0x00038702
T04E4 000:411.371 - 0.349ms returns 0
T04E4 000:412.255 JLINK_CORESIGHT_WriteAPDPReg(AP reg 0x00, 0x80000002)
T04E4 000:412.573 - 0.317ms returns 0
T04E4 000:412.592 JLINK_CORESIGHT_WriteAPDPReg(AP reg 0x01, 0x80011140)
T04E4 000:412.882 - 0.290ms returns 0
T04E4 000:412.899 JLINK_CORESIGHT_ReadAPDPReg(AP reg 0x03)
T04E4 000:413.220   Value=0x00000002
T04E4 000:413.234 - 0.335ms returns 0
T04E4 000:413.244 JLINK_CORESIGHT_WriteAPDPReg(AP reg 0x00, 0x80000002)
T04E4 000:413.571 - 0.327ms returns 0
T04E4 000:413.582 JLINK_CORESIGHT_WriteAPDPReg(AP reg 0x01, 0x80011120)
T04E4 000:413.837 - 0.255ms returns 0
T04E4 000:413.847 JLINK_CORESIGHT_WriteAPDPReg(AP reg 0x03, 0x4F010001)
T04E4 000:414.103 - 0.256ms returns 0
T04E4 000:414.114 JLINK_CORESIGHT_WriteAPDPReg(AP reg 0x00, 0x80000002)
T04E4 000:414.367 - 0.253ms returns 0
T04E4 000:414.377 JLINK_CORESIGHT_WriteAPDPReg(AP reg 0x01, 0x80011140)
T04E4 000:414.616 - 0.238ms returns 0
T04E4 000:414.648 JLINK_CORESIGHT_ReadAPDPReg(AP reg 0x03)
T04E4 000:414.953   Value=0x00000002
T04E4 000:414.976 - 0.340ms returns 0
T04E4 000:414.990 JLINK_CORESIGHT_WriteAPDPReg(AP reg 0x00, 0x80000002)
T04E4 000:415.269 - 0.279ms returns 0
T04E4 000:415.289 JLINK_CORESIGHT_WriteAPDPReg(AP reg 0x01, 0x80011120)
T04E4 000:415.609 - 0.320ms returns 0
T04E4 000:415.627 JLINK_CORESIGHT_WriteAPDPReg(AP reg 0x03, 0x000003B0)
T04E4 000:415.892 - 0.264ms returns 0
T04E4 000:415.902 JLINK_CORESIGHT_WriteAPDPReg(AP reg 0x00, 0x80000002)
T04E4 000:416.258 - 0.355ms returns 0
T04E4 000:416.268 JLINK_CORESIGHT_WriteAPDPReg(AP reg 0x01, 0x80011140)
T04E4 000:416.569 - 0.301ms returns 0
T04E4 000:416.579 JLINK_CORESIGHT_ReadAPDPReg(AP reg 0x03)
T04E4 000:416.884   Value=0x00000002
T04E4 000:416.895 - 0.315ms returns 0
T04E4 000:416.904 JLINK_CORESIGHT_ReadAPDPReg(AP reg 0x03)
T04E4 000:417.208   Value=0x00000002
T04E4 000:417.219 - 0.315ms returns 0
T04E4 000:417.227 JLINK_CORESIGHT_ReadAPDPReg(AP reg 0x03)
T04E4 000:417.524   Value=0x00000002
T04E4 000:417.534 - 0.307ms returns 0
T04E4 000:417.543 JLINK_CORESIGHT_ReadAPDPReg(AP reg 0x03)
T04E4 000:417.824   Value=0x00000002
T04E4 000:417.834 - 0.291ms returns 0
T04E4 000:417.844 JLINK_CORESIGHT_ReadAPDPReg(AP reg 0x03)
T04E4 000:418.148   Value=0x00000000
T04E4 000:418.159 - 0.315ms returns 0
T04E4 000:418.234 JLINK_CORESIGHT_WriteAPDPReg(AP reg 0x00, 0x80000002)
T04E4 000:418.571 - 0.337ms returns 0
T04E4 000:418.591 JLINK_CORESIGHT_WriteAPDPReg(AP reg 0x01, 0x80011130)
T04E4 000:418.879 - 0.287ms returns 0
T04E4 000:418.897 JLINK_CORESIGHT_ReadAPDPReg(AP reg 0x03)
T04E4 000:419.226   Value=0x4F0B0081
T04E4 000:419.245 - 0.348ms returns 0
T04E4 000:419.258 JLINK_CORESIGHT_WriteAPDPReg(AP reg 0x00, 0x80000002)
T04E4 000:419.598 - 0.339ms returns 0
T04E4 000:419.620 JLINK_CORESIGHT_WriteAPDPReg(AP reg 0x01, 0x80011140)
T04E4 000:419.928 - 0.308ms returns 0
T04E4 000:419.948 JLINK_CORESIGHT_ReadAPDPReg(AP reg 0x03)
T04E4 000:420.289   Value=0x00000000
T04E4 000:420.309 - 0.360ms returns 0
T04E4 000:420.320 JLINK_CORESIGHT_WriteAPDPReg(AP reg 0x00, 0x80000002)
T04E4 000:420.613 - 0.293ms returns 0
T04E4 000:420.633 JLINK_CORESIGHT_WriteAPDPReg(AP reg 0x01, 0x80011130)
T04E4 000:420.961 - 0.328ms returns 0
T04E4 000:420.981 JLINK_CORESIGHT_ReadAPDPReg(AP reg 0x03)
T04E4 000:421.347   Value=0x20000000
T04E4 000:421.365 - 0.384ms returns 0
T04E4 000:421.377 JLINK_CORESIGHT_WriteAPDPReg(AP reg 0x00, 0x80000002)
T04E4 000:421.673 - 0.296ms returns 0
T04E4 000:421.693 JLINK_CORESIGHT_WriteAPDPReg(AP reg 0x01, 0x80011140)
T04E4 000:422.042 - 0.348ms returns 0
T04E4 000:422.063 JLINK_CORESIGHT_ReadAPDPReg(AP reg 0x03)
T04E4 000:422.493   Value=0x00000000
T04E4 000:422.512 - 0.448ms returns 0
T04E4 000:422.523 JLINK_CORESIGHT_WriteAPDPReg(AP reg 0x00, 0x80000002)
T04E4 000:422.837 - 0.314ms returns 0
T04E4 000:422.856 JLINK_CORESIGHT_WriteAPDPReg(AP reg 0x01, 0x80011130)
T04E4 000:423.150 - 0.293ms returns 0
T04E4 000:423.169 JLINK_CORESIGHT_ReadAPDPReg(AP reg 0x03)
T04E4 000:423.501   Value=0x00000000
T04E4 000:423.521 - 0.352ms returns 0
T04E4 000:423.532 JLINK_CORESIGHT_WriteAPDPReg(AP reg 0x00, 0x80000002)
T04E4 000:423.825 - 0.293ms returns 0
T04E4 000:423.844 JLINK_CORESIGHT_WriteAPDPReg(AP reg 0x01, 0x80011140)
T04E4 000:424.105 - 0.261ms returns 0
T04E4 000:424.118 JLINK_CORESIGHT_ReadAPDPReg(AP reg 0x03)
T04E4 000:424.451   Value=0x00000000
T04E4 000:424.463 - 0.344ms returns 0
T04E4 000:424.472 JLINK_CORESIGHT_WriteAPDPReg(AP reg 0x00, 0x80000002)
T04E4 000:424.717 - 0.245ms returns 0
T04E4 000:424.727 JLINK_CORESIGHT_WriteAPDPReg(AP reg 0x01, 0x80011130)
T04E4 000:424.975 - 0.248ms returns 0
T04E4 000:424.985 JLINK_CORESIGHT_ReadAPDPReg(AP reg 0x03)
T04E4 000:425.313   Value=0x03860000
T04E4 000:425.334 - 0.348ms returns 0
T04E4 000:425.487 JLINK_CORESIGHT_ReadAPDPReg(DP reg 0x01)
T04E4 000:425.770   Value=0xF0000F40
T04E4 000:425.791 - 0.304ms returns 0
T04E4 000:425.803 JLINK_CORESIGHT_WriteAPDPReg(DP reg 0x01, 0xA0000F40)
T04E4 000:426.142 - 0.339ms returns 0
T04E4 000:426.161 JLINK_CORESIGHT_ReadAPDPReg(DP reg 0x01)
T04E4 000:426.485   Value=0x00000F40
T04E4 000:426.502 - 0.340ms returns 0
T04E4 000:426.512 JLINK_ClrRESET()
T04E4 000:426.833 - 0.320ms 
T04E4 000:537.709 JLINK_Close()
T04E4 000:550.265 - 12.553ms
T04E4 000:550.363   
T04E4 000:550.394   Closed
