Extracting support files...
[ERROR] Toolchain configured for project is not currently available. Please add/enable toolchain through Renesas Toolchain Management or select a different toolchain for this project.
16:32:01 **** Incremental Build of configuration Debug for project lab0_aik_ra8d1_adc_usb_project ****
make -r -j8 all 
arm-none-eabi-size --format=berkeley "lab0_aik_ra8d1_adc_usb_project.elf"
   text	   data	    bss	    dec	    hex	filename
  27752	    568	  53284	  81604	  13ec4	lab0_aik_ra8d1_adc_usb_project.elf
